flow_info {
  key {
    src_address: "\001\002\003\004\000\000\000\000\000\000\000\000\000\000\000\000"
    dst_address: "\005\006\007\010\000\000\000\000\000\000\000\000\000\000\000\000"
    src_port: 111
    dst_port: 222
    proto: 6
    tenant_id: 10
    flow_start_time: 1388563200000000
    key_type: IPV6
  }
  start_time: 1388563200000000
  ip_info {
    last_cached_ttl: 8
    qos: 0
  }
  tcp_info {
    accumulated_flags {
      ack: 1
      cwr: 1
    }
    sequence_num: 7000
    ack_num: 0
    null_flags: 1
    syn_fin_rst_ack_all_zero: 1
    possible_sequence_num_guess: 1
    option_len_bins {
    }
  }
  flow_features {
    packet_count: 5
  }
  end_time: 1388563200000040
}
