flow_info {
  key {
    src_address: "i$&\376"
    dst_address: "\220\244fs"
    src_port: 16510
    dst_port: 16510
    proto: 6
    tenant_id: 10
    flow_start_time: 1388563200000000
    key_type: IPV4
  }
  start_time: 1388563200000000
  ip_info {
    last_cached_ttl: 8
    qos: 0
  }
  tcp_info {
    sequence_num: 0
    null_flags: 1
    syn_fin_rst_ack_all_zero: 1
    option_len_bins {
    }
  }
  flow_features {
    packet_count: 1
  }
  end_time: 1388563200000000
}
flow_info {
  key {
    src_address: "\311>\272\331"
    dst_address: "#\346\203i"
    src_port: 50708
    dst_port: 42344
    proto: 6
    tenant_id: 20
    flow_start_time: 1388563200058743
    key_type: IPV4
  }
  start_time: 1388563200058743
  ip_info {
    qos: 0
  }
  flow_features {
    packet_count: 1
  }
  end_time: 1388563200058743
}
flow_info {
  key {
    src_address: "\274.\t\303"
    dst_address: "\331\304\361\361"
    src_port: 44282
    dst_port: 40083
    proto: 6
    tenant_id: 30
    flow_start_time: 1388563200117486
    key_type: IPV4
  }
  start_time: 1388563200117486
  ip_info {
    last_cached_ttl: 8
    qos: 0
  }
  tcp_info {
    sequence_num: 20
    null_flags: 1
    syn_fin_rst_ack_all_zero: 1
    option_len_bins {
    }
  }
  flow_features {
    packet_count: 1
  }
  end_time: 1388563200117486
}
flow_info {
  key {
    src_address: "i$&\376"
    dst_address: "\313s#^"
    src_port: 38882
    dst_port: 11268
    proto: 6
    tenant_id: 10
    flow_start_time: 1388563200176229
    key_type: IPV4
  }
  start_time: 1388563200176229
  ip_info {
    qos: 0
  }
  flow_features {
    packet_count: 1
  }
  end_time: 1388563200176229
}
flow_info {
  key {
    src_address: "\311>\272\331"
    dst_address: "\000*\314f"
    src_port: 36962
    dst_port: 21865
    proto: 6
    tenant_id: 20
    flow_start_time: 1388563200234972
    key_type: IPV4
  }
  start_time: 1388563200234972
  ip_info {
    last_cached_ttl: 8
    qos: 0
  }
  tcp_info {
    sequence_num: 40
    null_flags: 1
    syn_fin_rst_ack_all_zero: 1
    option_len_bins {
    }
  }
  flow_features {
    packet_count: 1
  }
  end_time: 1388563200234972
}
flow_info {
  key {
    src_address: "\274.\t\303"
    dst_address: "\220\244fs"
    src_port: 58304
    dst_port: 50535
    proto: 6
    tenant_id: 30
    flow_start_time: 1388563200293715
    key_type: IPV4
  }
  start_time: 1388563200293715
  ip_info {
    qos: 0
  }
  flow_features {
    packet_count: 1
  }
  end_time: 1388563200293715
}
flow_info {
  key {
    src_address: "i$&\376"
    dst_address: "#\346\203i"
    src_port: 19037
    dst_port: 59078
    proto: 6
    tenant_id: 10
    flow_start_time: 1388563200352458
    key_type: IPV4
  }
  start_time: 1388563200352458
  ip_info {
    last_cached_ttl: 8
    qos: 0
  }
  tcp_info {
    sequence_num: 60
    null_flags: 1
    syn_fin_rst_ack_all_zero: 1
    option_len_bins {
    }
  }
  flow_features {
    packet_count: 1
  }
  end_time: 1388563200352458
}
flow_info {
  key {
    src_address: "\311>\272\331"
    dst_address: "\331\304\361\361"
    src_port: 16510
    dst_port: 57439
    proto: 6
    tenant_id: 20
    flow_start_time: 1388563200353458
    key_type: IPV4
  }
  start_time: 1388563200353458
  ip_info {
    qos: 0
  }
  flow_features {
    packet_count: 1
  }
  end_time: 1388563200353458
}
flow_info {
  key {
    src_address: "\274.\t\303"
    dst_address: "\313s#^"
    src_port: 50708
    dst_port: 6105
    proto: 6
    tenant_id: 30
    flow_start_time: 1388563200412201
    key_type: IPV4
  }
  start_time: 1388563200412201
  ip_info {
    last_cached_ttl: 8
    qos: 0
  }
  tcp_info {
    sequence_num: 80
    null_flags: 1
    syn_fin_rst_ack_all_zero: 1
    option_len_bins {
    }
  }
  flow_features {
    packet_count: 1
  }
  end_time: 1388563200412201
}
flow_info {
  key {
    src_address: "i$&\376"
    dst_address: "\000*\314f"
    src_port: 44282
    dst_port: 2637
    proto: 6
    tenant_id: 10
    flow_start_time: 1388563200470944
    key_type: IPV4
  }
  start_time: 1388563200470944
  ip_info {
    qos: 0
  }
  flow_features {
    packet_count: 1
  }
  end_time: 1388563200470944
}
flow_info {
  key {
    src_address: "\311>\272\331"
    dst_address: "\220\244fs"
    src_port: 38882
    dst_port: 29991
    proto: 6
    tenant_id: 20
    flow_start_time: 1388563200529687
    key_type: IPV4
  }
  start_time: 1388563200529687
  ip_info {
    last_cached_ttl: 8
    qos: 0
  }
  tcp_info {
    sequence_num: 100
    null_flags: 1
    syn_fin_rst_ack_all_zero: 1
    option_len_bins {
    }
  }
  flow_features {
    packet_count: 1
  }
  end_time: 1388563200529687
}
flow_info {
  key {
    src_address: "\274.\t\303"
    dst_address: "#\346\203i"
    src_port: 36962
    dst_port: 16510
    proto: 6
    tenant_id: 30
    flow_start_time: 1388563200588430
    key_type: IPV4
  }
  start_time: 1388563200588430
  ip_info {
    qos: 0
  }
  flow_features {
    packet_count: 1
  }
  end_time: 1388563200588430
}
flow_info {
  key {
    src_address: "i$&\376"
    dst_address: "\331\304\361\361"
    src_port: 58304
    dst_port: 42344
    proto: 6
    tenant_id: 10
    flow_start_time: 1388563200647173
    key_type: IPV4
  }
  start_time: 1388563200647173
  ip_info {
    last_cached_ttl: 8
    qos: 0
  }
  tcp_info {
    sequence_num: 120
    null_flags: 1
    syn_fin_rst_ack_all_zero: 1
    option_len_bins {
    }
  }
  flow_features {
    packet_count: 1
  }
  end_time: 1388563200647173
}
flow_info {
  key {
    src_address: "\311>\272\331"
    dst_address: "\313s#^"
    src_port: 19037
    dst_port: 40083
    proto: 6
    tenant_id: 20
    flow_start_time: 1388563200705916
    key_type: IPV4
  }
  start_time: 1388563200705916
  ip_info {
    qos: 0
  }
  flow_features {
    packet_count: 1
  }
  end_time: 1388563200705916
}
