flow_info {
  key {
    src_address: "+\0208n"
    dst_address: "pMA\206"
    src_port: 27287
    dst_port: 5078
    proto: 6
    tenant_id: 10
    flow_start_time: 1388563200000000
    key_type: IPV4
  }
  start_time: 1388563200000000
  ip_info {
    last_cached_ttl: 8
    qos: 0
  }
  tcp_info {
    sequence_num: 0
    null_flags: 1
    syn_fin_rst_ack_all_zero: 1
    option_len_bins {
    }
  }
  flow_features {
    packet_count: 1
  }
  end_time: 1388563200000000
}
flow_info {
  key {
    src_address: "\226\257H\007"
    dst_address: "\031\257b\n"
    src_port: 54064
    dst_port: 60293
    proto: 6
    tenant_id: 10
    flow_start_time: 1388563200014242
    key_type: IPV4
  }
  start_time: 1388563200014242
  ip_info {
    qos: 0
  }
  flow_features {
    packet_count: 1
  }
  end_time: 1388563200014242
}
flow_info {
  key {
    src_address: "b=\246\\"
    dst_address: "s\232\005\220"
    src_port: 2384
    dst_port: 39417
    proto: 6
    tenant_id: 10
    flow_start_time: 1388563200028484
    key_type: IPV4
  }
  start_time: 1388563200028484
  ip_info {
    last_cached_ttl: 8
    qos: 0
  }
  tcp_info {
    sequence_num: 20
    null_flags: 1
    syn_fin_rst_ack_all_zero: 1
    option_len_bins {
    }
  }
  flow_features {
    packet_count: 1
  }
  end_time: 1388563200028484
}
flow_info {
  key {
    src_address: "+\0208n"
    dst_address: "+\0208n"
    src_port: 63373
    dst_port: 44284
    proto: 6
    tenant_id: 10
    flow_start_time: 1388563200042726
    key_type: IPV4
  }
  start_time: 1388563200042726
  ip_info {
    qos: 0
  }
  flow_features {
    packet_count: 1
  }
  end_time: 1388563200042726
}
flow_info {
  key {
    src_address: "\226\257H\007"
    dst_address: "\250\355\226\336"
    src_port: 64793
    dst_port: 47835
    proto: 6
    tenant_id: 10
    flow_start_time: 1388563200056968
    key_type: IPV4
  }
  start_time: 1388563200056968
  ip_info {
    last_cached_ttl: 8
    qos: 0
  }
  tcp_info {
    sequence_num: 40
    null_flags: 1
    syn_fin_rst_ack_all_zero: 1
    option_len_bins {
    }
  }
  flow_features {
    packet_count: 1
  }
  end_time: 1388563200056968
}
flow_info {
  key {
    src_address: "b=\246\\"
    dst_address: "pMA\206"
    src_port: 6968
    dst_port: 64556
    proto: 6
    tenant_id: 10
    flow_start_time: 1388563200071210
    key_type: IPV4
  }
  start_time: 1388563200071210
  ip_info {
    qos: 0
  }
  flow_features {
    packet_count: 1
  }
  end_time: 1388563200071210
}
flow_info {
  key {
    src_address: "+\0208n"
    dst_address: "\031\257b\n"
    src_port: 51363
    dst_port: 2384
    proto: 6
    tenant_id: 10
    flow_start_time: 1388563200085452
    key_type: IPV4
  }
  start_time: 1388563200085452
  ip_info {
    last_cached_ttl: 8
    qos: 0
  }
  tcp_info {
    sequence_num: 60
    null_flags: 1
    syn_fin_rst_ack_all_zero: 1
    option_len_bins {
    }
  }
  flow_features {
    packet_count: 1
  }
  end_time: 1388563200085452
}
flow_info {
  key {
    src_address: "\226\257H\007"
    dst_address: "s\232\005\220"
    src_port: 27287
    dst_port: 18347
    proto: 6
    tenant_id: 10
    flow_start_time: 1388563200099694
    key_type: IPV4
  }
  start_time: 1388563200099694
  ip_info {
    qos: 0
  }
  flow_features {
    packet_count: 1
  }
  end_time: 1388563200099694
}
flow_info {
  key {
    src_address: "b=\246\\"
    dst_address: "+\0208n"
    src_port: 54064
    dst_port: 4702
    proto: 6
    tenant_id: 10
    flow_start_time: 1388563200100694
    key_type: IPV4
  }
  start_time: 1388563200100694
  ip_info {
    last_cached_ttl: 8
    qos: 0
  }
  tcp_info {
    sequence_num: 80
    null_flags: 1
    syn_fin_rst_ack_all_zero: 1
    option_len_bins {
    }
  }
  flow_features {
    packet_count: 1
  }
  end_time: 1388563200100694
}
flow_info {
  key {
    src_address: "+\0208n"
    dst_address: "\250\355\226\336"
    src_port: 2384
    dst_port: 31506
    proto: 6
    tenant_id: 10
    flow_start_time: 1388563200114936
    key_type: IPV4
  }
  start_time: 1388563200114936
  ip_info {
    qos: 0
  }
  flow_features {
    packet_count: 1
  }
  end_time: 1388563200114936
}
flow_info {
  key {
    src_address: "\226\257H\007"
    dst_address: "pMA\206"
    src_port: 63373
    dst_port: 51363
    proto: 6
    tenant_id: 10
    flow_start_time: 1388563200129178
    key_type: IPV4
  }
  start_time: 1388563200129178
  ip_info {
    last_cached_ttl: 8
    qos: 0
  }
  tcp_info {
    sequence_num: 100
    null_flags: 1
    syn_fin_rst_ack_all_zero: 1
    option_len_bins {
    }
  }
  flow_features {
    packet_count: 1
  }
  end_time: 1388563200129178
}
flow_info {
  key {
    src_address: "b=\246\\"
    dst_address: "\031\257b\n"
    src_port: 64793
    dst_port: 5078
    proto: 6
    tenant_id: 10
    flow_start_time: 1388563200143420
    key_type: IPV4
  }
  start_time: 1388563200143420
  ip_info {
    qos: 0
  }
  flow_features {
    packet_count: 1
  }
  end_time: 1388563200143420
}
flow_info {
  key {
    src_address: "+\0208n"
    dst_address: "s\232\005\220"
    src_port: 6968
    dst_port: 60293
    proto: 6
    tenant_id: 10
    flow_start_time: 1388563200157662
    key_type: IPV4
  }
  start_time: 1388563200157662
  ip_info {
    last_cached_ttl: 8
    qos: 0
  }
  tcp_info {
    sequence_num: 120
    null_flags: 1
    syn_fin_rst_ack_all_zero: 1
    option_len_bins {
    }
  }
  flow_features {
    packet_count: 1
  }
  end_time: 1388563200157662
}
flow_info {
  key {
    src_address: "\226\257H\007"
    dst_address: "+\0208n"
    src_port: 51363
    dst_port: 39417
    proto: 6
    tenant_id: 10
    flow_start_time: 1388563200171904
    key_type: IPV4
  }
  start_time: 1388563200171904
  ip_info {
    qos: 0
  }
  flow_features {
    packet_count: 1
  }
  end_time: 1388563200171904
}
flow_info {
  key {
    src_address: "b=\246\\"
    dst_address: "\250\355\226\336"
    src_port: 27287
    dst_port: 44284
    proto: 6
    tenant_id: 10
    flow_start_time: 1388563200186146
    key_type: IPV4
  }
  start_time: 1388563200186146
  ip_info {
    last_cached_ttl: 8
    qos: 0
  }
  tcp_info {
    sequence_num: 140
    null_flags: 1
    syn_fin_rst_ack_all_zero: 1
    option_len_bins {
    }
  }
  flow_features {
    packet_count: 1
  }
  end_time: 1388563200186146
}
flow_info {
  key {
    src_address: "+\0208n"
    dst_address: "pMA\206"
    src_port: 54064
    dst_port: 47835
    proto: 6
    tenant_id: 10
    flow_start_time: 1388563200200388
    key_type: IPV4
  }
  start_time: 1388563200200388
  ip_info {
    last_cached_ttl: 8
    qos: 0
  }
  tcp_info {
    sequence_num: 150
    null_flags: 1
    syn_fin_rst_ack_all_zero: 1
    option_len_bins {
    }
  }
  flow_features {
    packet_count: 1
  }
  end_time: 1388563200200388
}
flow_info {
  key {
    src_address: "\226\257H\007"
    dst_address: "\031\257b\n"
    src_port: 2384
    dst_port: 64556
    proto: 6
    tenant_id: 10
    flow_start_time: 1388563200201388
    key_type: IPV4
  }
  start_time: 1388563200201388
  ip_info {
    qos: 0
  }
  flow_features {
    packet_count: 1
  }
  end_time: 1388563200201388
}
flow_info {
  key {
    src_address: "b=\246\\"
    dst_address: "s\232\005\220"
    src_port: 63373
    dst_port: 2384
    proto: 6
    tenant_id: 10
    flow_start_time: 1388563200215630
    key_type: IPV4
  }
  start_time: 1388563200215630
  ip_info {
    last_cached_ttl: 8
    qos: 0
  }
  tcp_info {
    sequence_num: 170
    null_flags: 1
    syn_fin_rst_ack_all_zero: 1
    option_len_bins {
    }
  }
  flow_features {
    packet_count: 1
  }
  end_time: 1388563200215630
}
flow_info {
  key {
    src_address: "+\0208n"
    dst_address: "+\0208n"
    src_port: 64793
    dst_port: 18347
    proto: 6
    tenant_id: 10
    flow_start_time: 1388563200229872
    key_type: IPV4
  }
  start_time: 1388563200229872
  ip_info {
    qos: 0
  }
  flow_features {
    packet_count: 1
  }
  end_time: 1388563200229872
}
flow_info {
  key {
    src_address: "\226\257H\007"
    dst_address: "\250\355\226\336"
    src_port: 6968
    dst_port: 4702
    proto: 6
    tenant_id: 10
    flow_start_time: 1388563200244114
    key_type: IPV4
  }
  start_time: 1388563200244114
  ip_info {
    last_cached_ttl: 8
    qos: 0
  }
  tcp_info {
    sequence_num: 190
    null_flags: 1
    syn_fin_rst_ack_all_zero: 1
    option_len_bins {
    }
  }
  flow_features {
    packet_count: 1
  }
  end_time: 1388563200244114
}
flow_info {
  key {
    src_address: "b=\246\\"
    dst_address: "pMA\206"
    src_port: 51363
    dst_port: 31506
    proto: 6
    tenant_id: 10
    flow_start_time: 1388563200258356
    key_type: IPV4
  }
  start_time: 1388563200258356
  ip_info {
    qos: 0
  }
  flow_features {
    packet_count: 1
  }
  end_time: 1388563200258356
}
flow_info {
  key {
    src_address: "+\0208n"
    dst_address: "\031\257b\n"
    src_port: 27287
    dst_port: 51363
    proto: 6
    tenant_id: 10
    flow_start_time: 1388563200272598
    key_type: IPV4
  }
  start_time: 1388563200272598
  ip_info {
    last_cached_ttl: 8
    qos: 0
  }
  tcp_info {
    sequence_num: 210
    null_flags: 1
    syn_fin_rst_ack_all_zero: 1
    option_len_bins {
    }
  }
  flow_features {
    packet_count: 1
  }
  end_time: 1388563200272598
}
flow_info {
  key {
    src_address: "\226\257H\007"
    dst_address: "s\232\005\220"
    src_port: 54064
    dst_port: 5078
    proto: 6
    tenant_id: 10
    flow_start_time: 1388563200286840
    key_type: IPV4
  }
  start_time: 1388563200286840
  ip_info {
    qos: 0
  }
  flow_features {
    packet_count: 1
  }
  end_time: 1388563200286840
}
flow_info {
  key {
    src_address: "b=\246\\"
    dst_address: "+\0208n"
    src_port: 2384
    dst_port: 60293
    proto: 6
    tenant_id: 10
    flow_start_time: 1388563200301082
    key_type: IPV4
  }
  start_time: 1388563200301082
  ip_info {
    last_cached_ttl: 8
    qos: 0
  }
  tcp_info {
    sequence_num: 230
    null_flags: 1
    syn_fin_rst_ack_all_zero: 1
    option_len_bins {
    }
  }
  flow_features {
    packet_count: 1
  }
  end_time: 1388563200301082
}
flow_info {
  key {
    src_address: "+\0208n"
    dst_address: "\250\355\226\336"
    src_port: 63373
    dst_port: 39417
    proto: 6
    tenant_id: 10
    flow_start_time: 1388563200302082
    key_type: IPV4
  }
  start_time: 1388563200302082
  ip_info {
    qos: 0
  }
  flow_features {
    packet_count: 1
  }
  end_time: 1388563200302082
}
flow_info {
  key {
    src_address: "\226\257H\007"
    dst_address: "pMA\206"
    src_port: 64793
    dst_port: 44284
    proto: 6
    tenant_id: 10
    flow_start_time: 1388563200316324
    key_type: IPV4
  }
  start_time: 1388563200316324
  ip_info {
    last_cached_ttl: 8
    qos: 0
  }
  tcp_info {
    sequence_num: 250
    null_flags: 1
    syn_fin_rst_ack_all_zero: 1
    option_len_bins {
    }
  }
  flow_features {
    packet_count: 1
  }
  end_time: 1388563200316324
}
flow_info {
  key {
    src_address: "b=\246\\"
    dst_address: "\031\257b\n"
    src_port: 6968
    dst_port: 47835
    proto: 6
    tenant_id: 10
    flow_start_time: 1388563200330566
    key_type: IPV4
  }
  start_time: 1388563200330566
  ip_info {
    qos: 0
  }
  flow_features {
    packet_count: 1
  }
  end_time: 1388563200330566
}
flow_info {
  key {
    src_address: "+\0208n"
    dst_address: "s\232\005\220"
    src_port: 51363
    dst_port: 64556
    proto: 6
    tenant_id: 10
    flow_start_time: 1388563200344808
    key_type: IPV4
  }
  start_time: 1388563200344808
  ip_info {
    last_cached_ttl: 8
    qos: 0
  }
  tcp_info {
    sequence_num: 270
    null_flags: 1
    syn_fin_rst_ack_all_zero: 1
    option_len_bins {
    }
  }
  flow_features {
    packet_count: 1
  }
  end_time: 1388563200344808
}
flow_info {
  key {
    src_address: "\226\257H\007"
    dst_address: "+\0208n"
    src_port: 27287
    dst_port: 2384
    proto: 6
    tenant_id: 10
    flow_start_time: 1388563200359050
    key_type: IPV4
  }
  start_time: 1388563200359050
  ip_info {
    qos: 0
  }
  flow_features {
    packet_count: 1
  }
  end_time: 1388563200359050
}
flow_info {
  key {
    src_address: "b=\246\\"
    dst_address: "\250\355\226\336"
    src_port: 54064
    dst_port: 18347
    proto: 6
    tenant_id: 10
    flow_start_time: 1388563200373292
    key_type: IPV4
  }
  start_time: 1388563200373292
  ip_info {
    last_cached_ttl: 8
    qos: 0
  }
  tcp_info {
    sequence_num: 290
    null_flags: 1
    syn_fin_rst_ack_all_zero: 1
    option_len_bins {
    }
  }
  flow_features {
    packet_count: 1
  }
  end_time: 1388563200373292
}
flow_info {
  key {
    src_address: "+\0208n"
    dst_address: "pMA\206"
    src_port: 2384
    dst_port: 4702
    proto: 6
    tenant_id: 10
    flow_start_time: 1388563200387534
    key_type: IPV4
  }
  start_time: 1388563200387534
  ip_info {
    last_cached_ttl: 8
    qos: 0
  }
  tcp_info {
    sequence_num: 300
    null_flags: 1
    syn_fin_rst_ack_all_zero: 1
    option_len_bins {
    }
  }
  flow_features {
    packet_count: 1
  }
  end_time: 1388563200387534
}
flow_info {
  key {
    src_address: "\226\257H\007"
    dst_address: "\031\257b\n"
    src_port: 63373
    dst_port: 31506
    proto: 6
    tenant_id: 10
    flow_start_time: 1388563200401776
    key_type: IPV4
  }
  start_time: 1388563200401776
  ip_info {
    qos: 0
  }
  flow_features {
    packet_count: 1
  }
  end_time: 1388563200401776
}
flow_info {
  key {
    src_address: "b=\246\\"
    dst_address: "s\232\005\220"
    src_port: 64793
    dst_port: 51363
    proto: 6
    tenant_id: 10
    flow_start_time: 1388563200402776
    key_type: IPV4
  }
  start_time: 1388563200402776
  ip_info {
    last_cached_ttl: 8
    qos: 0
  }
  tcp_info {
    sequence_num: 320
    null_flags: 1
    syn_fin_rst_ack_all_zero: 1
    option_len_bins {
    }
  }
  flow_features {
    packet_count: 1
  }
  end_time: 1388563200402776
}
flow_info {
  key {
    src_address: "+\0208n"
    dst_address: "+\0208n"
    src_port: 6968
    dst_port: 5078
    proto: 6
    tenant_id: 10
    flow_start_time: 1388563200417018
    key_type: IPV4
  }
  start_time: 1388563200417018
  ip_info {
    qos: 0
  }
  flow_features {
    packet_count: 1
  }
  end_time: 1388563200417018
}
flow_info {
  key {
    src_address: "\226\257H\007"
    dst_address: "\250\355\226\336"
    src_port: 51363
    dst_port: 60293
    proto: 6
    tenant_id: 10
    flow_start_time: 1388563200431260
    key_type: IPV4
  }
  start_time: 1388563200431260
  ip_info {
    last_cached_ttl: 8
    qos: 0
  }
  tcp_info {
    sequence_num: 340
    null_flags: 1
    syn_fin_rst_ack_all_zero: 1
    option_len_bins {
    }
  }
  flow_features {
    packet_count: 1
  }
  end_time: 1388563200431260
}
flow_info {
  key {
    src_address: "b=\246\\"
    dst_address: "pMA\206"
    src_port: 27287
    dst_port: 39417
    proto: 6
    tenant_id: 10
    flow_start_time: 1388563200445502
    key_type: IPV4
  }
  start_time: 1388563200445502
  ip_info {
    qos: 0
  }
  flow_features {
    packet_count: 1
  }
  end_time: 1388563200445502
}
flow_info {
  key {
    src_address: "+\0208n"
    dst_address: "\031\257b\n"
    src_port: 54064
    dst_port: 44284
    proto: 6
    tenant_id: 10
    flow_start_time: 1388563200459744
    key_type: IPV4
  }
  start_time: 1388563200459744
  ip_info {
    last_cached_ttl: 8
    qos: 0
  }
  tcp_info {
    sequence_num: 360
    null_flags: 1
    syn_fin_rst_ack_all_zero: 1
    option_len_bins {
    }
  }
  flow_features {
    packet_count: 1
  }
  end_time: 1388563200459744
}
flow_info {
  key {
    src_address: "\226\257H\007"
    dst_address: "s\232\005\220"
    src_port: 2384
    dst_port: 47835
    proto: 6
    tenant_id: 10
    flow_start_time: 1388563200473986
    key_type: IPV4
  }
  start_time: 1388563200473986
  ip_info {
    qos: 0
  }
  flow_features {
    packet_count: 1
  }
  end_time: 1388563200473986
}
flow_info {
  key {
    src_address: "b=\246\\"
    dst_address: "+\0208n"
    src_port: 63373
    dst_port: 64556
    proto: 6
    tenant_id: 10
    flow_start_time: 1388563200488228
    key_type: IPV4
  }
  start_time: 1388563200488228
  ip_info {
    last_cached_ttl: 8
    qos: 0
  }
  tcp_info {
    sequence_num: 380
    null_flags: 1
    syn_fin_rst_ack_all_zero: 1
    option_len_bins {
    }
  }
  flow_features {
    packet_count: 1
  }
  end_time: 1388563200488228
}
flow_info {
  key {
    src_address: "+\0208n"
    dst_address: "\250\355\226\336"
    src_port: 64793
    dst_port: 2384
    proto: 6
    tenant_id: 10
    flow_start_time: 1388563200502470
    key_type: IPV4
  }
  start_time: 1388563200502470
  ip_info {
    qos: 0
  }
  flow_features {
    packet_count: 1
  }
  end_time: 1388563200502470
}
