flow_info {
  key {
    src_address: "c\341Ir"
    dst_address: "\026\317q\247"
    src_port: 64937
    dst_port: 30678
    proto: 6
    tenant_id: 10
    flow_start_time: 1388563200000000
    key_type: IPV4
  }
  start_time: 1388563200000000
  ip_info {
    last_cached_ttl: 8
    qos: 0
  }
  tcp_info {
    sequence_num: 0
    null_flags: 1
    syn_fin_rst_ack_all_zero: 1
    option_len_bins {
    }
  }
  flow_features {
    packet_count: 1
  }
  end_time: 1388563200000000
}
flow_info {
  key {
    src_address: "\222\306\"\214"
    dst_address: "\370\307\r/"
    src_port: 49612
    dst_port: 3050
    proto: 6
    tenant_id: 10
    flow_start_time: 1388563200001000
    key_type: IPV4
  }
  start_time: 1388563200001000
  ip_info {
    qos: 0
  }
  flow_features {
    packet_count: 1
  }
  end_time: 1388563200001000
}
flow_info {
  key {
    src_address: "\203\224\363\256"
    dst_address: "\002\354>\252"
    src_port: 2426
    dst_port: 1716
    proto: 6
    tenant_id: 10
    flow_start_time: 1388563200002000
    key_type: IPV4
  }
  start_time: 1388563200002000
  ip_info {
    last_cached_ttl: 8
    qos: 0
  }
  tcp_info {
    sequence_num: 20
    null_flags: 1
    syn_fin_rst_ack_all_zero: 1
    option_len_bins {
    }
  }
  flow_features {
    packet_count: 1
  }
  end_time: 1388563200002000
}
