flow_info {
  key {
    src_address: "6(a="
    dst_address: "\272v\327\010"
    src_port: 23877
    dst_port: 27398
    proto: 6
    tenant_id: 10
    flow_start_time: 1388563200000000
    key_type: IPV4
  }
  start_time: 1388563200000000
  ip_info {
    last_cached_ttl: 8
    qos: 0
  }
  tcp_info {
    sequence_num: 0
    null_flags: 1
    syn_fin_rst_ack_all_zero: 1
    option_len_bins {
    }
  }
  flow_features {
    packet_count: 1
  }
  end_time: 1388563200000000
}
flow_info {
  key {
    src_address: "\3250w\261"
    dst_address: "\017+\370g"
    src_port: 51710
    dst_port: 18044
    proto: 6
    tenant_id: 20
    flow_start_time: 1388563200079403
    key_type: IPV4
  }
  start_time: 1388563200079403
  ip_info {
    qos: 0
  }
  flow_features {
    packet_count: 1
  }
  end_time: 1388563200079403
}
flow_info {
  key {
    src_address: "\377\276\307\017"
    dst_address: "\241\334\366\026"
    src_port: 2875
    dst_port: 44101
    proto: 6
    tenant_id: 10
    flow_start_time: 1388563200158806
    key_type: IPV4
  }
  start_time: 1388563200158806
  ip_info {
    last_cached_ttl: 8
    qos: 0
  }
  tcp_info {
    sequence_num: 20
    null_flags: 1
    syn_fin_rst_ack_all_zero: 1
    option_len_bins {
    }
  }
  flow_features {
    packet_count: 1
  }
  end_time: 1388563200158806
}
flow_info {
  key {
    src_address: "6(a="
    dst_address: "\005\276\257\306"
    src_port: 9380
    dst_port: 36903
    proto: 6
    tenant_id: 20
    flow_start_time: 1388563200238209
    key_type: IPV4
  }
  start_time: 1388563200238209
  ip_info {
    qos: 0
  }
  flow_features {
    packet_count: 1
  }
  end_time: 1388563200238209
}
flow_info {
  key {
    src_address: "\3250w\261"
    dst_address: "\006U\\\276"
    src_port: 14832
    dst_port: 30530
    proto: 6
    tenant_id: 10
    flow_start_time: 1388563200317612
    key_type: IPV4
  }
  start_time: 1388563200317612
  ip_info {
    last_cached_ttl: 8
    qos: 0
  }
  tcp_info {
    sequence_num: 40
    null_flags: 1
    syn_fin_rst_ack_all_zero: 1
    option_len_bins {
    }
  }
  flow_features {
    packet_count: 1
  }
  end_time: 1388563200317612
}
flow_info {
  key {
    src_address: "\377\276\307\017"
    dst_address: "\272v\327\010"
    src_port: 36350
    dst_port: 50394
    proto: 6
    tenant_id: 20
    flow_start_time: 1388563200318612
    key_type: IPV4
  }
  start_time: 1388563200318612
  ip_info {
    qos: 0
  }
  flow_features {
    packet_count: 1
  }
  end_time: 1388563200318612
}
flow_info {
  key {
    src_address: "6(a="
    dst_address: "\017+\370g"
    src_port: 16117
    dst_port: 46220
    proto: 6
    tenant_id: 10
    flow_start_time: 1388563200398015
    key_type: IPV4
  }
  start_time: 1388563200398015
  ip_info {
    last_cached_ttl: 8
    qos: 0
  }
  tcp_info {
    sequence_num: 60
    null_flags: 1
    syn_fin_rst_ack_all_zero: 1
    option_len_bins {
    }
  }
  flow_features {
    packet_count: 1
  }
  end_time: 1388563200398015
}
flow_info {
  key {
    src_address: "\3250w\261"
    dst_address: "\241\334\366\026"
    src_port: 23877
    dst_port: 29499
    proto: 6
    tenant_id: 20
    flow_start_time: 1388563200477418
    key_type: IPV4
  }
  start_time: 1388563200477418
  ip_info {
    qos: 0
  }
  flow_features {
    packet_count: 1
  }
  end_time: 1388563200477418
}
flow_info {
  key {
    src_address: "\377\276\307\017"
    dst_address: "\005\276\257\306"
    src_port: 51710
    dst_port: 12691
    proto: 6
    tenant_id: 10
    flow_start_time: 1388563200556821
    key_type: IPV4
  }
  start_time: 1388563200556821
  ip_info {
    last_cached_ttl: 8
    qos: 0
  }
  tcp_info {
    sequence_num: 80
    null_flags: 1
    syn_fin_rst_ack_all_zero: 1
    option_len_bins {
    }
  }
  flow_features {
    packet_count: 1
  }
  end_time: 1388563200556821
}
flow_info {
  key {
    src_address: "6(a="
    dst_address: "\006U\\\276"
    src_port: 2875
    dst_port: 20066
    proto: 6
    tenant_id: 20
    flow_start_time: 1388563200636224
    key_type: IPV4
  }
  start_time: 1388563200636224
  ip_info {
    qos: 0
  }
  flow_features {
    packet_count: 1
  }
  end_time: 1388563200636224
}
flow_info {
  key {
    src_address: "\3250w\261"
    dst_address: "\272v\327\010"
    src_port: 9380
    dst_port: 36350
    proto: 6
    tenant_id: 10
    flow_start_time: 1388563200637224
    key_type: IPV4
  }
  start_time: 1388563200637224
  ip_info {
    last_cached_ttl: 8
    qos: 0
  }
  tcp_info {
    sequence_num: 100
    null_flags: 1
    syn_fin_rst_ack_all_zero: 1
    option_len_bins {
    }
  }
  flow_features {
    packet_count: 1
  }
  end_time: 1388563200637224
}
flow_info {
  key {
    src_address: "\377\276\307\017"
    dst_address: "\017+\370g"
    src_port: 14832
    dst_port: 27398
    proto: 6
    tenant_id: 20
    flow_start_time: 1388563200716627
    key_type: IPV4
  }
  start_time: 1388563200716627
  ip_info {
    qos: 0
  }
  flow_features {
    packet_count: 1
  }
  end_time: 1388563200716627
}
flow_info {
  key {
    src_address: "6(a="
    dst_address: "\241\334\366\026"
    src_port: 36350
    dst_port: 18044
    proto: 6
    tenant_id: 10
    flow_start_time: 1388563200796030
    key_type: IPV4
  }
  start_time: 1388563200796030
  ip_info {
    last_cached_ttl: 8
    qos: 0
  }
  tcp_info {
    sequence_num: 120
    null_flags: 1
    syn_fin_rst_ack_all_zero: 1
    option_len_bins {
    }
  }
  flow_features {
    packet_count: 1
  }
  end_time: 1388563200796030
}
flow_info {
  key {
    src_address: "\3250w\261"
    dst_address: "\005\276\257\306"
    src_port: 16117
    dst_port: 44101
    proto: 6
    tenant_id: 20
    flow_start_time: 1388563200875433
    key_type: IPV4
  }
  start_time: 1388563200875433
  ip_info {
    qos: 0
  }
  flow_features {
    packet_count: 1
  }
  end_time: 1388563200875433
}
flow_info {
  key {
    src_address: "\377\276\307\017"
    dst_address: "\006U\\\276"
    src_port: 23877
    dst_port: 36903
    proto: 6
    tenant_id: 10
    flow_start_time: 1388563200954836
    key_type: IPV4
  }
  start_time: 1388563200954836
  ip_info {
    last_cached_ttl: 8
    qos: 0
  }
  tcp_info {
    sequence_num: 140
    null_flags: 1
    syn_fin_rst_ack_all_zero: 1
    option_len_bins {
    }
  }
  flow_features {
    packet_count: 1
  }
  end_time: 1388563200954836
}
flow_info {
  key {
    src_address: "6(a="
    dst_address: "\272v\327\010"
    src_port: 51710
    dst_port: 30530
    proto: 6
    tenant_id: 20
    flow_start_time: 1388563200955836
    key_type: IPV4
  }
  start_time: 1388563200955836
  ip_info {
    qos: 0
  }
  flow_features {
    packet_count: 1
  }
  end_time: 1388563200955836
}
flow_info {
  key {
    src_address: "\3250w\261"
    dst_address: "\017+\370g"
    src_port: 2875
    dst_port: 50394
    proto: 6
    tenant_id: 10
    flow_start_time: 1388563201035239
    key_type: IPV4
  }
  start_time: 1388563201035239
  ip_info {
    last_cached_ttl: 8
    qos: 0
  }
  tcp_info {
    sequence_num: 160
    null_flags: 1
    syn_fin_rst_ack_all_zero: 1
    option_len_bins {
    }
  }
  flow_features {
    packet_count: 1
  }
  end_time: 1388563201035239
}
flow_info {
  key {
    src_address: "\377\276\307\017"
    dst_address: "\241\334\366\026"
    src_port: 9380
    dst_port: 46220
    proto: 6
    tenant_id: 20
    flow_start_time: 1388563201114642
    key_type: IPV4
  }
  start_time: 1388563201114642
  ip_info {
    qos: 0
  }
  flow_features {
    packet_count: 1
  }
  end_time: 1388563201114642
}
flow_info {
  key {
    src_address: "6(a="
    dst_address: "\005\276\257\306"
    src_port: 14832
    dst_port: 29499
    proto: 6
    tenant_id: 10
    flow_start_time: 1388563201194045
    key_type: IPV4
  }
  start_time: 1388563201194045
  ip_info {
    last_cached_ttl: 8
    qos: 0
  }
  tcp_info {
    sequence_num: 180
    null_flags: 1
    syn_fin_rst_ack_all_zero: 1
    option_len_bins {
    }
  }
  flow_features {
    packet_count: 1
  }
  end_time: 1388563201194045
}
flow_info {
  key {
    src_address: "\3250w\261"
    dst_address: "\006U\\\276"
    src_port: 36350
    dst_port: 12691
    proto: 6
    tenant_id: 20
    flow_start_time: 1388563201273448
    key_type: IPV4
  }
  start_time: 1388563201273448
  ip_info {
    qos: 0
  }
  flow_features {
    packet_count: 1
  }
  end_time: 1388563201273448
}
flow_info {
  key {
    src_address: "\377\276\307\017"
    dst_address: "\272v\327\010"
    src_port: 16117
    dst_port: 20066
    proto: 6
    tenant_id: 10
    flow_start_time: 1388563201274448
    key_type: IPV4
  }
  start_time: 1388563201274448
  ip_info {
    last_cached_ttl: 8
    qos: 0
  }
  tcp_info {
    sequence_num: 200
    null_flags: 1
    syn_fin_rst_ack_all_zero: 1
    option_len_bins {
    }
  }
  flow_features {
    packet_count: 1
  }
  end_time: 1388563201274448
}
flow_info {
  key {
    src_address: "6(a="
    dst_address: "\017+\370g"
    src_port: 23877
    dst_port: 36350
    proto: 6
    tenant_id: 20
    flow_start_time: 1388563201353851
    key_type: IPV4
  }
  start_time: 1388563201353851
  ip_info {
    qos: 0
  }
  flow_features {
    packet_count: 1
  }
  end_time: 1388563201353851
}
flow_info {
  key {
    src_address: "\3250w\261"
    dst_address: "\241\334\366\026"
    src_port: 51710
    dst_port: 27398
    proto: 6
    tenant_id: 10
    flow_start_time: 1388563201433254
    key_type: IPV4
  }
  start_time: 1388563201433254
  ip_info {
    last_cached_ttl: 8
    qos: 0
  }
  tcp_info {
    sequence_num: 220
    null_flags: 1
    syn_fin_rst_ack_all_zero: 1
    option_len_bins {
    }
  }
  flow_features {
    packet_count: 1
  }
  end_time: 1388563201433254
}
flow_info {
  key {
    src_address: "\377\276\307\017"
    dst_address: "\005\276\257\306"
    src_port: 2875
    dst_port: 18044
    proto: 6
    tenant_id: 20
    flow_start_time: 1388563201512657
    key_type: IPV4
  }
  start_time: 1388563201512657
  ip_info {
    qos: 0
  }
  flow_features {
    packet_count: 1
  }
  end_time: 1388563201512657
}
flow_info {
  key {
    src_address: "6(a="
    dst_address: "\006U\\\276"
    src_port: 9380
    dst_port: 44101
    proto: 6
    tenant_id: 10
    flow_start_time: 1388563201592060
    key_type: IPV4
  }
  start_time: 1388563201592060
  ip_info {
    last_cached_ttl: 8
    qos: 0
  }
  tcp_info {
    sequence_num: 240
    null_flags: 1
    syn_fin_rst_ack_all_zero: 1
    option_len_bins {
    }
  }
  flow_features {
    packet_count: 1
  }
  end_time: 1388563201592060
}
