flow_info {
  key {
    src_address: "\267 \236j"
    dst_address: "pZ\273|"
    src_port: 46870
    dst_port: 15357
    proto: 6
    tenant_id: 10
    flow_start_time: 1388563200000000
    key_type: IPV4
  }
  start_time: 1388563200000000
  ip_info {
    last_cached_ttl: 8
    qos: 0
  }
  tcp_info {
    sequence_num: 0
    null_flags: 1
    syn_fin_rst_ack_all_zero: 1
    option_len_bins {
    }
  }
  flow_features {
    packet_count: 1
  }
  end_time: 1388563200000000
}
flow_info {
  key {
    src_address: "lD\t\301"
    dst_address: "\304\317\177X"
    src_port: 49041
    dst_port: 28036
    proto: 6
    tenant_id: 10
    flow_start_time: 1388563200037843
    key_type: IPV4
  }
  start_time: 1388563200037843
  ip_info {
    qos: 0
  }
  flow_features {
    packet_count: 1
  }
  end_time: 1388563200037843
}
flow_info {
  key {
    src_address: "\242aK\036"
    dst_address: ".\376\021\230"
    src_port: 59853
    dst_port: 4831
    proto: 6
    tenant_id: 10
    flow_start_time: 1388563200075686
    key_type: IPV4
  }
  start_time: 1388563200075686
  ip_info {
    last_cached_ttl: 8
    qos: 0
  }
  tcp_info {
    sequence_num: 20
    null_flags: 1
    syn_fin_rst_ack_all_zero: 1
    option_len_bins {
    }
  }
  flow_features {
    packet_count: 1
  }
  end_time: 1388563200075686
}
flow_info {
  key {
    src_address: "\267 \236j"
    dst_address: "\217\276\033\243"
    src_port: 28195
    dst_port: 27354
    proto: 6
    tenant_id: 10
    flow_start_time: 1388563200113529
    key_type: IPV4
  }
  start_time: 1388563200113529
  ip_info {
    qos: 0
  }
  flow_features {
    packet_count: 1
  }
  end_time: 1388563200113529
}
flow_info {
  key {
    src_address: "lD\t\301"
    dst_address: "@\303\263)"
    src_port: 10448
    dst_port: 27732
    proto: 6
    tenant_id: 10
    flow_start_time: 1388563200151372
    key_type: IPV4
  }
  start_time: 1388563200151372
  ip_info {
    last_cached_ttl: 8
    qos: 0
  }
  tcp_info {
    sequence_num: 40
    null_flags: 1
    syn_fin_rst_ack_all_zero: 1
    option_len_bins {
    }
  }
  flow_features {
    packet_count: 1
  }
  end_time: 1388563200151372
}
flow_info {
  key {
    src_address: "\242aK\036"
    dst_address: "pZ\273|"
    src_port: 6516
    dst_port: 32098
    proto: 6
    tenant_id: 10
    flow_start_time: 1388563200152372
    key_type: IPV4
  }
  start_time: 1388563200152372
  ip_info {
    qos: 0
  }
  flow_features {
    packet_count: 1
  }
  end_time: 1388563200152372
}
flow_info {
  key {
    src_address: "\267 \236j"
    dst_address: "\304\317\177X"
    src_port: 46469
    dst_port: 40913
    proto: 6
    tenant_id: 10
    flow_start_time: 1388563200190215
    key_type: IPV4
  }
  start_time: 1388563200190215
  ip_info {
    last_cached_ttl: 8
    qos: 0
  }
  tcp_info {
    sequence_num: 60
    null_flags: 1
    syn_fin_rst_ack_all_zero: 1
    option_len_bins {
    }
  }
  flow_features {
    packet_count: 1
  }
  end_time: 1388563200190215
}
flow_info {
  key {
    src_address: "lD\t\301"
    dst_address: ".\376\021\230"
    src_port: 46870
    dst_port: 8384
    proto: 6
    tenant_id: 10
    flow_start_time: 1388563200228058
    key_type: IPV4
  }
  start_time: 1388563200228058
  ip_info {
    qos: 0
  }
  flow_features {
    packet_count: 1
  }
  end_time: 1388563200228058
}
flow_info {
  key {
    src_address: "\242aK\036"
    dst_address: "\217\276\033\243"
    src_port: 49041
    dst_port: 14282
    proto: 6
    tenant_id: 10
    flow_start_time: 1388563200265901
    key_type: IPV4
  }
  start_time: 1388563200265901
  ip_info {
    last_cached_ttl: 8
    qos: 0
  }
  tcp_info {
    sequence_num: 80
    null_flags: 1
    syn_fin_rst_ack_all_zero: 1
    option_len_bins {
    }
  }
  flow_features {
    packet_count: 1
  }
  end_time: 1388563200265901
}
flow_info {
  key {
    src_address: "\267 \236j"
    dst_address: "@\303\263)"
    src_port: 59853
    dst_port: 59853
    proto: 6
    tenant_id: 10
    flow_start_time: 1388563200303744
    key_type: IPV4
  }
  start_time: 1388563200303744
  ip_info {
    qos: 0
  }
  flow_features {
    packet_count: 1
  }
  end_time: 1388563200303744
}
