flow_info {
  key {
    src_address: "\030\223KH"
    dst_address: "\217g\262\314"
    src_port: 11919
    dst_port: 40819
    proto: 6
    tenant_id: 10
    flow_start_time: 1388563200000000
    key_type: IPV4
  }
  start_time: 1388563200000000
  ip_info {
    last_cached_ttl: 8
    qos: 0
  }
  tcp_info {
    sequence_num: 0
    null_flags: 1
    syn_fin_rst_ack_all_zero: 1
    option_len_bins {
    }
  }
  flow_features {
    packet_count: 1
  }
  end_time: 1388563200000000
}
flow_info {
  key {
    src_address: "\324\026\254P"
    dst_address: "\007\244\2408"
    src_port: 20357
    dst_port: 11637
    proto: 6
    tenant_id: 10
    flow_start_time: 1388563200073687
    key_type: IPV4
  }
  start_time: 1388563200073687
  ip_info {
    qos: 0
  }
  flow_features {
    packet_count: 1
  }
  end_time: 1388563200073687
}
flow_info {
  key {
    src_address: "\254\241\333\364"
    dst_address: "\030\223KH"
    src_port: 14772
    dst_port: 37760
    proto: 6
    tenant_id: 10
    flow_start_time: 1388563200147374
    key_type: IPV4
  }
  start_time: 1388563200147374
  ip_info {
    last_cached_ttl: 8
    qos: 0
  }
  tcp_info {
    sequence_num: 20
    null_flags: 1
    syn_fin_rst_ack_all_zero: 1
    option_len_bins {
    }
  }
  flow_features {
    packet_count: 1
  }
  end_time: 1388563200147374
}
flow_info {
  key {
    src_address: "\030\223KH"
    dst_address: "&\237\343\261"
    src_port: 13138
    dst_port: 52684
    proto: 6
    tenant_id: 10
    flow_start_time: 1388563200221061
    key_type: IPV4
  }
  start_time: 1388563200221061
  ip_info {
    qos: 0
  }
  flow_features {
    packet_count: 1
  }
  end_time: 1388563200221061
}
flow_info {
  key {
    src_address: "\324\026\254P"
    dst_address: "&\362\"."
    src_port: 13103
    dst_port: 13103
    proto: 6
    tenant_id: 10
    flow_start_time: 1388563200294748
    key_type: IPV4
  }
  start_time: 1388563200294748
  ip_info {
    last_cached_ttl: 8
    qos: 0
  }
  tcp_info {
    sequence_num: 40
    null_flags: 1
    syn_fin_rst_ack_all_zero: 1
    option_len_bins {
    }
  }
  flow_features {
    packet_count: 1
  }
  end_time: 1388563200294748
}
flow_info {
  key {
    src_address: "\254\241\333\364"
    dst_address: "\217g\262\314"
    src_port: 24109
    dst_port: 18090
    proto: 6
    tenant_id: 10
    flow_start_time: 1388563200368435
    key_type: IPV4
  }
  start_time: 1388563200368435
  ip_info {
    qos: 0
  }
  flow_features {
    packet_count: 1
  }
  end_time: 1388563200368435
}
flow_info {
  key {
    src_address: "\030\223KH"
    dst_address: "\007\244\2408"
    src_port: 32722
    dst_port: 13138
    proto: 6
    tenant_id: 10
    flow_start_time: 1388563200442122
    key_type: IPV4
  }
  start_time: 1388563200442122
  ip_info {
    last_cached_ttl: 8
    qos: 0
  }
  tcp_info {
    sequence_num: 60
    null_flags: 1
    syn_fin_rst_ack_all_zero: 1
    option_len_bins {
    }
  }
  flow_features {
    packet_count: 1
  }
  end_time: 1388563200442122
}
flow_info {
  key {
    src_address: "\324\026\254P"
    dst_address: "\030\223KH"
    src_port: 11919
    dst_port: 55128
    proto: 6
    tenant_id: 10
    flow_start_time: 1388563200443122
    key_type: IPV4
  }
  start_time: 1388563200443122
  ip_info {
    qos: 0
  }
  flow_features {
    packet_count: 1
  }
  end_time: 1388563200443122
}
flow_info {
  key {
    src_address: "\254\241\333\364"
    dst_address: "&\237\343\261"
    src_port: 20357
    dst_port: 14109
    proto: 6
    tenant_id: 10
    flow_start_time: 1388563200516809
    key_type: IPV4
  }
  start_time: 1388563200516809
  ip_info {
    last_cached_ttl: 8
    qos: 0
  }
  tcp_info {
    sequence_num: 80
    null_flags: 1
    syn_fin_rst_ack_all_zero: 1
    option_len_bins {
    }
  }
  flow_features {
    packet_count: 1
  }
  end_time: 1388563200516809
}
flow_info {
  key {
    src_address: "\030\223KH"
    dst_address: "&\362\"."
    src_port: 14772
    dst_port: 25351
    proto: 6
    tenant_id: 10
    flow_start_time: 1388563200590496
    key_type: IPV4
  }
  start_time: 1388563200590496
  ip_info {
    qos: 0
  }
  flow_features {
    packet_count: 1
  }
  end_time: 1388563200590496
}
flow_info {
  key {
    src_address: "\324\026\254P"
    dst_address: "\217g\262\314"
    src_port: 13138
    dst_port: 52127
    proto: 6
    tenant_id: 10
    flow_start_time: 1388563200664183
    key_type: IPV4
  }
  start_time: 1388563200664183
  ip_info {
    last_cached_ttl: 8
    qos: 0
  }
  tcp_info {
    sequence_num: 100
    null_flags: 1
    syn_fin_rst_ack_all_zero: 1
    option_len_bins {
    }
  }
  flow_features {
    packet_count: 1
  }
  end_time: 1388563200664183
}
flow_info {
  key {
    src_address: "\254\241\333\364"
    dst_address: "\007\244\2408"
    src_port: 13103
    dst_port: 40819
    proto: 6
    tenant_id: 10
    flow_start_time: 1388563200737870
    key_type: IPV4
  }
  start_time: 1388563200737870
  ip_info {
    qos: 0
  }
  flow_features {
    packet_count: 1
  }
  end_time: 1388563200737870
}
flow_info {
  key {
    src_address: "\030\223KH"
    dst_address: "\030\223KH"
    src_port: 24109
    dst_port: 11637
    proto: 6
    tenant_id: 10
    flow_start_time: 1388563200811557
    key_type: IPV4
  }
  start_time: 1388563200811557
  ip_info {
    last_cached_ttl: 8
    qos: 0
  }
  tcp_info {
    sequence_num: 120
    null_flags: 1
    syn_fin_rst_ack_all_zero: 1
    option_len_bins {
    }
  }
  flow_features {
    packet_count: 1
  }
  end_time: 1388563200811557
}
flow_info {
  key {
    src_address: "\324\026\254P"
    dst_address: "&\237\343\261"
    src_port: 32722
    dst_port: 37760
    proto: 6
    tenant_id: 10
    flow_start_time: 1388563200885244
    key_type: IPV4
  }
  start_time: 1388563200885244
  ip_info {
    qos: 0
  }
  flow_features {
    packet_count: 1
  }
  end_time: 1388563200885244
}
flow_info {
  key {
    src_address: "\254\241\333\364"
    dst_address: "&\362\"."
    src_port: 11919
    dst_port: 52684
    proto: 6
    tenant_id: 10
    flow_start_time: 1388563200886244
    key_type: IPV4
  }
  start_time: 1388563200886244
  ip_info {
    last_cached_ttl: 8
    qos: 0
  }
  tcp_info {
    sequence_num: 140
    null_flags: 1
    syn_fin_rst_ack_all_zero: 1
    option_len_bins {
    }
  }
  flow_features {
    packet_count: 1
  }
  end_time: 1388563200886244
}
flow_info {
  key {
    src_address: "\030\223KH"
    dst_address: "\217g\262\314"
    src_port: 20357
    dst_port: 13103
    proto: 6
    tenant_id: 10
    flow_start_time: 1388563200959931
    key_type: IPV4
  }
  start_time: 1388563200959931
  ip_info {
    last_cached_ttl: 8
    qos: 0
  }
  tcp_info {
    sequence_num: 150
    null_flags: 1
    syn_fin_rst_ack_all_zero: 1
    option_len_bins {
    }
  }
  flow_features {
    packet_count: 1
  }
  end_time: 1388563200959931
}
flow_info {
  key {
    src_address: "\324\026\254P"
    dst_address: "\007\244\2408"
    src_port: 14772
    dst_port: 18090
    proto: 6
    tenant_id: 10
    flow_start_time: 1388563201033618
    key_type: IPV4
  }
  start_time: 1388563201033618
  ip_info {
    qos: 0
  }
  flow_features {
    packet_count: 1
  }
  end_time: 1388563201033618
}
flow_info {
  key {
    src_address: "\254\241\333\364"
    dst_address: "\030\223KH"
    src_port: 13138
    dst_port: 13138
    proto: 6
    tenant_id: 10
    flow_start_time: 1388563201107305
    key_type: IPV4
  }
  start_time: 1388563201107305
  ip_info {
    last_cached_ttl: 8
    qos: 0
  }
  tcp_info {
    sequence_num: 170
    null_flags: 1
    syn_fin_rst_ack_all_zero: 1
    option_len_bins {
    }
  }
  flow_features {
    packet_count: 1
  }
  end_time: 1388563201107305
}
flow_info {
  key {
    src_address: "\030\223KH"
    dst_address: "&\237\343\261"
    src_port: 13103
    dst_port: 55128
    proto: 6
    tenant_id: 10
    flow_start_time: 1388563201180992
    key_type: IPV4
  }
  start_time: 1388563201180992
  ip_info {
    qos: 0
  }
  flow_features {
    packet_count: 1
  }
  end_time: 1388563201180992
}
flow_info {
  key {
    src_address: "\324\026\254P"
    dst_address: "&\362\"."
    src_port: 24109
    dst_port: 14109
    proto: 6
    tenant_id: 10
    flow_start_time: 1388563201254679
    key_type: IPV4
  }
  start_time: 1388563201254679
  ip_info {
    last_cached_ttl: 8
    qos: 0
  }
  tcp_info {
    sequence_num: 190
    null_flags: 1
    syn_fin_rst_ack_all_zero: 1
    option_len_bins {
    }
  }
  flow_features {
    packet_count: 1
  }
  end_time: 1388563201254679
}
flow_info {
  key {
    src_address: "\254\241\333\364"
    dst_address: "\217g\262\314"
    src_port: 32722
    dst_port: 25351
    proto: 6
    tenant_id: 10
    flow_start_time: 1388563201328366
    key_type: IPV4
  }
  start_time: 1388563201328366
  ip_info {
    qos: 0
  }
  flow_features {
    packet_count: 1
  }
  end_time: 1388563201328366
}
flow_info {
  key {
    src_address: "\030\223KH"
    dst_address: "\007\244\2408"
    src_port: 11919
    dst_port: 52127
    proto: 6
    tenant_id: 10
    flow_start_time: 1388563201329366
    key_type: IPV4
  }
  start_time: 1388563201329366
  ip_info {
    last_cached_ttl: 8
    qos: 0
  }
  tcp_info {
    sequence_num: 210
    null_flags: 1
    syn_fin_rst_ack_all_zero: 1
    option_len_bins {
    }
  }
  flow_features {
    packet_count: 1
  }
  end_time: 1388563201329366
}
flow_info {
  key {
    src_address: "\324\026\254P"
    dst_address: "\030\223KH"
    src_port: 20357
    dst_port: 40819
    proto: 6
    tenant_id: 10
    flow_start_time: 1388563201403053
    key_type: IPV4
  }
  start_time: 1388563201403053
  ip_info {
    qos: 0
  }
  flow_features {
    packet_count: 1
  }
  end_time: 1388563201403053
}
flow_info {
  key {
    src_address: "\254\241\333\364"
    dst_address: "&\237\343\261"
    src_port: 14772
    dst_port: 11637
    proto: 6
    tenant_id: 10
    flow_start_time: 1388563201476740
    key_type: IPV4
  }
  start_time: 1388563201476740
  ip_info {
    last_cached_ttl: 8
    qos: 0
  }
  tcp_info {
    sequence_num: 230
    null_flags: 1
    syn_fin_rst_ack_all_zero: 1
    option_len_bins {
    }
  }
  flow_features {
    packet_count: 1
  }
  end_time: 1388563201476740
}
flow_info {
  key {
    src_address: "\030\223KH"
    dst_address: "&\362\"."
    src_port: 13138
    dst_port: 37760
    proto: 6
    tenant_id: 10
    flow_start_time: 1388563201550427
    key_type: IPV4
  }
  start_time: 1388563201550427
  ip_info {
    qos: 0
  }
  flow_features {
    packet_count: 1
  }
  end_time: 1388563201550427
}
flow_info {
  key {
    src_address: "\324\026\254P"
    dst_address: "\217g\262\314"
    src_port: 13103
    dst_port: 52684
    proto: 6
    tenant_id: 10
    flow_start_time: 1388563201624114
    key_type: IPV4
  }
  start_time: 1388563201624114
  ip_info {
    last_cached_ttl: 8
    qos: 0
  }
  tcp_info {
    sequence_num: 250
    null_flags: 1
    syn_fin_rst_ack_all_zero: 1
    option_len_bins {
    }
  }
  flow_features {
    packet_count: 1
  }
  end_time: 1388563201624114
}
flow_info {
  key {
    src_address: "\254\241\333\364"
    dst_address: "\007\244\2408"
    src_port: 24109
    dst_port: 13103
    proto: 6
    tenant_id: 10
    flow_start_time: 1388563201697801
    key_type: IPV4
  }
  start_time: 1388563201697801
  ip_info {
    qos: 0
  }
  flow_features {
    packet_count: 1
  }
  end_time: 1388563201697801
}
flow_info {
  key {
    src_address: "\030\223KH"
    dst_address: "\030\223KH"
    src_port: 32722
    dst_port: 18090
    proto: 6
    tenant_id: 10
    flow_start_time: 1388563201771488
    key_type: IPV4
  }
  start_time: 1388563201771488
  ip_info {
    last_cached_ttl: 8
    qos: 0
  }
  tcp_info {
    sequence_num: 270
    null_flags: 1
    syn_fin_rst_ack_all_zero: 1
    option_len_bins {
    }
  }
  flow_features {
    packet_count: 1
  }
  end_time: 1388563201771488
}
flow_info {
  key {
    src_address: "\324\026\254P"
    dst_address: "&\237\343\261"
    src_port: 11919
    dst_port: 13138
    proto: 6
    tenant_id: 10
    flow_start_time: 1388563201772488
    key_type: IPV4
  }
  start_time: 1388563201772488
  ip_info {
    qos: 0
  }
  flow_features {
    packet_count: 1
  }
  end_time: 1388563201772488
}
flow_info {
  key {
    src_address: "\254\241\333\364"
    dst_address: "&\362\"."
    src_port: 20357
    dst_port: 55128
    proto: 6
    tenant_id: 10
    flow_start_time: 1388563201846175
    key_type: IPV4
  }
  start_time: 1388563201846175
  ip_info {
    last_cached_ttl: 8
    qos: 0
  }
  tcp_info {
    sequence_num: 290
    null_flags: 1
    syn_fin_rst_ack_all_zero: 1
    option_len_bins {
    }
  }
  flow_features {
    packet_count: 1
  }
  end_time: 1388563201846175
}
flow_info {
  key {
    src_address: "\030\223KH"
    dst_address: "\217g\262\314"
    src_port: 14772
    dst_port: 14109
    proto: 6
    tenant_id: 10
    flow_start_time: 1388563201919862
    key_type: IPV4
  }
  start_time: 1388563201919862
  ip_info {
    last_cached_ttl: 8
    qos: 0
  }
  tcp_info {
    sequence_num: 300
    null_flags: 1
    syn_fin_rst_ack_all_zero: 1
    option_len_bins {
    }
  }
  flow_features {
    packet_count: 1
  }
  end_time: 1388563201919862
}
flow_info {
  key {
    src_address: "\324\026\254P"
    dst_address: "\007\244\2408"
    src_port: 13138
    dst_port: 25351
    proto: 6
    tenant_id: 10
    flow_start_time: 1388563201993549
    key_type: IPV4
  }
  start_time: 1388563201993549
  ip_info {
    qos: 0
  }
  flow_features {
    packet_count: 1
  }
  end_time: 1388563201993549
}
flow_info {
  key {
    src_address: "\254\241\333\364"
    dst_address: "\030\223KH"
    src_port: 13103
    dst_port: 52127
    proto: 6
    tenant_id: 10
    flow_start_time: 1388563202067236
    key_type: IPV4
  }
  start_time: 1388563202067236
  ip_info {
    last_cached_ttl: 8
    qos: 0
  }
  tcp_info {
    sequence_num: 320
    null_flags: 1
    syn_fin_rst_ack_all_zero: 1
    option_len_bins {
    }
  }
  flow_features {
    packet_count: 1
  }
  end_time: 1388563202067236
}
flow_info {
  key {
    src_address: "\030\223KH"
    dst_address: "&\237\343\261"
    src_port: 24109
    dst_port: 40819
    proto: 6
    tenant_id: 10
    flow_start_time: 1388563202140923
    key_type: IPV4
  }
  start_time: 1388563202140923
  ip_info {
    qos: 0
  }
  flow_features {
    packet_count: 1
  }
  end_time: 1388563202140923
}
flow_info {
  key {
    src_address: "\324\026\254P"
    dst_address: "&\362\"."
    src_port: 32722
    dst_port: 11637
    proto: 6
    tenant_id: 10
    flow_start_time: 1388563202214610
    key_type: IPV4
  }
  start_time: 1388563202214610
  ip_info {
    last_cached_ttl: 8
    qos: 0
  }
  tcp_info {
    sequence_num: 340
    null_flags: 1
    syn_fin_rst_ack_all_zero: 1
    option_len_bins {
    }
  }
  flow_features {
    packet_count: 1
  }
  end_time: 1388563202214610
}
