flow_info {
  key {
    src_address: "\275\353\215\272"
    dst_address: "=%\234\220"
    src_port: 29775
    dst_port: 34299
    proto: 6
    tenant_id: 10
    flow_start_time: 1388563200000000
    key_type: IPV4
  }
  start_time: 1388563200000000
  ip_info {
    last_cached_ttl: 8
    qos: 0
  }
  tcp_info {
    sequence_num: 0
    null_flags: 1
    syn_fin_rst_ack_all_zero: 1
    option_len_bins {
    }
  }
  flow_features {
    packet_count: 1
  }
  end_time: 1388563200000000
}
flow_info {
  key {
    src_address: "G\357`\342"
    dst_address: "\0234L\333"
    src_port: 44191
    dst_port: 45351
    proto: 6
    tenant_id: 10
    flow_start_time: 1388563200018174
    key_type: IPV4
  }
  start_time: 1388563200018174
  ip_info {
    qos: 0
  }
  flow_features {
    packet_count: 1
  }
  end_time: 1388563200018174
}
flow_info {
  key {
    src_address: "\364\016\025\356"
    dst_address: "L\224\373\367"
    src_port: 53802
    dst_port: 33704
    proto: 6
    tenant_id: 10
    flow_start_time: 1388563200019174
    key_type: IPV4
  }
  start_time: 1388563200019174
  ip_info {
    last_cached_ttl: 8
    qos: 0
  }
  tcp_info {
    sequence_num: 20
    null_flags: 1
    syn_fin_rst_ack_all_zero: 1
    option_len_bins {
    }
  }
  flow_features {
    packet_count: 1
  }
  end_time: 1388563200019174
}
flow_info {
  key {
    src_address: "\275\353\215\272"
    dst_address: "\304\264?\262"
    src_port: 28363
    dst_port: 28363
    proto: 6
    tenant_id: 10
    flow_start_time: 1388563200037348
    key_type: IPV4
  }
  start_time: 1388563200037348
  ip_info {
    qos: 0
  }
  flow_features {
    packet_count: 1
  }
  end_time: 1388563200037348
}
flow_info {
  key {
    src_address: "G\357`\342"
    dst_address: "*\211\262\306"
    src_port: 33331
    dst_port: 50554
    proto: 6
    tenant_id: 10
    flow_start_time: 1388563200038348
    key_type: IPV4
  }
  start_time: 1388563200038348
  ip_info {
    last_cached_ttl: 8
    qos: 0
  }
  tcp_info {
    sequence_num: 40
    null_flags: 1
    syn_fin_rst_ack_all_zero: 1
    option_len_bins {
    }
  }
  flow_features {
    packet_count: 1
  }
  end_time: 1388563200038348
}
flow_info {
  key {
    src_address: "\364\016\025\356"
    dst_address: "=%\234\220"
    src_port: 47982
    dst_port: 45458
    proto: 6
    tenant_id: 10
    flow_start_time: 1388563200056522
    key_type: IPV4
  }
  start_time: 1388563200056522
  ip_info {
    qos: 0
  }
  flow_features {
    packet_count: 1
  }
  end_time: 1388563200056522
}
