flow_info {
  key {
    src_address: "x{\237\236"
    dst_address: "`R\266\013"
    src_port: 58627
    dst_port: 34231
    proto: 6
    tenant_id: 10
    flow_start_time: 1388563200000000
    key_type: IPV4
  }
  start_time: 1388563200000000
  ip_info {
    last_cached_ttl: 8
    qos: 0
  }
  tcp_info {
    sequence_num: 0
    null_flags: 1
    syn_fin_rst_ack_all_zero: 1
    option_len_bins {
    }
  }
  flow_features {
    packet_count: 1
  }
  end_time: 1388563200000000
}
flow_info {
  key {
    src_address: "\272l\302>"
    dst_address: "\267h=\256"
    src_port: 16027
    dst_port: 51410
    proto: 6
    tenant_id: 20
    flow_start_time: 1388563200028171
    key_type: IPV4
  }
  start_time: 1388563200028171
  ip_info {
    qos: 0
  }
  flow_features {
    packet_count: 1
  }
  end_time: 1388563200028171
}
flow_info {
  key {
    src_address: "`X\264&"
    dst_address: "1\236<\235"
    src_port: 34577
    dst_port: 12144
    proto: 6
    tenant_id: 10
    flow_start_time: 1388563200056342
    key_type: IPV4
  }
  start_time: 1388563200056342
  ip_info {
    last_cached_ttl: 8
    qos: 0
  }
  tcp_info {
    sequence_num: 20
    null_flags: 1
    syn_fin_rst_ack_all_zero: 1
    option_len_bins {
    }
  }
  flow_features {
    packet_count: 1
  }
  end_time: 1388563200056342
}
flow_info {
  key {
    src_address: "x{\237\236"
    dst_address: "\315Bq\271"
    src_port: 45161
    dst_port: 42219
    proto: 6
    tenant_id: 20
    flow_start_time: 1388563200084513
    key_type: IPV4
  }
  start_time: 1388563200084513
  ip_info {
    qos: 0
  }
  flow_features {
    packet_count: 1
  }
  end_time: 1388563200084513
}
flow_info {
  key {
    src_address: "\272l\302>"
    dst_address: "JH\307\311"
    src_port: 52246
    dst_port: 10779
    proto: 6
    tenant_id: 10
    flow_start_time: 1388563200112684
    key_type: IPV4
  }
  start_time: 1388563200112684
  ip_info {
    last_cached_ttl: 8
    qos: 0
  }
  tcp_info {
    sequence_num: 40
    null_flags: 1
    syn_fin_rst_ack_all_zero: 1
    option_len_bins {
    }
  }
  flow_features {
    packet_count: 1
  }
  end_time: 1388563200112684
}
flow_info {
  key {
    src_address: "`X\264&"
    dst_address: "`R\266\013"
    src_port: 8959
    dst_port: 50010
    proto: 6
    tenant_id: 20
    flow_start_time: 1388563200140855
    key_type: IPV4
  }
  start_time: 1388563200140855
  ip_info {
    qos: 0
  }
  flow_features {
    packet_count: 1
  }
  end_time: 1388563200140855
}
flow_info {
  key {
    src_address: "x{\237\236"
    dst_address: "\267h=\256"
    src_port: 48835
    dst_port: 36876
    proto: 6
    tenant_id: 10
    flow_start_time: 1388563200169026
    key_type: IPV4
  }
  start_time: 1388563200169026
  ip_info {
    last_cached_ttl: 8
    qos: 0
  }
  tcp_info {
    sequence_num: 60
    null_flags: 1
    syn_fin_rst_ack_all_zero: 1
    option_len_bins {
    }
  }
  flow_features {
    packet_count: 1
  }
  end_time: 1388563200169026
}
flow_info {
  key {
    src_address: "\272l\302>"
    dst_address: "1\236<\235"
    src_port: 58627
    dst_port: 16354
    proto: 6
    tenant_id: 20
    flow_start_time: 1388563200197197
    key_type: IPV4
  }
  start_time: 1388563200197197
  ip_info {
    qos: 0
  }
  flow_features {
    packet_count: 1
  }
  end_time: 1388563200197197
}
flow_info {
  key {
    src_address: "`X\264&"
    dst_address: "\315Bq\271"
    src_port: 16027
    dst_port: 12559
    proto: 6
    tenant_id: 10
    flow_start_time: 1388563200225368
    key_type: IPV4
  }
  start_time: 1388563200225368
  ip_info {
    last_cached_ttl: 8
    qos: 0
  }
  tcp_info {
    sequence_num: 80
    null_flags: 1
    syn_fin_rst_ack_all_zero: 1
    option_len_bins {
    }
  }
  flow_features {
    packet_count: 1
  }
  end_time: 1388563200225368
}
flow_info {
  key {
    src_address: "x{\237\236"
    dst_address: "JH\307\311"
    src_port: 34577
    dst_port: 4020
    proto: 6
    tenant_id: 20
    flow_start_time: 1388563200226368
    key_type: IPV4
  }
  start_time: 1388563200226368
  ip_info {
    qos: 0
  }
  flow_features {
    packet_count: 1
  }
  end_time: 1388563200226368
}
flow_info {
  key {
    src_address: "\272l\302>"
    dst_address: "`R\266\013"
    src_port: 45161
    dst_port: 43686
    proto: 6
    tenant_id: 10
    flow_start_time: 1388563200254539
    key_type: IPV4
  }
  start_time: 1388563200254539
  ip_info {
    last_cached_ttl: 8
    qos: 0
  }
  tcp_info {
    sequence_num: 100
    null_flags: 1
    syn_fin_rst_ack_all_zero: 1
    option_len_bins {
    }
  }
  flow_features {
    packet_count: 1
  }
  end_time: 1388563200254539
}
flow_info {
  key {
    src_address: "`X\264&"
    dst_address: "\267h=\256"
    src_port: 52246
    dst_port: 34231
    proto: 6
    tenant_id: 20
    flow_start_time: 1388563200282710
    key_type: IPV4
  }
  start_time: 1388563200282710
  ip_info {
    qos: 0
  }
  flow_features {
    packet_count: 1
  }
  end_time: 1388563200282710
}
flow_info {
  key {
    src_address: "x{\237\236"
    dst_address: "1\236<\235"
    src_port: 8959
    dst_port: 51410
    proto: 6
    tenant_id: 10
    flow_start_time: 1388563200310881
    key_type: IPV4
  }
  start_time: 1388563200310881
  ip_info {
    last_cached_ttl: 8
    qos: 0
  }
  tcp_info {
    sequence_num: 120
    null_flags: 1
    syn_fin_rst_ack_all_zero: 1
    option_len_bins {
    }
  }
  flow_features {
    packet_count: 1
  }
  end_time: 1388563200310881
}
flow_info {
  key {
    src_address: "\272l\302>"
    dst_address: "\315Bq\271"
    src_port: 48835
    dst_port: 12144
    proto: 6
    tenant_id: 20
    flow_start_time: 1388563200339052
    key_type: IPV4
  }
  start_time: 1388563200339052
  ip_info {
    qos: 0
  }
  flow_features {
    packet_count: 1
  }
  end_time: 1388563200339052
}
flow_info {
  key {
    src_address: "`X\264&"
    dst_address: "JH\307\311"
    src_port: 58627
    dst_port: 42219
    proto: 6
    tenant_id: 10
    flow_start_time: 1388563200367223
    key_type: IPV4
  }
  start_time: 1388563200367223
  ip_info {
    last_cached_ttl: 8
    qos: 0
  }
  tcp_info {
    sequence_num: 140
    null_flags: 1
    syn_fin_rst_ack_all_zero: 1
    option_len_bins {
    }
  }
  flow_features {
    packet_count: 1
  }
  end_time: 1388563200367223
}
flow_info {
  key {
    src_address: "x{\237\236"
    dst_address: "`R\266\013"
    src_port: 16027
    dst_port: 10779
    proto: 6
    tenant_id: 20
    flow_start_time: 1388563200395394
    key_type: IPV4
  }
  start_time: 1388563200395394
  ip_info {
    qos: 0
  }
  flow_features {
    packet_count: 1
  }
  end_time: 1388563200395394
}
flow_info {
  key {
    src_address: "\272l\302>"
    dst_address: "\267h=\256"
    src_port: 34577
    dst_port: 50010
    proto: 6
    tenant_id: 10
    flow_start_time: 1388563200423565
    key_type: IPV4
  }
  start_time: 1388563200423565
  ip_info {
    last_cached_ttl: 8
    qos: 0
  }
  tcp_info {
    sequence_num: 160
    null_flags: 1
    syn_fin_rst_ack_all_zero: 1
    option_len_bins {
    }
  }
  flow_features {
    packet_count: 1
  }
  end_time: 1388563200423565
}
flow_info {
  key {
    src_address: "`X\264&"
    dst_address: "1\236<\235"
    src_port: 45161
    dst_port: 36876
    proto: 6
    tenant_id: 20
    flow_start_time: 1388563200451736
    key_type: IPV4
  }
  start_time: 1388563200451736
  ip_info {
    qos: 0
  }
  flow_features {
    packet_count: 1
  }
  end_time: 1388563200451736
}
