flow_info {
  key {
    src_address: "\241\312\342{"
    dst_address: "\031\206\"\242"
    src_port: 11004
    dst_port: 46252
    proto: 6
    tenant_id: 10
    flow_start_time: 1388563200000000
    key_type: IPV4
  }
  start_time: 1388563200000000
  ip_info {
    last_cached_ttl: 8
    qos: 0
  }
  tcp_info {
    sequence_num: 0
    null_flags: 1
    syn_fin_rst_ack_all_zero: 1
    option_len_bins {
    }
  }
  flow_features {
    packet_count: 1
  }
  end_time: 1388563200000000
}
flow_info {
  key {
    src_address: "\364\252\277\006"
    dst_address: "J\276\000i"
    src_port: 23707
    dst_port: 18018
    proto: 6
    tenant_id: 10
    flow_start_time: 1388563200041280
    key_type: IPV4
  }
  start_time: 1388563200041280
  ip_info {
    qos: 0
  }
  flow_features {
    packet_count: 1
  }
  end_time: 1388563200041280
}
flow_info {
  key {
    src_address: "\302\310r\361"
    dst_address: "\276\232R\203"
    src_port: 25512
    dst_port: 56405
    proto: 6
    tenant_id: 10
    flow_start_time: 1388563200082560
    key_type: IPV4
  }
  start_time: 1388563200082560
  ip_info {
    last_cached_ttl: 8
    qos: 0
  }
  tcp_info {
    sequence_num: 20
    null_flags: 1
    syn_fin_rst_ack_all_zero: 1
    option_len_bins {
    }
  }
  flow_features {
    packet_count: 1
  }
  end_time: 1388563200082560
}
flow_info {
  key {
    src_address: "\241\312\342{"
    dst_address: "(P \024"
    src_port: 42220
    dst_port: 37855
    proto: 6
    tenant_id: 10
    flow_start_time: 1388563200123840
    key_type: IPV4
  }
  start_time: 1388563200123840
  ip_info {
    qos: 0
  }
  flow_features {
    packet_count: 1
  }
  end_time: 1388563200123840
}
flow_info {
  key {
    src_address: "\364\252\277\006"
    dst_address: "\270\315\246\366"
    src_port: 38091
    dst_port: 58888
    proto: 6
    tenant_id: 10
    flow_start_time: 1388563200165120
    key_type: IPV4
  }
  start_time: 1388563200165120
  ip_info {
    last_cached_ttl: 8
    qos: 0
  }
  tcp_info {
    sequence_num: 40
    null_flags: 1
    syn_fin_rst_ack_all_zero: 1
    option_len_bins {
    }
  }
  flow_features {
    packet_count: 1
  }
  end_time: 1388563200165120
}
flow_info {
  key {
    src_address: "\302\310r\361"
    dst_address: "\031\206\"\242"
    src_port: 1589
    dst_port: 19883
    proto: 6
    tenant_id: 10
    flow_start_time: 1388563200206400
    key_type: IPV4
  }
  start_time: 1388563200206400
  ip_info {
    qos: 0
  }
  flow_features {
    packet_count: 1
  }
  end_time: 1388563200206400
}
flow_info {
  key {
    src_address: "\241\312\342{"
    dst_address: "J\276\000i"
    src_port: 37855
    dst_port: 63831
    proto: 6
    tenant_id: 10
    flow_start_time: 1388563200247680
    key_type: IPV4
  }
  start_time: 1388563200247680
  ip_info {
    last_cached_ttl: 8
    qos: 0
  }
  tcp_info {
    sequence_num: 60
    null_flags: 1
    syn_fin_rst_ack_all_zero: 1
    option_len_bins {
    }
  }
  flow_features {
    packet_count: 1
  }
  end_time: 1388563200247680
}
flow_info {
  key {
    src_address: "\364\252\277\006"
    dst_address: "\276\232R\203"
    src_port: 11004
    dst_port: 48015
    proto: 6
    tenant_id: 10
    flow_start_time: 1388563200288960
    key_type: IPV4
  }
  start_time: 1388563200288960
  ip_info {
    qos: 0
  }
  flow_features {
    packet_count: 1
  }
  end_time: 1388563200288960
}
