flow_info {
  key {
    src_address: "\275\323x\017"
    dst_address: "\211\004\3143"
    src_port: 21219
    dst_port: 55609
    proto: 6
    tenant_id: 10
    flow_start_time: 1388563200000000
    key_type: IPV4
  }
  start_time: 1388563200000000
  ip_info {
    last_cached_ttl: 8
    qos: 0
  }
  tcp_info {
    sequence_num: 0
    null_flags: 1
    syn_fin_rst_ack_all_zero: 1
    option_len_bins {
    }
  }
  flow_features {
    packet_count: 1
  }
  end_time: 1388563200000000
}
flow_info {
  key {
    src_address: "\306\234\350?"
    dst_address: "\256\034\2638"
    src_port: 4760
    dst_port: 30926
    proto: 6
    tenant_id: 20
    flow_start_time: 1388563200052924
    key_type: IPV4
  }
  start_time: 1388563200052924
  ip_info {
    qos: 0
  }
  flow_features {
    packet_count: 1
  }
  end_time: 1388563200052924
}
flow_info {
  key {
    src_address: "z|\334\335"
    dst_address: "\200\t\366\250"
    src_port: 27909
    dst_port: 6971
    proto: 6
    tenant_id: 10
    flow_start_time: 1388563200105848
    key_type: IPV4
  }
  start_time: 1388563200105848
  ip_info {
    last_cached_ttl: 8
    qos: 0
  }
  tcp_info {
    sequence_num: 20
    null_flags: 1
    syn_fin_rst_ack_all_zero: 1
    option_len_bins {
    }
  }
  flow_features {
    packet_count: 1
  }
  end_time: 1388563200105848
}
flow_info {
  key {
    src_address: "\275\323x\017"
    dst_address: "\263\030I\030"
    src_port: 56946
    dst_port: 24125
    proto: 6
    tenant_id: 20
    flow_start_time: 1388563200158772
    key_type: IPV4
  }
  start_time: 1388563200158772
  ip_info {
    qos: 0
  }
  flow_features {
    packet_count: 1
  }
  end_time: 1388563200158772
}
flow_info {
  key {
    src_address: "\306\234\350?"
    dst_address: "\200\327\307i"
    src_port: 3142
    dst_port: 34228
    proto: 6
    tenant_id: 10
    flow_start_time: 1388563200211696
    key_type: IPV4
  }
  start_time: 1388563200211696
  ip_info {
    last_cached_ttl: 8
    qos: 0
  }
  tcp_info {
    sequence_num: 40
    null_flags: 1
    syn_fin_rst_ack_all_zero: 1
    option_len_bins {
    }
  }
  flow_features {
    packet_count: 1
  }
  end_time: 1388563200211696
}
flow_info {
  key {
    src_address: "z|\334\335"
    dst_address: "\211\004\3143"
    src_port: 22252
    dst_port: 56645
    proto: 6
    tenant_id: 20
    flow_start_time: 1388563200264620
    key_type: IPV4
  }
  start_time: 1388563200264620
  ip_info {
    qos: 0
  }
  flow_features {
    packet_count: 1
  }
  end_time: 1388563200264620
}
flow_info {
  key {
    src_address: "\275\323x\017"
    dst_address: "\256\034\2638"
    src_port: 55609
    dst_port: 59933
    proto: 6
    tenant_id: 10
    flow_start_time: 1388563200317544
    key_type: IPV4
  }
  start_time: 1388563200317544
  ip_info {
    last_cached_ttl: 8
    qos: 0
  }
  tcp_info {
    sequence_num: 60
    null_flags: 1
    syn_fin_rst_ack_all_zero: 1
    option_len_bins {
    }
  }
  flow_features {
    packet_count: 1
  }
  end_time: 1388563200317544
}
flow_info {
  key {
    src_address: "\306\234\350?"
    dst_address: "\200\t\366\250"
    src_port: 21219
    dst_port: 13028
    proto: 6
    tenant_id: 20
    flow_start_time: 1388563200370468
    key_type: IPV4
  }
  start_time: 1388563200370468
  ip_info {
    qos: 0
  }
  flow_features {
    packet_count: 1
  }
  end_time: 1388563200370468
}
flow_info {
  key {
    src_address: "z|\334\335"
    dst_address: "\263\030I\030"
    src_port: 4760
    dst_port: 34550
    proto: 6
    tenant_id: 10
    flow_start_time: 1388563200423392
    key_type: IPV4
  }
  start_time: 1388563200423392
  ip_info {
    last_cached_ttl: 8
    qos: 0
  }
  tcp_info {
    sequence_num: 80
    null_flags: 1
    syn_fin_rst_ack_all_zero: 1
    option_len_bins {
    }
  }
  flow_features {
    packet_count: 1
  }
  end_time: 1388563200423392
}
flow_info {
  key {
    src_address: "\275\323x\017"
    dst_address: "\200\327\307i"
    src_port: 27909
    dst_port: 22252
    proto: 6
    tenant_id: 20
    flow_start_time: 1388563200476316
    key_type: IPV4
  }
  start_time: 1388563200476316
  ip_info {
    qos: 0
  }
  flow_features {
    packet_count: 1
  }
  end_time: 1388563200476316
}
flow_info {
  key {
    src_address: "\306\234\350?"
    dst_address: "\211\004\3143"
    src_port: 56946
    dst_port: 52514
    proto: 6
    tenant_id: 10
    flow_start_time: 1388563200477316
    key_type: IPV4
  }
  start_time: 1388563200477316
  ip_info {
    last_cached_ttl: 8
    qos: 0
  }
  tcp_info {
    sequence_num: 100
    null_flags: 1
    syn_fin_rst_ack_all_zero: 1
    option_len_bins {
    }
  }
  flow_features {
    packet_count: 1
  }
  end_time: 1388563200477316
}
flow_info {
  key {
    src_address: "z|\334\335"
    dst_address: "\256\034\2638"
    src_port: 3142
    dst_port: 55609
    proto: 6
    tenant_id: 20
    flow_start_time: 1388563200530240
    key_type: IPV4
  }
  start_time: 1388563200530240
  ip_info {
    qos: 0
  }
  flow_features {
    packet_count: 1
  }
  end_time: 1388563200530240
}
flow_info {
  key {
    src_address: "\275\323x\017"
    dst_address: "\200\t\366\250"
    src_port: 22252
    dst_port: 30926
    proto: 6
    tenant_id: 10
    flow_start_time: 1388563200583164
    key_type: IPV4
  }
  start_time: 1388563200583164
  ip_info {
    last_cached_ttl: 8
    qos: 0
  }
  tcp_info {
    sequence_num: 120
    null_flags: 1
    syn_fin_rst_ack_all_zero: 1
    option_len_bins {
    }
  }
  flow_features {
    packet_count: 1
  }
  end_time: 1388563200583164
}
flow_info {
  key {
    src_address: "\306\234\350?"
    dst_address: "\263\030I\030"
    src_port: 55609
    dst_port: 6971
    proto: 6
    tenant_id: 20
    flow_start_time: 1388563200636088
    key_type: IPV4
  }
  start_time: 1388563200636088
  ip_info {
    qos: 0
  }
  flow_features {
    packet_count: 1
  }
  end_time: 1388563200636088
}
flow_info {
  key {
    src_address: "z|\334\335"
    dst_address: "\200\327\307i"
    src_port: 21219
    dst_port: 24125
    proto: 6
    tenant_id: 10
    flow_start_time: 1388563200689012
    key_type: IPV4
  }
  start_time: 1388563200689012
  ip_info {
    last_cached_ttl: 8
    qos: 0
  }
  tcp_info {
    sequence_num: 140
    null_flags: 1
    syn_fin_rst_ack_all_zero: 1
    option_len_bins {
    }
  }
  flow_features {
    packet_count: 1
  }
  end_time: 1388563200689012
}
flow_info {
  key {
    src_address: "\275\323x\017"
    dst_address: "\211\004\3143"
    src_port: 4760
    dst_port: 34228
    proto: 6
    tenant_id: 20
    flow_start_time: 1388563200741936
    key_type: IPV4
  }
  start_time: 1388563200741936
  ip_info {
    qos: 0
  }
  flow_features {
    packet_count: 1
  }
  end_time: 1388563200741936
}
flow_info {
  key {
    src_address: "\306\234\350?"
    dst_address: "\256\034\2638"
    src_port: 27909
    dst_port: 56645
    proto: 6
    tenant_id: 10
    flow_start_time: 1388563200794860
    key_type: IPV4
  }
  start_time: 1388563200794860
  ip_info {
    last_cached_ttl: 8
    qos: 0
  }
  tcp_info {
    sequence_num: 160
    null_flags: 1
    syn_fin_rst_ack_all_zero: 1
    option_len_bins {
    }
  }
  flow_features {
    packet_count: 1
  }
  end_time: 1388563200794860
}
flow_info {
  key {
    src_address: "z|\334\335"
    dst_address: "\200\t\366\250"
    src_port: 56946
    dst_port: 59933
    proto: 6
    tenant_id: 20
    flow_start_time: 1388563200847784
    key_type: IPV4
  }
  start_time: 1388563200847784
  ip_info {
    qos: 0
  }
  flow_features {
    packet_count: 1
  }
  end_time: 1388563200847784
}
flow_info {
  key {
    src_address: "\275\323x\017"
    dst_address: "\263\030I\030"
    src_port: 3142
    dst_port: 13028
    proto: 6
    tenant_id: 10
    flow_start_time: 1388563200900708
    key_type: IPV4
  }
  start_time: 1388563200900708
  ip_info {
    last_cached_ttl: 8
    qos: 0
  }
  tcp_info {
    sequence_num: 180
    null_flags: 1
    syn_fin_rst_ack_all_zero: 1
    option_len_bins {
    }
  }
  flow_features {
    packet_count: 1
  }
  end_time: 1388563200900708
}
flow_info {
  key {
    src_address: "\306\234\350?"
    dst_address: "\200\327\307i"
    src_port: 22252
    dst_port: 34550
    proto: 6
    tenant_id: 20
    flow_start_time: 1388563200953632
    key_type: IPV4
  }
  start_time: 1388563200953632
  ip_info {
    qos: 0
  }
  flow_features {
    packet_count: 1
  }
  end_time: 1388563200953632
}
flow_info {
  key {
    src_address: "z|\334\335"
    dst_address: "\211\004\3143"
    src_port: 55609
    dst_port: 22252
    proto: 6
    tenant_id: 10
    flow_start_time: 1388563200954632
    key_type: IPV4
  }
  start_time: 1388563200954632
  ip_info {
    last_cached_ttl: 8
    qos: 0
  }
  tcp_info {
    sequence_num: 200
    null_flags: 1
    syn_fin_rst_ack_all_zero: 1
    option_len_bins {
    }
  }
  flow_features {
    packet_count: 1
  }
  end_time: 1388563200954632
}
flow_info {
  key {
    src_address: "\275\323x\017"
    dst_address: "\256\034\2638"
    src_port: 21219
    dst_port: 52514
    proto: 6
    tenant_id: 20
    flow_start_time: 1388563201007556
    key_type: IPV4
  }
  start_time: 1388563201007556
  ip_info {
    qos: 0
  }
  flow_features {
    packet_count: 1
  }
  end_time: 1388563201007556
}
flow_info {
  key {
    src_address: "\306\234\350?"
    dst_address: "\200\t\366\250"
    src_port: 4760
    dst_port: 55609
    proto: 6
    tenant_id: 10
    flow_start_time: 1388563201060480
    key_type: IPV4
  }
  start_time: 1388563201060480
  ip_info {
    last_cached_ttl: 8
    qos: 0
  }
  tcp_info {
    sequence_num: 220
    null_flags: 1
    syn_fin_rst_ack_all_zero: 1
    option_len_bins {
    }
  }
  flow_features {
    packet_count: 1
  }
  end_time: 1388563201060480
}
flow_info {
  key {
    src_address: "z|\334\335"
    dst_address: "\263\030I\030"
    src_port: 27909
    dst_port: 30926
    proto: 6
    tenant_id: 20
    flow_start_time: 1388563201113404
    key_type: IPV4
  }
  start_time: 1388563201113404
  ip_info {
    qos: 0
  }
  flow_features {
    packet_count: 1
  }
  end_time: 1388563201113404
}
flow_info {
  key {
    src_address: "\275\323x\017"
    dst_address: "\200\327\307i"
    src_port: 56946
    dst_port: 6971
    proto: 6
    tenant_id: 10
    flow_start_time: 1388563201166328
    key_type: IPV4
  }
  start_time: 1388563201166328
  ip_info {
    last_cached_ttl: 8
    qos: 0
  }
  tcp_info {
    sequence_num: 240
    null_flags: 1
    syn_fin_rst_ack_all_zero: 1
    option_len_bins {
    }
  }
  flow_features {
    packet_count: 1
  }
  end_time: 1388563201166328
}
flow_info {
  key {
    src_address: "\306\234\350?"
    dst_address: "\211\004\3143"
    src_port: 3142
    dst_port: 24125
    proto: 6
    tenant_id: 20
    flow_start_time: 1388563201219252
    key_type: IPV4
  }
  start_time: 1388563201219252
  ip_info {
    qos: 0
  }
  flow_features {
    packet_count: 1
  }
  end_time: 1388563201219252
}
flow_info {
  key {
    src_address: "z|\334\335"
    dst_address: "\256\034\2638"
    src_port: 22252
    dst_port: 34228
    proto: 6
    tenant_id: 10
    flow_start_time: 1388563201272176
    key_type: IPV4
  }
  start_time: 1388563201272176
  ip_info {
    last_cached_ttl: 8
    qos: 0
  }
  tcp_info {
    sequence_num: 260
    null_flags: 1
    syn_fin_rst_ack_all_zero: 1
    option_len_bins {
    }
  }
  flow_features {
    packet_count: 1
  }
  end_time: 1388563201272176
}
flow_info {
  key {
    src_address: "\275\323x\017"
    dst_address: "\200\t\366\250"
    src_port: 55609
    dst_port: 56645
    proto: 6
    tenant_id: 20
    flow_start_time: 1388563201325100
    key_type: IPV4
  }
  start_time: 1388563201325100
  ip_info {
    qos: 0
  }
  flow_features {
    packet_count: 1
  }
  end_time: 1388563201325100
}
flow_info {
  key {
    src_address: "\306\234\350?"
    dst_address: "\263\030I\030"
    src_port: 21219
    dst_port: 59933
    proto: 6
    tenant_id: 10
    flow_start_time: 1388563201378024
    key_type: IPV4
  }
  start_time: 1388563201378024
  ip_info {
    last_cached_ttl: 8
    qos: 0
  }
  tcp_info {
    sequence_num: 280
    null_flags: 1
    syn_fin_rst_ack_all_zero: 1
    option_len_bins {
    }
  }
  flow_features {
    packet_count: 1
  }
  end_time: 1388563201378024
}
flow_info {
  key {
    src_address: "z|\334\335"
    dst_address: "\200\327\307i"
    src_port: 4760
    dst_port: 13028
    proto: 6
    tenant_id: 20
    flow_start_time: 1388563201430948
    key_type: IPV4
  }
  start_time: 1388563201430948
  ip_info {
    qos: 0
  }
  flow_features {
    packet_count: 1
  }
  end_time: 1388563201430948
}
flow_info {
  key {
    src_address: "\275\323x\017"
    dst_address: "\211\004\3143"
    src_port: 27909
    dst_port: 34550
    proto: 6
    tenant_id: 10
    flow_start_time: 1388563201431948
    key_type: IPV4
  }
  start_time: 1388563201431948
  ip_info {
    last_cached_ttl: 8
    qos: 0
  }
  tcp_info {
    sequence_num: 300
    null_flags: 1
    syn_fin_rst_ack_all_zero: 1
    option_len_bins {
    }
  }
  flow_features {
    packet_count: 1
  }
  end_time: 1388563201431948
}
flow_info {
  key {
    src_address: "\306\234\350?"
    dst_address: "\256\034\2638"
    src_port: 56946
    dst_port: 22252
    proto: 6
    tenant_id: 20
    flow_start_time: 1388563201484872
    key_type: IPV4
  }
  start_time: 1388563201484872
  ip_info {
    qos: 0
  }
  flow_features {
    packet_count: 1
  }
  end_time: 1388563201484872
}
flow_info {
  key {
    src_address: "z|\334\335"
    dst_address: "\200\t\366\250"
    src_port: 3142
    dst_port: 52514
    proto: 6
    tenant_id: 10
    flow_start_time: 1388563201537796
    key_type: IPV4
  }
  start_time: 1388563201537796
  ip_info {
    last_cached_ttl: 8
    qos: 0
  }
  tcp_info {
    sequence_num: 320
    null_flags: 1
    syn_fin_rst_ack_all_zero: 1
    option_len_bins {
    }
  }
  flow_features {
    packet_count: 1
  }
  end_time: 1388563201537796
}
flow_info {
  key {
    src_address: "\275\323x\017"
    dst_address: "\263\030I\030"
    src_port: 22252
    dst_port: 55609
    proto: 6
    tenant_id: 20
    flow_start_time: 1388563201590720
    key_type: IPV4
  }
  start_time: 1388563201590720
  ip_info {
    qos: 0
  }
  flow_features {
    packet_count: 1
  }
  end_time: 1388563201590720
}
flow_info {
  key {
    src_address: "\306\234\350?"
    dst_address: "\200\327\307i"
    src_port: 55609
    dst_port: 30926
    proto: 6
    tenant_id: 10
    flow_start_time: 1388563201643644
    key_type: IPV4
  }
  start_time: 1388563201643644
  ip_info {
    last_cached_ttl: 8
    qos: 0
  }
  tcp_info {
    sequence_num: 340
    null_flags: 1
    syn_fin_rst_ack_all_zero: 1
    option_len_bins {
    }
  }
  flow_features {
    packet_count: 1
  }
  end_time: 1388563201643644
}
flow_info {
  key {
    src_address: "z|\334\335"
    dst_address: "\211\004\3143"
    src_port: 21219
    dst_port: 6971
    proto: 6
    tenant_id: 20
    flow_start_time: 1388563201696568
    key_type: IPV4
  }
  start_time: 1388563201696568
  ip_info {
    qos: 0
  }
  flow_features {
    packet_count: 1
  }
  end_time: 1388563201696568
}
flow_info {
  key {
    src_address: "\275\323x\017"
    dst_address: "\256\034\2638"
    src_port: 4760
    dst_port: 24125
    proto: 6
    tenant_id: 10
    flow_start_time: 1388563201749492
    key_type: IPV4
  }
  start_time: 1388563201749492
  ip_info {
    last_cached_ttl: 8
    qos: 0
  }
  tcp_info {
    sequence_num: 360
    null_flags: 1
    syn_fin_rst_ack_all_zero: 1
    option_len_bins {
    }
  }
  flow_features {
    packet_count: 1
  }
  end_time: 1388563201749492
}
flow_info {
  key {
    src_address: "\306\234\350?"
    dst_address: "\200\t\366\250"
    src_port: 27909
    dst_port: 34228
    proto: 6
    tenant_id: 20
    flow_start_time: 1388563201802416
    key_type: IPV4
  }
  start_time: 1388563201802416
  ip_info {
    qos: 0
  }
  flow_features {
    packet_count: 1
  }
  end_time: 1388563201802416
}
flow_info {
  key {
    src_address: "z|\334\335"
    dst_address: "\263\030I\030"
    src_port: 56946
    dst_port: 56645
    proto: 6
    tenant_id: 10
    flow_start_time: 1388563201855340
    key_type: IPV4
  }
  start_time: 1388563201855340
  ip_info {
    last_cached_ttl: 8
    qos: 0
  }
  tcp_info {
    sequence_num: 380
    null_flags: 1
    syn_fin_rst_ack_all_zero: 1
    option_len_bins {
    }
  }
  flow_features {
    packet_count: 1
  }
  end_time: 1388563201855340
}
flow_info {
  key {
    src_address: "\275\323x\017"
    dst_address: "\200\327\307i"
    src_port: 3142
    dst_port: 59933
    proto: 6
    tenant_id: 20
    flow_start_time: 1388563201908264
    key_type: IPV4
  }
  start_time: 1388563201908264
  ip_info {
    qos: 0
  }
  flow_features {
    packet_count: 1
  }
  end_time: 1388563201908264
}
flow_info {
  key {
    src_address: "\306\234\350?"
    dst_address: "\211\004\3143"
    src_port: 22252
    dst_port: 13028
    proto: 6
    tenant_id: 10
    flow_start_time: 1388563201909264
    key_type: IPV4
  }
  start_time: 1388563201909264
  ip_info {
    last_cached_ttl: 8
    qos: 0
  }
  tcp_info {
    sequence_num: 400
    null_flags: 1
    syn_fin_rst_ack_all_zero: 1
    option_len_bins {
    }
  }
  flow_features {
    packet_count: 1
  }
  end_time: 1388563201909264
}
flow_info {
  key {
    src_address: "z|\334\335"
    dst_address: "\256\034\2638"
    src_port: 55609
    dst_port: 34550
    proto: 6
    tenant_id: 20
    flow_start_time: 1388563201962188
    key_type: IPV4
  }
  start_time: 1388563201962188
  ip_info {
    qos: 0
  }
  flow_features {
    packet_count: 1
  }
  end_time: 1388563201962188
}
flow_info {
  key {
    src_address: "\275\323x\017"
    dst_address: "\200\t\366\250"
    src_port: 21219
    dst_port: 22252
    proto: 6
    tenant_id: 10
    flow_start_time: 1388563202015112
    key_type: IPV4
  }
  start_time: 1388563202015112
  ip_info {
    last_cached_ttl: 8
    qos: 0
  }
  tcp_info {
    sequence_num: 420
    null_flags: 1
    syn_fin_rst_ack_all_zero: 1
    option_len_bins {
    }
  }
  flow_features {
    packet_count: 1
  }
  end_time: 1388563202015112
}
flow_info {
  key {
    src_address: "\306\234\350?"
    dst_address: "\263\030I\030"
    src_port: 4760
    dst_port: 52514
    proto: 6
    tenant_id: 20
    flow_start_time: 1388563202068036
    key_type: IPV4
  }
  start_time: 1388563202068036
  ip_info {
    qos: 0
  }
  flow_features {
    packet_count: 1
  }
  end_time: 1388563202068036
}
flow_info {
  key {
    src_address: "z|\334\335"
    dst_address: "\200\327\307i"
    src_port: 27909
    dst_port: 55609
    proto: 6
    tenant_id: 10
    flow_start_time: 1388563202120960
    key_type: IPV4
  }
  start_time: 1388563202120960
  ip_info {
    last_cached_ttl: 8
    qos: 0
  }
  tcp_info {
    sequence_num: 440
    null_flags: 1
    syn_fin_rst_ack_all_zero: 1
    option_len_bins {
    }
  }
  flow_features {
    packet_count: 1
  }
  end_time: 1388563202120960
}
flow_info {
  key {
    src_address: "\275\323x\017"
    dst_address: "\211\004\3143"
    src_port: 56946
    dst_port: 30926
    proto: 6
    tenant_id: 20
    flow_start_time: 1388563202173884
    key_type: IPV4
  }
  start_time: 1388563202173884
  ip_info {
    qos: 0
  }
  flow_features {
    packet_count: 1
  }
  end_time: 1388563202173884
}
flow_info {
  key {
    src_address: "\306\234\350?"
    dst_address: "\256\034\2638"
    src_port: 3142
    dst_port: 6971
    proto: 6
    tenant_id: 10
    flow_start_time: 1388563202226808
    key_type: IPV4
  }
  start_time: 1388563202226808
  ip_info {
    last_cached_ttl: 8
    qos: 0
  }
  tcp_info {
    sequence_num: 460
    null_flags: 1
    syn_fin_rst_ack_all_zero: 1
    option_len_bins {
    }
  }
  flow_features {
    packet_count: 1
  }
  end_time: 1388563202226808
}
flow_info {
  key {
    src_address: "z|\334\335"
    dst_address: "\200\t\366\250"
    src_port: 22252
    dst_port: 24125
    proto: 6
    tenant_id: 20
    flow_start_time: 1388563202279732
    key_type: IPV4
  }
  start_time: 1388563202279732
  ip_info {
    qos: 0
  }
  flow_features {
    packet_count: 1
  }
  end_time: 1388563202279732
}
flow_info {
  key {
    src_address: "\275\323x\017"
    dst_address: "\263\030I\030"
    src_port: 55609
    dst_port: 34228
    proto: 6
    tenant_id: 10
    flow_start_time: 1388563202332656
    key_type: IPV4
  }
  start_time: 1388563202332656
  ip_info {
    last_cached_ttl: 8
    qos: 0
  }
  tcp_info {
    sequence_num: 480
    null_flags: 1
    syn_fin_rst_ack_all_zero: 1
    option_len_bins {
    }
  }
  flow_features {
    packet_count: 1
  }
  end_time: 1388563202332656
}
flow_info {
  key {
    src_address: "\306\234\350?"
    dst_address: "\200\327\307i"
    src_port: 21219
    dst_port: 56645
    proto: 6
    tenant_id: 20
    flow_start_time: 1388563202385580
    key_type: IPV4
  }
  start_time: 1388563202385580
  ip_info {
    qos: 0
  }
  flow_features {
    packet_count: 1
  }
  end_time: 1388563202385580
}
