flow_info {
  key {
    src_address: "\336\233\357\261"
    dst_address: "\324*|h"
    src_port: 49724
    dst_port: 573
    proto: 6
    tenant_id: 10
    flow_start_time: 1388563200000000
    key_type: IPV4
  }
  start_time: 1388563200000000
  ip_info {
    last_cached_ttl: 8
    qos: 0
  }
  tcp_info {
    sequence_num: 0
    null_flags: 1
    syn_fin_rst_ack_all_zero: 1
    option_len_bins {
    }
  }
  flow_features {
    packet_count: 1
  }
  end_time: 1388563200000000
}
flow_info {
  key {
    src_address: "\270an\034"
    dst_address: "\033z*\361"
    src_port: 33910
    dst_port: 9895
    proto: 6
    tenant_id: 20
    flow_start_time: 1388563200027461
    key_type: IPV4
  }
  start_time: 1388563200027461
  ip_info {
    qos: 0
  }
  flow_features {
    packet_count: 1
  }
  end_time: 1388563200027461
}
flow_info {
  key {
    src_address: "A0\030\347"
    dst_address: "?\013\2537"
    src_port: 22410
    dst_port: 49973
    proto: 6
    tenant_id: 10
    flow_start_time: 1388563200028461
    key_type: IPV4
  }
  start_time: 1388563200028461
  ip_info {
    last_cached_ttl: 8
    qos: 0
  }
  tcp_info {
    sequence_num: 20
    null_flags: 1
    syn_fin_rst_ack_all_zero: 1
    option_len_bins {
    }
  }
  flow_features {
    packet_count: 1
  }
  end_time: 1388563200028461
}
flow_info {
  key {
    src_address: "\336\233\357\261"
    dst_address: ")_\375\223"
    src_port: 15457
    dst_port: 45500
    proto: 6
    tenant_id: 20
    flow_start_time: 1388563200055922
    key_type: IPV4
  }
  start_time: 1388563200055922
  ip_info {
    qos: 0
  }
  flow_features {
    packet_count: 1
  }
  end_time: 1388563200055922
}
flow_info {
  key {
    src_address: "\270an\034"
    dst_address: "\205\351e\347"
    src_port: 50393
    dst_port: 45837
    proto: 6
    tenant_id: 10
    flow_start_time: 1388563200056922
    key_type: IPV4
  }
  start_time: 1388563200056922
  ip_info {
    last_cached_ttl: 8
    qos: 0
  }
  tcp_info {
    sequence_num: 40
    null_flags: 1
    syn_fin_rst_ack_all_zero: 1
    option_len_bins {
    }
  }
  flow_features {
    packet_count: 1
  }
  end_time: 1388563200056922
}
flow_info {
  key {
    src_address: "A0\030\347"
    dst_address: "\324*|h"
    src_port: 1820
    dst_port: 51440
    proto: 6
    tenant_id: 20
    flow_start_time: 1388563200084383
    key_type: IPV4
  }
  start_time: 1388563200084383
  ip_info {
    qos: 0
  }
  flow_features {
    packet_count: 1
  }
  end_time: 1388563200084383
}
flow_info {
  key {
    src_address: "\336\233\357\261"
    dst_address: "\033z*\361"
    src_port: 40160
    dst_port: 52249
    proto: 6
    tenant_id: 10
    flow_start_time: 1388563200085383
    key_type: IPV4
  }
  start_time: 1388563200085383
  ip_info {
    last_cached_ttl: 8
    qos: 0
  }
  tcp_info {
    sequence_num: 60
    null_flags: 1
    syn_fin_rst_ack_all_zero: 1
    option_len_bins {
    }
  }
  flow_features {
    packet_count: 1
  }
  end_time: 1388563200085383
}
flow_info {
  key {
    src_address: "\270an\034"
    dst_address: "?\013\2537"
    src_port: 49724
    dst_port: 49724
    proto: 6
    tenant_id: 20
    flow_start_time: 1388563200112844
    key_type: IPV4
  }
  start_time: 1388563200112844
  ip_info {
    qos: 0
  }
  flow_features {
    packet_count: 1
  }
  end_time: 1388563200112844
}
flow_info {
  key {
    src_address: "A0\030\347"
    dst_address: ")_\375\223"
    src_port: 33910
    dst_port: 23501
    proto: 6
    tenant_id: 10
    flow_start_time: 1388563200113844
    key_type: IPV4
  }
  start_time: 1388563200113844
  ip_info {
    last_cached_ttl: 8
    qos: 0
  }
  tcp_info {
    sequence_num: 80
    null_flags: 1
    syn_fin_rst_ack_all_zero: 1
    option_len_bins {
    }
  }
  flow_features {
    packet_count: 1
  }
  end_time: 1388563200113844
}
flow_info {
  key {
    src_address: "\336\233\357\261"
    dst_address: "\205\351e\347"
    src_port: 22410
    dst_port: 31340
    proto: 6
    tenant_id: 20
    flow_start_time: 1388563200141305
    key_type: IPV4
  }
  start_time: 1388563200141305
  ip_info {
    qos: 0
  }
  flow_features {
    packet_count: 1
  }
  end_time: 1388563200141305
}
