flow_info {
  key {
    src_address: "\0045\337\261"
    dst_address: "\272x\276n"
    src_port: 62613
    dst_port: 25758
    proto: 6
    tenant_id: 10
    flow_start_time: 1388563200000000
    key_type: IPV4
  }
  start_time: 1388563200000000
  ip_info {
    last_cached_ttl: 8
    qos: 0
  }
  tcp_info {
    sequence_num: 0
    null_flags: 1
    syn_fin_rst_ack_all_zero: 1
    option_len_bins {
    }
  }
  flow_features {
    packet_count: 1
  }
  end_time: 1388563200000000
}
flow_info {
  key {
    src_address: "\027<O\337"
    dst_address: "gj\351\221"
    src_port: 35917
    dst_port: 40410
    proto: 6
    tenant_id: 20
    flow_start_time: 1388563200002312
    key_type: IPV4
  }
  start_time: 1388563200002312
  ip_info {
    qos: 0
  }
  flow_features {
    packet_count: 1
  }
  end_time: 1388563200002312
}
flow_info {
  key {
    src_address: "<\201\246U"
    dst_address: "9\002\222*"
    src_port: 54190
    dst_port: 24903
    proto: 6
    tenant_id: 30
    flow_start_time: 1388563200004624
    key_type: IPV4
  }
  start_time: 1388563200004624
  ip_info {
    last_cached_ttl: 8
    qos: 0
  }
  tcp_info {
    sequence_num: 20
    null_flags: 1
    syn_fin_rst_ack_all_zero: 1
    option_len_bins {
    }
  }
  flow_features {
    packet_count: 1
  }
  end_time: 1388563200004624
}
flow_info {
  key {
    src_address: "\0045\337\261"
    dst_address: "\035SA\242"
    src_port: 60906
    dst_port: 28055
    proto: 6
    tenant_id: 10
    flow_start_time: 1388563200006936
    key_type: IPV4
  }
  start_time: 1388563200006936
  ip_info {
    qos: 0
  }
  flow_features {
    packet_count: 1
  }
  end_time: 1388563200006936
}
flow_info {
  key {
    src_address: "\027<O\337"
    dst_address: ":\370\237\034"
    src_port: 45679
    dst_port: 12522
    proto: 6
    tenant_id: 20
    flow_start_time: 1388563200009248
    key_type: IPV4
  }
  start_time: 1388563200009248
  ip_info {
    last_cached_ttl: 8
    qos: 0
  }
  tcp_info {
    sequence_num: 40
    null_flags: 1
    syn_fin_rst_ack_all_zero: 1
    option_len_bins {
    }
  }
  flow_features {
    packet_count: 1
  }
  end_time: 1388563200009248
}
flow_info {
  key {
    src_address: "<\201\246U"
    dst_address: "\272x\276n"
    src_port: 15571
    dst_port: 23656
    proto: 6
    tenant_id: 30
    flow_start_time: 1388563200010248
    key_type: IPV4
  }
  start_time: 1388563200010248
  ip_info {
    qos: 0
  }
  flow_features {
    packet_count: 1
  }
  end_time: 1388563200010248
}
flow_info {
  key {
    src_address: "\0045\337\261"
    dst_address: "gj\351\221"
    src_port: 9527
    dst_port: 35917
    proto: 6
    tenant_id: 10
    flow_start_time: 1388563200012560
    key_type: IPV4
  }
  start_time: 1388563200012560
  ip_info {
    last_cached_ttl: 8
    qos: 0
  }
  tcp_info {
    sequence_num: 60
    null_flags: 1
    syn_fin_rst_ack_all_zero: 1
    option_len_bins {
    }
  }
  flow_features {
    packet_count: 1
  }
  end_time: 1388563200012560
}
flow_info {
  key {
    src_address: "\027<O\337"
    dst_address: "9\002\222*"
    src_port: 62613
    dst_port: 17380
    proto: 6
    tenant_id: 20
    flow_start_time: 1388563200014872
    key_type: IPV4
  }
  start_time: 1388563200014872
  ip_info {
    qos: 0
  }
  flow_features {
    packet_count: 1
  }
  end_time: 1388563200014872
}
flow_info {
  key {
    src_address: "<\201\246U"
    dst_address: "\035SA\242"
    src_port: 35917
    dst_port: 38342
    proto: 6
    tenant_id: 30
    flow_start_time: 1388563200017184
    key_type: IPV4
  }
  start_time: 1388563200017184
  ip_info {
    last_cached_ttl: 8
    qos: 0
  }
  tcp_info {
    sequence_num: 80
    null_flags: 1
    syn_fin_rst_ack_all_zero: 1
    option_len_bins {
    }
  }
  flow_features {
    packet_count: 1
  }
  end_time: 1388563200017184
}
flow_info {
  key {
    src_address: "\0045\337\261"
    dst_address: ":\370\237\034"
    src_port: 54190
    dst_port: 32036
    proto: 6
    tenant_id: 10
    flow_start_time: 1388563200019496
    key_type: IPV4
  }
  start_time: 1388563200019496
  ip_info {
    qos: 0
  }
  flow_features {
    packet_count: 1
  }
  end_time: 1388563200019496
}
