flow_info {
  key {
    src_address: "\206\n\304\367"
    dst_address: "\305\304\342@"
    src_port: 61547
    dst_port: 25805
    proto: 6
    tenant_id: 10
    flow_start_time: 1388563200000000
    key_type: IPV4
  }
  start_time: 1388563200000000
  ip_info {
    last_cached_ttl: 8
    qos: 0
  }
  tcp_info {
    sequence_num: 0
    null_flags: 1
    syn_fin_rst_ack_all_zero: 1
    option_len_bins {
    }
  }
  flow_features {
    packet_count: 1
  }
  end_time: 1388563200000000
}
flow_info {
  key {
    src_address: "@B\374\370"
    dst_address: "cs\274\261"
    src_port: 42313
    dst_port: 32755
    proto: 6
    tenant_id: 10
    flow_start_time: 1388563200046603
    key_type: IPV4
  }
  start_time: 1388563200046603
  ip_info {
    qos: 0
  }
  flow_features {
    packet_count: 1
  }
  end_time: 1388563200046603
}
flow_info {
  key {
    src_address: "\203\300\013\250"
    dst_address: "h\366\242\032"
    src_port: 35131
    dst_port: 59817
    proto: 6
    tenant_id: 10
    flow_start_time: 1388563200093206
    key_type: IPV4
  }
  start_time: 1388563200093206
  ip_info {
    last_cached_ttl: 8
    qos: 0
  }
  tcp_info {
    sequence_num: 20
    null_flags: 1
    syn_fin_rst_ack_all_zero: 1
    option_len_bins {
    }
  }
  flow_features {
    packet_count: 1
  }
  end_time: 1388563200093206
}
flow_info {
  key {
    src_address: "\206\n\304\367"
    dst_address: "`\226\016P"
    src_port: 39572
    dst_port: 39060
    proto: 6
    tenant_id: 10
    flow_start_time: 1388563200139809
    key_type: IPV4
  }
  start_time: 1388563200139809
  ip_info {
    qos: 0
  }
  flow_features {
    packet_count: 1
  }
  end_time: 1388563200139809
}
flow_info {
  key {
    src_address: "@B\374\370"
    dst_address: "\020\201/\376"
    src_port: 40937
    dst_port: 41240
    proto: 6
    tenant_id: 10
    flow_start_time: 1388563200186412
    key_type: IPV4
  }
  start_time: 1388563200186412
  ip_info {
    last_cached_ttl: 8
    qos: 0
  }
  tcp_info {
    sequence_num: 40
    null_flags: 1
    syn_fin_rst_ack_all_zero: 1
    option_len_bins {
    }
  }
  flow_features {
    packet_count: 1
  }
  end_time: 1388563200186412
}
flow_info {
  key {
    src_address: "\203\300\013\250"
    dst_address: "\305\304\342@"
    src_port: 39060
    dst_port: 8487
    proto: 6
    tenant_id: 10
    flow_start_time: 1388563200233015
    key_type: IPV4
  }
  start_time: 1388563200233015
  ip_info {
    qos: 0
  }
  flow_features {
    packet_count: 1
  }
  end_time: 1388563200233015
}
flow_info {
  key {
    src_address: "\206\n\304\367"
    dst_address: "cs\274\261"
    src_port: 41240
    dst_port: 1070
    proto: 6
    tenant_id: 10
    flow_start_time: 1388563200279618
    key_type: IPV4
  }
  start_time: 1388563200279618
  ip_info {
    last_cached_ttl: 8
    qos: 0
  }
  tcp_info {
    sequence_num: 60
    null_flags: 1
    syn_fin_rst_ack_all_zero: 1
    option_len_bins {
    }
  }
  flow_features {
    packet_count: 1
  }
  end_time: 1388563200279618
}
flow_info {
  key {
    src_address: "@B\374\370"
    dst_address: "h\366\242\032"
    src_port: 61547
    dst_port: 4077
    proto: 6
    tenant_id: 10
    flow_start_time: 1388563200280618
    key_type: IPV4
  }
  start_time: 1388563200280618
  ip_info {
    qos: 0
  }
  flow_features {
    packet_count: 1
  }
  end_time: 1388563200280618
}
flow_info {
  key {
    src_address: "\203\300\013\250"
    dst_address: "`\226\016P"
    src_port: 42313
    dst_port: 40894
    proto: 6
    tenant_id: 10
    flow_start_time: 1388563200327221
    key_type: IPV4
  }
  start_time: 1388563200327221
  ip_info {
    last_cached_ttl: 8
    qos: 0
  }
  tcp_info {
    sequence_num: 80
    null_flags: 1
    syn_fin_rst_ack_all_zero: 1
    option_len_bins {
    }
  }
  flow_features {
    packet_count: 1
  }
  end_time: 1388563200327221
}
flow_info {
  key {
    src_address: "\206\n\304\367"
    dst_address: "\020\201/\376"
    src_port: 35131
    dst_port: 46627
    proto: 6
    tenant_id: 10
    flow_start_time: 1388563200373824
    key_type: IPV4
  }
  start_time: 1388563200373824
  ip_info {
    qos: 0
  }
  flow_features {
    packet_count: 1
  }
  end_time: 1388563200373824
}
flow_info {
  key {
    src_address: "@B\374\370"
    dst_address: "\305\304\342@"
    src_port: 39572
    dst_port: 39572
    proto: 6
    tenant_id: 10
    flow_start_time: 1388563200420427
    key_type: IPV4
  }
  start_time: 1388563200420427
  ip_info {
    last_cached_ttl: 8
    qos: 0
  }
  tcp_info {
    sequence_num: 100
    null_flags: 1
    syn_fin_rst_ack_all_zero: 1
    option_len_bins {
    }
  }
  flow_features {
    packet_count: 1
  }
  end_time: 1388563200420427
}
flow_info {
  key {
    src_address: "\203\300\013\250"
    dst_address: "cs\274\261"
    src_port: 40937
    dst_port: 25805
    proto: 6
    tenant_id: 10
    flow_start_time: 1388563200467030
    key_type: IPV4
  }
  start_time: 1388563200467030
  ip_info {
    qos: 0
  }
  flow_features {
    packet_count: 1
  }
  end_time: 1388563200467030
}
flow_info {
  key {
    src_address: "\206\n\304\367"
    dst_address: "h\366\242\032"
    src_port: 39060
    dst_port: 32755
    proto: 6
    tenant_id: 10
    flow_start_time: 1388563200513633
    key_type: IPV4
  }
  start_time: 1388563200513633
  ip_info {
    last_cached_ttl: 8
    qos: 0
  }
  tcp_info {
    sequence_num: 120
    null_flags: 1
    syn_fin_rst_ack_all_zero: 1
    option_len_bins {
    }
  }
  flow_features {
    packet_count: 1
  }
  end_time: 1388563200513633
}
flow_info {
  key {
    src_address: "@B\374\370"
    dst_address: "`\226\016P"
    src_port: 41240
    dst_port: 59817
    proto: 6
    tenant_id: 10
    flow_start_time: 1388563200560236
    key_type: IPV4
  }
  start_time: 1388563200560236
  ip_info {
    qos: 0
  }
  flow_features {
    packet_count: 1
  }
  end_time: 1388563200560236
}
