flow_info {
  key {
    src_address: "\255\237\253K"
    dst_address: "\365\340\215\227"
    src_port: 49366
    dst_port: 39259
    proto: 6
    tenant_id: 10
    flow_start_time: 1388563200000000
    key_type: IPV4
  }
  start_time: 1388563200000000
  ip_info {
    last_cached_ttl: 8
    qos: 0
  }
  tcp_info {
    sequence_num: 0
    null_flags: 1
    syn_fin_rst_ack_all_zero: 1
    option_len_bins {
    }
  }
  flow_features {
    packet_count: 1
  }
  end_time: 1388563200000000
}
flow_info {
  key {
    src_address: "\\\376\005\246"
    dst_address: "F9\037\356"
    src_port: 49912
    dst_port: 56207
    proto: 6
    tenant_id: 20
    flow_start_time: 1388563200038787
    key_type: IPV4
  }
  start_time: 1388563200038787
  ip_info {
    qos: 0
  }
  flow_features {
    packet_count: 1
  }
  end_time: 1388563200038787
}
flow_info {
  key {
    src_address: "{\360\036\302"
    dst_address: "<\341\354\232"
    src_port: 712
    dst_port: 35753
    proto: 6
    tenant_id: 30
    flow_start_time: 1388563200077574
    key_type: IPV4
  }
  start_time: 1388563200077574
  ip_info {
    last_cached_ttl: 8
    qos: 0
  }
  tcp_info {
    sequence_num: 20
    null_flags: 1
    syn_fin_rst_ack_all_zero: 1
    option_len_bins {
    }
  }
  flow_features {
    packet_count: 1
  }
  end_time: 1388563200077574
}
flow_info {
  key {
    src_address: "\255\237\253K"
    dst_address: "\025Ce\237"
    src_port: 7931
    dst_port: 13992
    proto: 6
    tenant_id: 10
    flow_start_time: 1388563200116361
    key_type: IPV4
  }
  start_time: 1388563200116361
  ip_info {
    qos: 0
  }
  flow_features {
    packet_count: 1
  }
  end_time: 1388563200116361
}
flow_info {
  key {
    src_address: "\\\376\005\246"
    dst_address: "\244\230\251\357"
    src_port: 46679
    dst_port: 51622
    proto: 6
    tenant_id: 20
    flow_start_time: 1388563200155148
    key_type: IPV4
  }
  start_time: 1388563200155148
  ip_info {
    last_cached_ttl: 8
    qos: 0
  }
  tcp_info {
    sequence_num: 40
    null_flags: 1
    syn_fin_rst_ack_all_zero: 1
    option_len_bins {
    }
  }
  flow_features {
    packet_count: 1
  }
  end_time: 1388563200155148
}
flow_info {
  key {
    src_address: "{\360\036\302"
    dst_address: "\365\340\215\227"
    src_port: 20749
    dst_port: 49912
    proto: 6
    tenant_id: 30
    flow_start_time: 1388563200193935
    key_type: IPV4
  }
  start_time: 1388563200193935
  ip_info {
    qos: 0
  }
  flow_features {
    packet_count: 1
  }
  end_time: 1388563200193935
}
flow_info {
  key {
    src_address: "\255\237\253K"
    dst_address: "F9\037\356"
    src_port: 4650
    dst_port: 4798
    proto: 6
    tenant_id: 10
    flow_start_time: 1388563200232722
    key_type: IPV4
  }
  start_time: 1388563200232722
  ip_info {
    last_cached_ttl: 8
    qos: 0
  }
  tcp_info {
    sequence_num: 60
    null_flags: 1
    syn_fin_rst_ack_all_zero: 1
    option_len_bins {
    }
  }
  flow_features {
    packet_count: 1
  }
  end_time: 1388563200232722
}
flow_info {
  key {
    src_address: "\\\376\005\246"
    dst_address: "<\341\354\232"
    src_port: 49366
    dst_port: 16951
    proto: 6
    tenant_id: 20
    flow_start_time: 1388563200233722
    key_type: IPV4
  }
  start_time: 1388563200233722
  ip_info {
    qos: 0
  }
  flow_features {
    packet_count: 1
  }
  end_time: 1388563200233722
}
flow_info {
  key {
    src_address: "{\360\036\302"
    dst_address: "\025Ce\237"
    src_port: 49912
    dst_port: 21123
    proto: 6
    tenant_id: 30
    flow_start_time: 1388563200272509
    key_type: IPV4
  }
  start_time: 1388563200272509
  ip_info {
    last_cached_ttl: 8
    qos: 0
  }
  tcp_info {
    sequence_num: 80
    null_flags: 1
    syn_fin_rst_ack_all_zero: 1
    option_len_bins {
    }
  }
  flow_features {
    packet_count: 1
  }
  end_time: 1388563200272509
}
flow_info {
  key {
    src_address: "\255\237\253K"
    dst_address: "\244\230\251\357"
    src_port: 712
    dst_port: 23426
    proto: 6
    tenant_id: 10
    flow_start_time: 1388563200311296
    key_type: IPV4
  }
  start_time: 1388563200311296
  ip_info {
    qos: 0
  }
  flow_features {
    packet_count: 1
  }
  end_time: 1388563200311296
}
flow_info {
  key {
    src_address: "\\\376\005\246"
    dst_address: "\365\340\215\227"
    src_port: 7931
    dst_port: 46679
    proto: 6
    tenant_id: 20
    flow_start_time: 1388563200350083
    key_type: IPV4
  }
  start_time: 1388563200350083
  ip_info {
    last_cached_ttl: 8
    qos: 0
  }
  tcp_info {
    sequence_num: 100
    null_flags: 1
    syn_fin_rst_ack_all_zero: 1
    option_len_bins {
    }
  }
  flow_features {
    packet_count: 1
  }
  end_time: 1388563200350083
}
flow_info {
  key {
    src_address: "{\360\036\302"
    dst_address: "F9\037\356"
    src_port: 46679
    dst_port: 39259
    proto: 6
    tenant_id: 30
    flow_start_time: 1388563200388870
    key_type: IPV4
  }
  start_time: 1388563200388870
  ip_info {
    qos: 0
  }
  flow_features {
    packet_count: 1
  }
  end_time: 1388563200388870
}
flow_info {
  key {
    src_address: "\255\237\253K"
    dst_address: "<\341\354\232"
    src_port: 20749
    dst_port: 56207
    proto: 6
    tenant_id: 10
    flow_start_time: 1388563200427657
    key_type: IPV4
  }
  start_time: 1388563200427657
  ip_info {
    last_cached_ttl: 8
    qos: 0
  }
  tcp_info {
    sequence_num: 120
    null_flags: 1
    syn_fin_rst_ack_all_zero: 1
    option_len_bins {
    }
  }
  flow_features {
    packet_count: 1
  }
  end_time: 1388563200427657
}
flow_info {
  key {
    src_address: "\\\376\005\246"
    dst_address: "\025Ce\237"
    src_port: 4650
    dst_port: 35753
    proto: 6
    tenant_id: 20
    flow_start_time: 1388563200466444
    key_type: IPV4
  }
  start_time: 1388563200466444
  ip_info {
    qos: 0
  }
  flow_features {
    packet_count: 1
  }
  end_time: 1388563200466444
}
flow_info {
  key {
    src_address: "{\360\036\302"
    dst_address: "\244\230\251\357"
    src_port: 49366
    dst_port: 13992
    proto: 6
    tenant_id: 30
    flow_start_time: 1388563200467444
    key_type: IPV4
  }
  start_time: 1388563200467444
  ip_info {
    last_cached_ttl: 8
    qos: 0
  }
  tcp_info {
    sequence_num: 140
    null_flags: 1
    syn_fin_rst_ack_all_zero: 1
    option_len_bins {
    }
  }
  flow_features {
    packet_count: 1
  }
  end_time: 1388563200467444
}
flow_info {
  key {
    src_address: "\255\237\253K"
    dst_address: "\365\340\215\227"
    src_port: 49912
    dst_port: 51622
    proto: 6
    tenant_id: 10
    flow_start_time: 1388563200506231
    key_type: IPV4
  }
  start_time: 1388563200506231
  ip_info {
    last_cached_ttl: 8
    qos: 0
  }
  tcp_info {
    sequence_num: 150
    null_flags: 1
    syn_fin_rst_ack_all_zero: 1
    option_len_bins {
    }
  }
  flow_features {
    packet_count: 1
  }
  end_time: 1388563200506231
}
flow_info {
  key {
    src_address: "\\\376\005\246"
    dst_address: "F9\037\356"
    src_port: 712
    dst_port: 49912
    proto: 6
    tenant_id: 20
    flow_start_time: 1388563200545018
    key_type: IPV4
  }
  start_time: 1388563200545018
  ip_info {
    qos: 0
  }
  flow_features {
    packet_count: 1
  }
  end_time: 1388563200545018
}
flow_info {
  key {
    src_address: "{\360\036\302"
    dst_address: "<\341\354\232"
    src_port: 7931
    dst_port: 4798
    proto: 6
    tenant_id: 30
    flow_start_time: 1388563200583805
    key_type: IPV4
  }
  start_time: 1388563200583805
  ip_info {
    last_cached_ttl: 8
    qos: 0
  }
  tcp_info {
    sequence_num: 170
    null_flags: 1
    syn_fin_rst_ack_all_zero: 1
    option_len_bins {
    }
  }
  flow_features {
    packet_count: 1
  }
  end_time: 1388563200583805
}
flow_info {
  key {
    src_address: "\255\237\253K"
    dst_address: "\025Ce\237"
    src_port: 46679
    dst_port: 16951
    proto: 6
    tenant_id: 10
    flow_start_time: 1388563200622592
    key_type: IPV4
  }
  start_time: 1388563200622592
  ip_info {
    qos: 0
  }
  flow_features {
    packet_count: 1
  }
  end_time: 1388563200622592
}
flow_info {
  key {
    src_address: "\\\376\005\246"
    dst_address: "\244\230\251\357"
    src_port: 20749
    dst_port: 21123
    proto: 6
    tenant_id: 20
    flow_start_time: 1388563200661379
    key_type: IPV4
  }
  start_time: 1388563200661379
  ip_info {
    last_cached_ttl: 8
    qos: 0
  }
  tcp_info {
    sequence_num: 190
    null_flags: 1
    syn_fin_rst_ack_all_zero: 1
    option_len_bins {
    }
  }
  flow_features {
    packet_count: 1
  }
  end_time: 1388563200661379
}
flow_info {
  key {
    src_address: "{\360\036\302"
    dst_address: "\365\340\215\227"
    src_port: 4650
    dst_port: 23426
    proto: 6
    tenant_id: 30
    flow_start_time: 1388563200700166
    key_type: IPV4
  }
  start_time: 1388563200700166
  ip_info {
    qos: 0
  }
  flow_features {
    packet_count: 1
  }
  end_time: 1388563200700166
}
