flow_info {
  key {
    src_address: "\314\030\202x"
    dst_address: "\363(\277\350"
    src_port: 26169
    dst_port: 23393
    proto: 6
    tenant_id: 10
    flow_start_time: 1388563200000000
    key_type: IPV4
  }
  start_time: 1388563200000000
  ip_info {
    last_cached_ttl: 8
    qos: 0
  }
  tcp_info {
    sequence_num: 0
    null_flags: 1
    syn_fin_rst_ack_all_zero: 1
    option_len_bins {
    }
  }
  flow_features {
    packet_count: 1
  }
  end_time: 1388563200000000
}
flow_info {
  key {
    src_address: "r\305M>"
    dst_address: "\211\303:\311"
    src_port: 2871
    dst_port: 25904
    proto: 6
    tenant_id: 10
    flow_start_time: 1388563200059341
    key_type: IPV4
  }
  start_time: 1388563200059341
  ip_info {
    qos: 0
  }
  flow_features {
    packet_count: 1
  }
  end_time: 1388563200059341
}
flow_info {
  key {
    src_address: "\033B\260\204"
    dst_address: "6~h\311"
    src_port: 1783
    dst_port: 25013
    proto: 6
    tenant_id: 10
    flow_start_time: 1388563200118682
    key_type: IPV4
  }
  start_time: 1388563200118682
  ip_info {
    last_cached_ttl: 8
    qos: 0
  }
  tcp_info {
    sequence_num: 20
    null_flags: 1
    syn_fin_rst_ack_all_zero: 1
    option_len_bins {
    }
  }
  flow_features {
    packet_count: 1
  }
  end_time: 1388563200118682
}
flow_info {
  key {
    src_address: "\314\030\202x"
    dst_address: ")\220\350\341"
    src_port: 26710
    dst_port: 59829
    proto: 6
    tenant_id: 10
    flow_start_time: 1388563200178023
    key_type: IPV4
  }
  start_time: 1388563200178023
  ip_info {
    qos: 0
  }
  flow_features {
    packet_count: 1
  }
  end_time: 1388563200178023
}
flow_info {
  key {
    src_address: "r\305M>"
    dst_address: "r\305M>"
    src_port: 21754
    dst_port: 49895
    proto: 6
    tenant_id: 10
    flow_start_time: 1388563200237364
    key_type: IPV4
  }
  start_time: 1388563200237364
  ip_info {
    last_cached_ttl: 8
    qos: 0
  }
  tcp_info {
    sequence_num: 40
    null_flags: 1
    syn_fin_rst_ack_all_zero: 1
    option_len_bins {
    }
  }
  flow_features {
    packet_count: 1
  }
  end_time: 1388563200237364
}
flow_info {
  key {
    src_address: "\033B\260\204"
    dst_address: "\363(\277\350"
    src_port: 21138
    dst_port: 35668
    proto: 6
    tenant_id: 10
    flow_start_time: 1388563200296705
    key_type: IPV4
  }
  start_time: 1388563200296705
  ip_info {
    qos: 0
  }
  flow_features {
    packet_count: 1
  }
  end_time: 1388563200296705
}
flow_info {
  key {
    src_address: "\314\030\202x"
    dst_address: "\211\303:\311"
    src_port: 23393
    dst_port: 7269
    proto: 6
    tenant_id: 10
    flow_start_time: 1388563200356046
    key_type: IPV4
  }
  start_time: 1388563200356046
  ip_info {
    last_cached_ttl: 8
    qos: 0
  }
  tcp_info {
    sequence_num: 60
    null_flags: 1
    syn_fin_rst_ack_all_zero: 1
    option_len_bins {
    }
  }
  flow_features {
    packet_count: 1
  }
  end_time: 1388563200356046
}
flow_info {
  key {
    src_address: "r\305M>"
    dst_address: "6~h\311"
    src_port: 26169
    dst_port: 14889
    proto: 6
    tenant_id: 10
    flow_start_time: 1388563200357046
    key_type: IPV4
  }
  start_time: 1388563200357046
  ip_info {
    qos: 0
  }
  flow_features {
    packet_count: 1
  }
  end_time: 1388563200357046
}
flow_info {
  key {
    src_address: "\033B\260\204"
    dst_address: ")\220\350\341"
    src_port: 2871
    dst_port: 5136
    proto: 6
    tenant_id: 10
    flow_start_time: 1388563200416387
    key_type: IPV4
  }
  start_time: 1388563200416387
  ip_info {
    last_cached_ttl: 8
    qos: 0
  }
  tcp_info {
    sequence_num: 80
    null_flags: 1
    syn_fin_rst_ack_all_zero: 1
    option_len_bins {
    }
  }
  flow_features {
    packet_count: 1
  }
  end_time: 1388563200416387
}
flow_info {
  key {
    src_address: "\314\030\202x"
    dst_address: "r\305M>"
    src_port: 1783
    dst_port: 42921
    proto: 6
    tenant_id: 10
    flow_start_time: 1388563200475728
    key_type: IPV4
  }
  start_time: 1388563200475728
  ip_info {
    qos: 0
  }
  flow_features {
    packet_count: 1
  }
  end_time: 1388563200475728
}
flow_info {
  key {
    src_address: "r\305M>"
    dst_address: "\363(\277\350"
    src_port: 26710
    dst_port: 58046
    proto: 6
    tenant_id: 10
    flow_start_time: 1388563200535069
    key_type: IPV4
  }
  start_time: 1388563200535069
  ip_info {
    last_cached_ttl: 8
    qos: 0
  }
  tcp_info {
    sequence_num: 100
    null_flags: 1
    syn_fin_rst_ack_all_zero: 1
    option_len_bins {
    }
  }
  flow_features {
    packet_count: 1
  }
  end_time: 1388563200535069
}
flow_info {
  key {
    src_address: "\033B\260\204"
    dst_address: "\211\303:\311"
    src_port: 21754
    dst_port: 23393
    proto: 6
    tenant_id: 10
    flow_start_time: 1388563200594410
    key_type: IPV4
  }
  start_time: 1388563200594410
  ip_info {
    qos: 0
  }
  flow_features {
    packet_count: 1
  }
  end_time: 1388563200594410
}
flow_info {
  key {
    src_address: "\314\030\202x"
    dst_address: "6~h\311"
    src_port: 21138
    dst_port: 25904
    proto: 6
    tenant_id: 10
    flow_start_time: 1388563200653751
    key_type: IPV4
  }
  start_time: 1388563200653751
  ip_info {
    last_cached_ttl: 8
    qos: 0
  }
  tcp_info {
    sequence_num: 120
    null_flags: 1
    syn_fin_rst_ack_all_zero: 1
    option_len_bins {
    }
  }
  flow_features {
    packet_count: 1
  }
  end_time: 1388563200653751
}
flow_info {
  key {
    src_address: "r\305M>"
    dst_address: ")\220\350\341"
    src_port: 23393
    dst_port: 25013
    proto: 6
    tenant_id: 10
    flow_start_time: 1388563200713092
    key_type: IPV4
  }
  start_time: 1388563200713092
  ip_info {
    qos: 0
  }
  flow_features {
    packet_count: 1
  }
  end_time: 1388563200713092
}
flow_info {
  key {
    src_address: "\033B\260\204"
    dst_address: "r\305M>"
    src_port: 26169
    dst_port: 59829
    proto: 6
    tenant_id: 10
    flow_start_time: 1388563200714092
    key_type: IPV4
  }
  start_time: 1388563200714092
  ip_info {
    last_cached_ttl: 8
    qos: 0
  }
  tcp_info {
    sequence_num: 140
    null_flags: 1
    syn_fin_rst_ack_all_zero: 1
    option_len_bins {
    }
  }
  flow_features {
    packet_count: 1
  }
  end_time: 1388563200714092
}
flow_info {
  key {
    src_address: "\314\030\202x"
    dst_address: "\363(\277\350"
    src_port: 2871
    dst_port: 49895
    proto: 6
    tenant_id: 10
    flow_start_time: 1388563200773433
    key_type: IPV4
  }
  start_time: 1388563200773433
  ip_info {
    last_cached_ttl: 8
    qos: 0
  }
  tcp_info {
    sequence_num: 150
    null_flags: 1
    syn_fin_rst_ack_all_zero: 1
    option_len_bins {
    }
  }
  flow_features {
    packet_count: 1
  }
  end_time: 1388563200773433
}
flow_info {
  key {
    src_address: "r\305M>"
    dst_address: "\211\303:\311"
    src_port: 1783
    dst_port: 35668
    proto: 6
    tenant_id: 10
    flow_start_time: 1388563200832774
    key_type: IPV4
  }
  start_time: 1388563200832774
  ip_info {
    qos: 0
  }
  flow_features {
    packet_count: 1
  }
  end_time: 1388563200832774
}
flow_info {
  key {
    src_address: "\033B\260\204"
    dst_address: "6~h\311"
    src_port: 26710
    dst_port: 7269
    proto: 6
    tenant_id: 10
    flow_start_time: 1388563200892115
    key_type: IPV4
  }
  start_time: 1388563200892115
  ip_info {
    last_cached_ttl: 8
    qos: 0
  }
  tcp_info {
    sequence_num: 170
    null_flags: 1
    syn_fin_rst_ack_all_zero: 1
    option_len_bins {
    }
  }
  flow_features {
    packet_count: 1
  }
  end_time: 1388563200892115
}
flow_info {
  key {
    src_address: "\314\030\202x"
    dst_address: ")\220\350\341"
    src_port: 21754
    dst_port: 14889
    proto: 6
    tenant_id: 10
    flow_start_time: 1388563200951456
    key_type: IPV4
  }
  start_time: 1388563200951456
  ip_info {
    qos: 0
  }
  flow_features {
    packet_count: 1
  }
  end_time: 1388563200951456
}
flow_info {
  key {
    src_address: "r\305M>"
    dst_address: "r\305M>"
    src_port: 21138
    dst_port: 5136
    proto: 6
    tenant_id: 10
    flow_start_time: 1388563201010797
    key_type: IPV4
  }
  start_time: 1388563201010797
  ip_info {
    last_cached_ttl: 8
    qos: 0
  }
  tcp_info {
    sequence_num: 190
    null_flags: 1
    syn_fin_rst_ack_all_zero: 1
    option_len_bins {
    }
  }
  flow_features {
    packet_count: 1
  }
  end_time: 1388563201010797
}
flow_info {
  key {
    src_address: "\033B\260\204"
    dst_address: "\363(\277\350"
    src_port: 23393
    dst_port: 42921
    proto: 6
    tenant_id: 10
    flow_start_time: 1388563201070138
    key_type: IPV4
  }
  start_time: 1388563201070138
  ip_info {
    qos: 0
  }
  flow_features {
    packet_count: 1
  }
  end_time: 1388563201070138
}
flow_info {
  key {
    src_address: "\314\030\202x"
    dst_address: "\211\303:\311"
    src_port: 26169
    dst_port: 58046
    proto: 6
    tenant_id: 10
    flow_start_time: 1388563201071138
    key_type: IPV4
  }
  start_time: 1388563201071138
  ip_info {
    last_cached_ttl: 8
    qos: 0
  }
  tcp_info {
    sequence_num: 210
    null_flags: 1
    syn_fin_rst_ack_all_zero: 1
    option_len_bins {
    }
  }
  flow_features {
    packet_count: 1
  }
  end_time: 1388563201071138
}
flow_info {
  key {
    src_address: "r\305M>"
    dst_address: "6~h\311"
    src_port: 2871
    dst_port: 23393
    proto: 6
    tenant_id: 10
    flow_start_time: 1388563201130479
    key_type: IPV4
  }
  start_time: 1388563201130479
  ip_info {
    qos: 0
  }
  flow_features {
    packet_count: 1
  }
  end_time: 1388563201130479
}
flow_info {
  key {
    src_address: "\033B\260\204"
    dst_address: ")\220\350\341"
    src_port: 1783
    dst_port: 25904
    proto: 6
    tenant_id: 10
    flow_start_time: 1388563201189820
    key_type: IPV4
  }
  start_time: 1388563201189820
  ip_info {
    last_cached_ttl: 8
    qos: 0
  }
  tcp_info {
    sequence_num: 230
    null_flags: 1
    syn_fin_rst_ack_all_zero: 1
    option_len_bins {
    }
  }
  flow_features {
    packet_count: 1
  }
  end_time: 1388563201189820
}
flow_info {
  key {
    src_address: "\314\030\202x"
    dst_address: "r\305M>"
    src_port: 26710
    dst_port: 25013
    proto: 6
    tenant_id: 10
    flow_start_time: 1388563201249161
    key_type: IPV4
  }
  start_time: 1388563201249161
  ip_info {
    qos: 0
  }
  flow_features {
    packet_count: 1
  }
  end_time: 1388563201249161
}
flow_info {
  key {
    src_address: "r\305M>"
    dst_address: "\363(\277\350"
    src_port: 21754
    dst_port: 59829
    proto: 6
    tenant_id: 10
    flow_start_time: 1388563201308502
    key_type: IPV4
  }
  start_time: 1388563201308502
  ip_info {
    last_cached_ttl: 8
    qos: 0
  }
  tcp_info {
    sequence_num: 250
    null_flags: 1
    syn_fin_rst_ack_all_zero: 1
    option_len_bins {
    }
  }
  flow_features {
    packet_count: 1
  }
  end_time: 1388563201308502
}
flow_info {
  key {
    src_address: "\033B\260\204"
    dst_address: "\211\303:\311"
    src_port: 21138
    dst_port: 49895
    proto: 6
    tenant_id: 10
    flow_start_time: 1388563201367843
    key_type: IPV4
  }
  start_time: 1388563201367843
  ip_info {
    qos: 0
  }
  flow_features {
    packet_count: 1
  }
  end_time: 1388563201367843
}
flow_info {
  key {
    src_address: "\314\030\202x"
    dst_address: "6~h\311"
    src_port: 23393
    dst_port: 35668
    proto: 6
    tenant_id: 10
    flow_start_time: 1388563201427184
    key_type: IPV4
  }
  start_time: 1388563201427184
  ip_info {
    last_cached_ttl: 8
    qos: 0
  }
  tcp_info {
    sequence_num: 270
    null_flags: 1
    syn_fin_rst_ack_all_zero: 1
    option_len_bins {
    }
  }
  flow_features {
    packet_count: 1
  }
  end_time: 1388563201427184
}
flow_info {
  key {
    src_address: "r\305M>"
    dst_address: ")\220\350\341"
    src_port: 26169
    dst_port: 7269
    proto: 6
    tenant_id: 10
    flow_start_time: 1388563201428184
    key_type: IPV4
  }
  start_time: 1388563201428184
  ip_info {
    qos: 0
  }
  flow_features {
    packet_count: 1
  }
  end_time: 1388563201428184
}
flow_info {
  key {
    src_address: "\033B\260\204"
    dst_address: "r\305M>"
    src_port: 2871
    dst_port: 14889
    proto: 6
    tenant_id: 10
    flow_start_time: 1388563201487525
    key_type: IPV4
  }
  start_time: 1388563201487525
  ip_info {
    last_cached_ttl: 8
    qos: 0
  }
  tcp_info {
    sequence_num: 290
    null_flags: 1
    syn_fin_rst_ack_all_zero: 1
    option_len_bins {
    }
  }
  flow_features {
    packet_count: 1
  }
  end_time: 1388563201487525
}
flow_info {
  key {
    src_address: "\314\030\202x"
    dst_address: "\363(\277\350"
    src_port: 1783
    dst_port: 5136
    proto: 6
    tenant_id: 10
    flow_start_time: 1388563201546866
    key_type: IPV4
  }
  start_time: 1388563201546866
  ip_info {
    last_cached_ttl: 8
    qos: 0
  }
  tcp_info {
    sequence_num: 300
    null_flags: 1
    syn_fin_rst_ack_all_zero: 1
    option_len_bins {
    }
  }
  flow_features {
    packet_count: 1
  }
  end_time: 1388563201546866
}
flow_info {
  key {
    src_address: "r\305M>"
    dst_address: "\211\303:\311"
    src_port: 26710
    dst_port: 42921
    proto: 6
    tenant_id: 10
    flow_start_time: 1388563201606207
    key_type: IPV4
  }
  start_time: 1388563201606207
  ip_info {
    qos: 0
  }
  flow_features {
    packet_count: 1
  }
  end_time: 1388563201606207
}
flow_info {
  key {
    src_address: "\033B\260\204"
    dst_address: "6~h\311"
    src_port: 21754
    dst_port: 58046
    proto: 6
    tenant_id: 10
    flow_start_time: 1388563201665548
    key_type: IPV4
  }
  start_time: 1388563201665548
  ip_info {
    last_cached_ttl: 8
    qos: 0
  }
  tcp_info {
    sequence_num: 320
    null_flags: 1
    syn_fin_rst_ack_all_zero: 1
    option_len_bins {
    }
  }
  flow_features {
    packet_count: 1
  }
  end_time: 1388563201665548
}
flow_info {
  key {
    src_address: "\314\030\202x"
    dst_address: ")\220\350\341"
    src_port: 21138
    dst_port: 23393
    proto: 6
    tenant_id: 10
    flow_start_time: 1388563201724889
    key_type: IPV4
  }
  start_time: 1388563201724889
  ip_info {
    qos: 0
  }
  flow_features {
    packet_count: 1
  }
  end_time: 1388563201724889
}
flow_info {
  key {
    src_address: "r\305M>"
    dst_address: "r\305M>"
    src_port: 23393
    dst_port: 25904
    proto: 6
    tenant_id: 10
    flow_start_time: 1388563201784230
    key_type: IPV4
  }
  start_time: 1388563201784230
  ip_info {
    last_cached_ttl: 8
    qos: 0
  }
  tcp_info {
    sequence_num: 340
    null_flags: 1
    syn_fin_rst_ack_all_zero: 1
    option_len_bins {
    }
  }
  flow_features {
    packet_count: 1
  }
  end_time: 1388563201784230
}
