flow_info {
  key {
    src_address: "T\376\221\246"
    dst_address: "\253\002G8"
    src_port: 17295
    dst_port: 17676
    proto: 6
    tenant_id: 10
    flow_start_time: 1388563200000000
    key_type: IPV4
  }
  start_time: 1388563200000000
  ip_info {
    last_cached_ttl: 8
    qos: 0
  }
  tcp_info {
    sequence_num: 0
    null_flags: 1
    syn_fin_rst_ack_all_zero: 1
    option_len_bins {
    }
  }
  flow_features {
    packet_count: 1
  }
  end_time: 1388563200000000
}
flow_info {
  key {
    src_address: "_\357Q{"
    dst_address: "\256V\215s"
    src_port: 30418
    dst_port: 5325
    proto: 6
    tenant_id: 20
    flow_start_time: 1388563200075401
    key_type: IPV4
  }
  start_time: 1388563200075401
  ip_info {
    qos: 0
  }
  flow_features {
    packet_count: 1
  }
  end_time: 1388563200075401
}
flow_info {
  key {
    src_address: "9%z\355"
    dst_address: "\372XB\270"
    src_port: 35423
    dst_port: 52417
    proto: 6
    tenant_id: 30
    flow_start_time: 1388563200076401
    key_type: IPV4
  }
  start_time: 1388563200076401
  ip_info {
    last_cached_ttl: 8
    qos: 0
  }
  tcp_info {
    sequence_num: 20
    null_flags: 1
    syn_fin_rst_ack_all_zero: 1
    option_len_bins {
    }
  }
  flow_features {
    packet_count: 1
  }
  end_time: 1388563200076401
}
flow_info {
  key {
    src_address: "T\376\221\246"
    dst_address: "\026\n@\304"
    src_port: 63766
    dst_port: 30650
    proto: 6
    tenant_id: 10
    flow_start_time: 1388563200151802
    key_type: IPV4
  }
  start_time: 1388563200151802
  ip_info {
    qos: 0
  }
  flow_features {
    packet_count: 1
  }
  end_time: 1388563200151802
}
flow_info {
  key {
    src_address: "_\357Q{"
    dst_address: "\324\214\317\205"
    src_port: 53629
    dst_port: 12955
    proto: 6
    tenant_id: 20
    flow_start_time: 1388563200152802
    key_type: IPV4
  }
  start_time: 1388563200152802
  ip_info {
    last_cached_ttl: 8
    qos: 0
  }
  tcp_info {
    sequence_num: 40
    null_flags: 1
    syn_fin_rst_ack_all_zero: 1
    option_len_bins {
    }
  }
  flow_features {
    packet_count: 1
  }
  end_time: 1388563200152802
}
flow_info {
  key {
    src_address: "9%z\355"
    dst_address: "\253\002G8"
    src_port: 5122
    dst_port: 21178
    proto: 6
    tenant_id: 30
    flow_start_time: 1388563200228203
    key_type: IPV4
  }
  start_time: 1388563200228203
  ip_info {
    qos: 0
  }
  flow_features {
    packet_count: 1
  }
  end_time: 1388563200228203
}
flow_info {
  key {
    src_address: "T\376\221\246"
    dst_address: "\256V\215s"
    src_port: 39176
    dst_port: 4061
    proto: 6
    tenant_id: 10
    flow_start_time: 1388563200229203
    key_type: IPV4
  }
  start_time: 1388563200229203
  ip_info {
    last_cached_ttl: 8
    qos: 0
  }
  tcp_info {
    sequence_num: 60
    null_flags: 1
    syn_fin_rst_ack_all_zero: 1
    option_len_bins {
    }
  }
  flow_features {
    packet_count: 1
  }
  end_time: 1388563200229203
}
flow_info {
  key {
    src_address: "_\357Q{"
    dst_address: "\372XB\270"
    src_port: 17295
    dst_port: 30871
    proto: 6
    tenant_id: 20
    flow_start_time: 1388563200304604
    key_type: IPV4
  }
  start_time: 1388563200304604
  ip_info {
    qos: 0
  }
  flow_features {
    packet_count: 1
  }
  end_time: 1388563200304604
}
flow_info {
  key {
    src_address: "9%z\355"
    dst_address: "\026\n@\304"
    src_port: 30418
    dst_port: 22143
    proto: 6
    tenant_id: 30
    flow_start_time: 1388563200305604
    key_type: IPV4
  }
  start_time: 1388563200305604
  ip_info {
    last_cached_ttl: 8
    qos: 0
  }
  tcp_info {
    sequence_num: 80
    null_flags: 1
    syn_fin_rst_ack_all_zero: 1
    option_len_bins {
    }
  }
  flow_features {
    packet_count: 1
  }
  end_time: 1388563200305604
}
flow_info {
  key {
    src_address: "T\376\221\246"
    dst_address: "\324\214\317\205"
    src_port: 35423
    dst_port: 20693
    proto: 6
    tenant_id: 10
    flow_start_time: 1388563200381005
    key_type: IPV4
  }
  start_time: 1388563200381005
  ip_info {
    qos: 0
  }
  flow_features {
    packet_count: 1
  }
  end_time: 1388563200381005
}
