flow_info {
  key {
    src_address: "#8*="
    dst_address: "X\017}8"
    src_port: 48285
    dst_port: 6060
    proto: 6
    tenant_id: 10
    flow_start_time: 1388563200000000
    key_type: IPV4
  }
  start_time: 1388563200000000
  ip_info {
    last_cached_ttl: 8
    qos: 0
  }
  tcp_info {
    sequence_num: 0
    null_flags: 1
    syn_fin_rst_ack_all_zero: 1
    option_len_bins {
    }
  }
  flow_features {
    packet_count: 1
  }
  end_time: 1388563200000000
}
flow_info {
  key {
    src_address: "#\277\354\315"
    dst_address: "\322\030hG"
    src_port: 30026
    dst_port: 40889
    proto: 6
    tenant_id: 20
    flow_start_time: 1388563200043892
    key_type: IPV4
  }
  start_time: 1388563200043892
  ip_info {
    qos: 0
  }
  flow_features {
    packet_count: 1
  }
  end_time: 1388563200043892
}
flow_info {
  key {
    src_address: "\376\204\266\306"
    dst_address: "\036j|\235"
    src_port: 53053
    dst_port: 6782
    proto: 6
    tenant_id: 10
    flow_start_time: 1388563200087784
    key_type: IPV4
  }
  start_time: 1388563200087784
  ip_info {
    last_cached_ttl: 8
    qos: 0
  }
  tcp_info {
    sequence_num: 20
    null_flags: 1
    syn_fin_rst_ack_all_zero: 1
    option_len_bins {
    }
  }
  flow_features {
    packet_count: 1
  }
  end_time: 1388563200087784
}
flow_info {
  key {
    src_address: "#8*="
    dst_address: "?G\273&"
    src_port: 64637
    dst_port: 30026
    proto: 6
    tenant_id: 20
    flow_start_time: 1388563200131676
    key_type: IPV4
  }
  start_time: 1388563200131676
  ip_info {
    qos: 0
  }
  flow_features {
    packet_count: 1
  }
  end_time: 1388563200131676
}
flow_info {
  key {
    src_address: "#\277\354\315"
    dst_address: "\3210~\t"
    src_port: 42427
    dst_port: 23415
    proto: 6
    tenant_id: 10
    flow_start_time: 1388563200132676
    key_type: IPV4
  }
  start_time: 1388563200132676
  ip_info {
    last_cached_ttl: 8
    qos: 0
  }
  tcp_info {
    sequence_num: 40
    null_flags: 1
    syn_fin_rst_ack_all_zero: 1
    option_len_bins {
    }
  }
  flow_features {
    packet_count: 1
  }
  end_time: 1388563200132676
}
flow_info {
  key {
    src_address: "\376\204\266\306"
    dst_address: "X\017}8"
    src_port: 23415
    dst_port: 28566
    proto: 6
    tenant_id: 20
    flow_start_time: 1388563200176568
    key_type: IPV4
  }
  start_time: 1388563200176568
  ip_info {
    qos: 0
  }
  flow_features {
    packet_count: 1
  }
  end_time: 1388563200176568
}
flow_info {
  key {
    src_address: "#8*="
    dst_address: "\322\030hG"
    src_port: 6060
    dst_port: 41629
    proto: 6
    tenant_id: 10
    flow_start_time: 1388563200220460
    key_type: IPV4
  }
  start_time: 1388563200220460
  ip_info {
    last_cached_ttl: 8
    qos: 0
  }
  tcp_info {
    sequence_num: 60
    null_flags: 1
    syn_fin_rst_ack_all_zero: 1
    option_len_bins {
    }
  }
  flow_features {
    packet_count: 1
  }
  end_time: 1388563200220460
}
flow_info {
  key {
    src_address: "#\277\354\315"
    dst_address: "\036j|\235"
    src_port: 48285
    dst_port: 48221
    proto: 6
    tenant_id: 20
    flow_start_time: 1388563200264352
    key_type: IPV4
  }
  start_time: 1388563200264352
  ip_info {
    qos: 0
  }
  flow_features {
    packet_count: 1
  }
  end_time: 1388563200264352
}
flow_info {
  key {
    src_address: "\376\204\266\306"
    dst_address: "?G\273&"
    src_port: 30026
    dst_port: 43754
    proto: 6
    tenant_id: 10
    flow_start_time: 1388563200265352
    key_type: IPV4
  }
  start_time: 1388563200265352
  ip_info {
    last_cached_ttl: 8
    qos: 0
  }
  tcp_info {
    sequence_num: 80
    null_flags: 1
    syn_fin_rst_ack_all_zero: 1
    option_len_bins {
    }
  }
  flow_features {
    packet_count: 1
  }
  end_time: 1388563200265352
}
flow_info {
  key {
    src_address: "#8*="
    dst_address: "\3210~\t"
    src_port: 53053
    dst_port: 5779
    proto: 6
    tenant_id: 20
    flow_start_time: 1388563200309244
    key_type: IPV4
  }
  start_time: 1388563200309244
  ip_info {
    qos: 0
  }
  flow_features {
    packet_count: 1
  }
  end_time: 1388563200309244
}
flow_info {
  key {
    src_address: "#\277\354\315"
    dst_address: "X\017}8"
    src_port: 64637
    dst_port: 32817
    proto: 6
    tenant_id: 10
    flow_start_time: 1388563200353136
    key_type: IPV4
  }
  start_time: 1388563200353136
  ip_info {
    last_cached_ttl: 8
    qos: 0
  }
  tcp_info {
    sequence_num: 100
    null_flags: 1
    syn_fin_rst_ack_all_zero: 1
    option_len_bins {
    }
  }
  flow_features {
    packet_count: 1
  }
  end_time: 1388563200353136
}
flow_info {
  key {
    src_address: "\376\204\266\306"
    dst_address: "\322\030hG"
    src_port: 42427
    dst_port: 6060
    proto: 6
    tenant_id: 20
    flow_start_time: 1388563200397028
    key_type: IPV4
  }
  start_time: 1388563200397028
  ip_info {
    qos: 0
  }
  flow_features {
    packet_count: 1
  }
  end_time: 1388563200397028
}
flow_info {
  key {
    src_address: "#8*="
    dst_address: "\036j|\235"
    src_port: 23415
    dst_port: 40889
    proto: 6
    tenant_id: 10
    flow_start_time: 1388563200398028
    key_type: IPV4
  }
  start_time: 1388563200398028
  ip_info {
    last_cached_ttl: 8
    qos: 0
  }
  tcp_info {
    sequence_num: 120
    null_flags: 1
    syn_fin_rst_ack_all_zero: 1
    option_len_bins {
    }
  }
  flow_features {
    packet_count: 1
  }
  end_time: 1388563200398028
}
flow_info {
  key {
    src_address: "#\277\354\315"
    dst_address: "?G\273&"
    src_port: 6060
    dst_port: 6782
    proto: 6
    tenant_id: 20
    flow_start_time: 1388563200441920
    key_type: IPV4
  }
  start_time: 1388563200441920
  ip_info {
    qos: 0
  }
  flow_features {
    packet_count: 1
  }
  end_time: 1388563200441920
}
flow_info {
  key {
    src_address: "\376\204\266\306"
    dst_address: "\3210~\t"
    src_port: 48285
    dst_port: 30026
    proto: 6
    tenant_id: 10
    flow_start_time: 1388563200485812
    key_type: IPV4
  }
  start_time: 1388563200485812
  ip_info {
    last_cached_ttl: 8
    qos: 0
  }
  tcp_info {
    sequence_num: 140
    null_flags: 1
    syn_fin_rst_ack_all_zero: 1
    option_len_bins {
    }
  }
  flow_features {
    packet_count: 1
  }
  end_time: 1388563200485812
}
flow_info {
  key {
    src_address: "#8*="
    dst_address: "X\017}8"
    src_port: 30026
    dst_port: 23415
    proto: 6
    tenant_id: 20
    flow_start_time: 1388563200529704
    key_type: IPV4
  }
  start_time: 1388563200529704
  ip_info {
    qos: 0
  }
  flow_features {
    packet_count: 1
  }
  end_time: 1388563200529704
}
