flow_info {
  key {
    src_address: "X\266G\242"
    dst_address: "\373\t\232\251"
    src_port: 16992
    dst_port: 15506
    proto: 6
    tenant_id: 10
    flow_start_time: 1388563200000000
    key_type: IPV4
  }
  start_time: 1388563200000000
  ip_info {
    last_cached_ttl: 8
    qos: 0
  }
  tcp_info {
    sequence_num: 0
    null_flags: 1
    syn_fin_rst_ack_all_zero: 1
    option_len_bins {
    }
  }
  flow_features {
    packet_count: 1
  }
  end_time: 1388563200000000
}
flow_info {
  key {
    src_address: "WC<b"
    dst_address: "\311\253\017\004"
    src_port: 959
    dst_port: 47022
    proto: 6
    tenant_id: 20
    flow_start_time: 1388563200019063
    key_type: IPV4
  }
  start_time: 1388563200019063
  ip_info {
    qos: 0
  }
  flow_features {
    packet_count: 1
  }
  end_time: 1388563200019063
}
flow_info {
  key {
    src_address: "j\241\233p"
    dst_address: "w\212\323@"
    src_port: 29560
    dst_port: 7977
    proto: 6
    tenant_id: 30
    flow_start_time: 1388563200038126
    key_type: IPV4
  }
  start_time: 1388563200038126
  ip_info {
    last_cached_ttl: 8
    qos: 0
  }
  tcp_info {
    sequence_num: 20
    null_flags: 1
    syn_fin_rst_ack_all_zero: 1
    option_len_bins {
    }
  }
  flow_features {
    packet_count: 1
  }
  end_time: 1388563200038126
}
flow_info {
  key {
    src_address: "X\266G\242"
    dst_address: "Y-.\250"
    src_port: 7977
    dst_port: 1845
    proto: 6
    tenant_id: 10
    flow_start_time: 1388563200057189
    key_type: IPV4
  }
  start_time: 1388563200057189
  ip_info {
    qos: 0
  }
  flow_features {
    packet_count: 1
  }
  end_time: 1388563200057189
}
flow_info {
  key {
    src_address: "WC<b"
    dst_address: "i\253\026,"
    src_port: 51667
    dst_port: 51667
    proto: 6
    tenant_id: 20
    flow_start_time: 1388563200076252
    key_type: IPV4
  }
  start_time: 1388563200076252
  ip_info {
    last_cached_ttl: 8
    qos: 0
  }
  tcp_info {
    sequence_num: 40
    null_flags: 1
    syn_fin_rst_ack_all_zero: 1
    option_len_bins {
    }
  }
  flow_features {
    packet_count: 1
  }
  end_time: 1388563200076252
}
flow_info {
  key {
    src_address: "j\241\233p"
    dst_address: "\373\t\232\251"
    src_port: 35995
    dst_port: 55657
    proto: 6
    tenant_id: 30
    flow_start_time: 1388563200095315
    key_type: IPV4
  }
  start_time: 1388563200095315
  ip_info {
    qos: 0
  }
  flow_features {
    packet_count: 1
  }
  end_time: 1388563200095315
}
flow_info {
  key {
    src_address: "X\266G\242"
    dst_address: "\311\253\017\004"
    src_port: 25627
    dst_port: 25627
    proto: 6
    tenant_id: 10
    flow_start_time: 1388563200114378
    key_type: IPV4
  }
  start_time: 1388563200114378
  ip_info {
    last_cached_ttl: 8
    qos: 0
  }
  tcp_info {
    sequence_num: 60
    null_flags: 1
    syn_fin_rst_ack_all_zero: 1
    option_len_bins {
    }
  }
  flow_features {
    packet_count: 1
  }
  end_time: 1388563200114378
}
flow_info {
  key {
    src_address: "WC<b"
    dst_address: "w\212\323@"
    src_port: 16992
    dst_port: 31237
    proto: 6
    tenant_id: 20
    flow_start_time: 1388563200133441
    key_type: IPV4
  }
  start_time: 1388563200133441
  ip_info {
    qos: 0
  }
  flow_features {
    packet_count: 1
  }
  end_time: 1388563200133441
}
flow_info {
  key {
    src_address: "j\241\233p"
    dst_address: "Y-.\250"
    src_port: 959
    dst_port: 48493
    proto: 6
    tenant_id: 30
    flow_start_time: 1388563200152504
    key_type: IPV4
  }
  start_time: 1388563200152504
  ip_info {
    last_cached_ttl: 8
    qos: 0
  }
  tcp_info {
    sequence_num: 80
    null_flags: 1
    syn_fin_rst_ack_all_zero: 1
    option_len_bins {
    }
  }
  flow_features {
    packet_count: 1
  }
  end_time: 1388563200152504
}
flow_info {
  key {
    src_address: "X\266G\242"
    dst_address: "i\253\026,"
    src_port: 29560
    dst_port: 34963
    proto: 6
    tenant_id: 10
    flow_start_time: 1388563200171567
    key_type: IPV4
  }
  start_time: 1388563200171567
  ip_info {
    qos: 0
  }
  flow_features {
    packet_count: 1
  }
  end_time: 1388563200171567
}
