flow_info {
  key {
    src_address: "rMW\321"
    dst_address: "\020\t\321Y"
    src_port: 551
    dst_port: 36337
    proto: 6
    tenant_id: 10
    flow_start_time: 1388563200000000
    key_type: IPV4
  }
  start_time: 1388563200000000
  ip_info {
    last_cached_ttl: 8
    qos: 0
  }
  tcp_info {
    sequence_num: 0
    null_flags: 1
    syn_fin_rst_ack_all_zero: 1
    option_len_bins {
    }
  }
  flow_features {
    packet_count: 1
  }
  end_time: 1388563200000000
}
flow_info {
  key {
    src_address: "\334<h`"
    dst_address: "H\311\350\260"
    src_port: 1785
    dst_port: 15592
    proto: 6
    tenant_id: 20
    flow_start_time: 1388563200058645
    key_type: IPV4
  }
  start_time: 1388563200058645
  ip_info {
    qos: 0
  }
  flow_features {
    packet_count: 1
  }
  end_time: 1388563200058645
}
flow_info {
  key {
    src_address: "\360_\231i"
    dst_address: "\025\\&\254"
    src_port: 9066
    dst_port: 50035
    proto: 6
    tenant_id: 10
    flow_start_time: 1388563200117290
    key_type: IPV4
  }
  start_time: 1388563200117290
  ip_info {
    last_cached_ttl: 8
    qos: 0
  }
  tcp_info {
    sequence_num: 20
    null_flags: 1
    syn_fin_rst_ack_all_zero: 1
    option_len_bins {
    }
  }
  flow_features {
    packet_count: 1
  }
  end_time: 1388563200117290
}
flow_info {
  key {
    src_address: "rMW\321"
    dst_address: "V\263\244\225"
    src_port: 56415
    dst_port: 21738
    proto: 6
    tenant_id: 20
    flow_start_time: 1388563200175935
    key_type: IPV4
  }
  start_time: 1388563200175935
  ip_info {
    qos: 0
  }
  flow_features {
    packet_count: 1
  }
  end_time: 1388563200175935
}
flow_info {
  key {
    src_address: "\334<h`"
    dst_address: "\261\260\317\303"
    src_port: 8588
    dst_port: 12819
    proto: 6
    tenant_id: 10
    flow_start_time: 1388563200234580
    key_type: IPV4
  }
  start_time: 1388563200234580
  ip_info {
    last_cached_ttl: 8
    qos: 0
  }
  tcp_info {
    sequence_num: 40
    null_flags: 1
    syn_fin_rst_ack_all_zero: 1
    option_len_bins {
    }
  }
  flow_features {
    packet_count: 1
  }
  end_time: 1388563200234580
}
flow_info {
  key {
    src_address: "\360_\231i"
    dst_address: "\020\t\321Y"
    src_port: 24218
    dst_port: 22538
    proto: 6
    tenant_id: 20
    flow_start_time: 1388563200293225
    key_type: IPV4
  }
  start_time: 1388563200293225
  ip_info {
    qos: 0
  }
  flow_features {
    packet_count: 1
  }
  end_time: 1388563200293225
}
flow_info {
  key {
    src_address: "rMW\321"
    dst_address: "H\311\350\260"
    src_port: 55575
    dst_port: 62195
    proto: 6
    tenant_id: 10
    flow_start_time: 1388563200351870
    key_type: IPV4
  }
  start_time: 1388563200351870
  ip_info {
    last_cached_ttl: 8
    qos: 0
  }
  tcp_info {
    sequence_num: 60
    null_flags: 1
    syn_fin_rst_ack_all_zero: 1
    option_len_bins {
    }
  }
  flow_features {
    packet_count: 1
  }
  end_time: 1388563200351870
}
flow_info {
  key {
    src_address: "\334<h`"
    dst_address: "\025\\&\254"
    src_port: 551
    dst_port: 49525
    proto: 6
    tenant_id: 20
    flow_start_time: 1388563200410515
    key_type: IPV4
  }
  start_time: 1388563200410515
  ip_info {
    qos: 0
  }
  flow_features {
    packet_count: 1
  }
  end_time: 1388563200410515
}
flow_info {
  key {
    src_address: "\360_\231i"
    dst_address: "V\263\244\225"
    src_port: 1785
    dst_port: 16091
    proto: 6
    tenant_id: 10
    flow_start_time: 1388563200469160
    key_type: IPV4
  }
  start_time: 1388563200469160
  ip_info {
    last_cached_ttl: 8
    qos: 0
  }
  tcp_info {
    sequence_num: 80
    null_flags: 1
    syn_fin_rst_ack_all_zero: 1
    option_len_bins {
    }
  }
  flow_features {
    packet_count: 1
  }
  end_time: 1388563200469160
}
flow_info {
  key {
    src_address: "rMW\321"
    dst_address: "\261\260\317\303"
    src_port: 9066
    dst_port: 55817
    proto: 6
    tenant_id: 20
    flow_start_time: 1388563200470160
    key_type: IPV4
  }
  start_time: 1388563200470160
  ip_info {
    qos: 0
  }
  flow_features {
    packet_count: 1
  }
  end_time: 1388563200470160
}
flow_info {
  key {
    src_address: "\334<h`"
    dst_address: "\020\t\321Y"
    src_port: 56415
    dst_port: 16609
    proto: 6
    tenant_id: 10
    flow_start_time: 1388563200528805
    key_type: IPV4
  }
  start_time: 1388563200528805
  ip_info {
    last_cached_ttl: 8
    qos: 0
  }
  tcp_info {
    sequence_num: 100
    null_flags: 1
    syn_fin_rst_ack_all_zero: 1
    option_len_bins {
    }
  }
  flow_features {
    packet_count: 1
  }
  end_time: 1388563200528805
}
flow_info {
  key {
    src_address: "\360_\231i"
    dst_address: "H\311\350\260"
    src_port: 8588
    dst_port: 36337
    proto: 6
    tenant_id: 20
    flow_start_time: 1388563200587450
    key_type: IPV4
  }
  start_time: 1388563200587450
  ip_info {
    qos: 0
  }
  flow_features {
    packet_count: 1
  }
  end_time: 1388563200587450
}
flow_info {
  key {
    src_address: "rMW\321"
    dst_address: "\025\\&\254"
    src_port: 24218
    dst_port: 15592
    proto: 6
    tenant_id: 10
    flow_start_time: 1388563200646095
    key_type: IPV4
  }
  start_time: 1388563200646095
  ip_info {
    last_cached_ttl: 8
    qos: 0
  }
  tcp_info {
    sequence_num: 120
    null_flags: 1
    syn_fin_rst_ack_all_zero: 1
    option_len_bins {
    }
  }
  flow_features {
    packet_count: 1
  }
  end_time: 1388563200646095
}
flow_info {
  key {
    src_address: "\334<h`"
    dst_address: "V\263\244\225"
    src_port: 55575
    dst_port: 50035
    proto: 6
    tenant_id: 20
    flow_start_time: 1388563200704740
    key_type: IPV4
  }
  start_time: 1388563200704740
  ip_info {
    qos: 0
  }
  flow_features {
    packet_count: 1
  }
  end_time: 1388563200704740
}
flow_info {
  key {
    src_address: "\360_\231i"
    dst_address: "\261\260\317\303"
    src_port: 551
    dst_port: 21738
    proto: 6
    tenant_id: 10
    flow_start_time: 1388563200763385
    key_type: IPV4
  }
  start_time: 1388563200763385
  ip_info {
    last_cached_ttl: 8
    qos: 0
  }
  tcp_info {
    sequence_num: 140
    null_flags: 1
    syn_fin_rst_ack_all_zero: 1
    option_len_bins {
    }
  }
  flow_features {
    packet_count: 1
  }
  end_time: 1388563200763385
}
flow_info {
  key {
    src_address: "rMW\321"
    dst_address: "\020\t\321Y"
    src_port: 1785
    dst_port: 12819
    proto: 6
    tenant_id: 20
    flow_start_time: 1388563200822030
    key_type: IPV4
  }
  start_time: 1388563200822030
  ip_info {
    qos: 0
  }
  flow_features {
    packet_count: 1
  }
  end_time: 1388563200822030
}
flow_info {
  key {
    src_address: "\334<h`"
    dst_address: "H\311\350\260"
    src_port: 9066
    dst_port: 22538
    proto: 6
    tenant_id: 10
    flow_start_time: 1388563200880675
    key_type: IPV4
  }
  start_time: 1388563200880675
  ip_info {
    last_cached_ttl: 8
    qos: 0
  }
  tcp_info {
    sequence_num: 160
    null_flags: 1
    syn_fin_rst_ack_all_zero: 1
    option_len_bins {
    }
  }
  flow_features {
    packet_count: 1
  }
  end_time: 1388563200880675
}
flow_info {
  key {
    src_address: "\360_\231i"
    dst_address: "\025\\&\254"
    src_port: 56415
    dst_port: 62195
    proto: 6
    tenant_id: 20
    flow_start_time: 1388563200939320
    key_type: IPV4
  }
  start_time: 1388563200939320
  ip_info {
    qos: 0
  }
  flow_features {
    packet_count: 1
  }
  end_time: 1388563200939320
}
