flow_info {
  key {
    src_address: "\375\274|\260"
    dst_address: "\377\363x\354"
    src_port: 65026
    dst_port: 21447
    proto: 6
    tenant_id: 10
    flow_start_time: 1388563200000000
    key_type: IPV4
  }
  start_time: 1388563200000000
  ip_info {
    last_cached_ttl: 8
    qos: 0
  }
  tcp_info {
    sequence_num: 0
    null_flags: 1
    syn_fin_rst_ack_all_zero: 1
    option_len_bins {
    }
  }
  flow_features {
    packet_count: 1
  }
  end_time: 1388563200000000
}
flow_info {
  key {
    src_address: "\325=*\273"
    dst_address: "\266\216X;"
    src_port: 13283
    dst_port: 54772
    proto: 6
    tenant_id: 10
    flow_start_time: 1388563200064741
    key_type: IPV4
  }
  start_time: 1388563200064741
  ip_info {
    qos: 0
  }
  flow_features {
    packet_count: 1
  }
  end_time: 1388563200064741
}
flow_info {
  key {
    src_address: "\366\243\"\346"
    dst_address: "3\215e\266"
    src_port: 46945
    dst_port: 50146
    proto: 6
    tenant_id: 10
    flow_start_time: 1388563200129482
    key_type: IPV4
  }
  start_time: 1388563200129482
  ip_info {
    last_cached_ttl: 8
    qos: 0
  }
  tcp_info {
    sequence_num: 20
    null_flags: 1
    syn_fin_rst_ack_all_zero: 1
    option_len_bins {
    }
  }
  flow_features {
    packet_count: 1
  }
  end_time: 1388563200129482
}
flow_info {
  key {
    src_address: "\375\274|\260"
    dst_address: "\375\274|\260"
    src_port: 26806
    dst_port: 4928
    proto: 6
    tenant_id: 10
    flow_start_time: 1388563200194223
    key_type: IPV4
  }
  start_time: 1388563200194223
  ip_info {
    qos: 0
  }
  flow_features {
    packet_count: 1
  }
  end_time: 1388563200194223
}
flow_info {
  key {
    src_address: "\325=*\273"
    dst_address: "\251\251c\356"
    src_port: 42771
    dst_port: 26272
    proto: 6
    tenant_id: 10
    flow_start_time: 1388563200258964
    key_type: IPV4
  }
  start_time: 1388563200258964
  ip_info {
    last_cached_ttl: 8
    qos: 0
  }
  tcp_info {
    sequence_num: 40
    null_flags: 1
    syn_fin_rst_ack_all_zero: 1
    option_len_bins {
    }
  }
  flow_features {
    packet_count: 1
  }
  end_time: 1388563200258964
}
flow_info {
  key {
    src_address: "\366\243\"\346"
    dst_address: "\377\363x\354"
    src_port: 4928
    dst_port: 42577
    proto: 6
    tenant_id: 10
    flow_start_time: 1388563200323705
    key_type: IPV4
  }
  start_time: 1388563200323705
  ip_info {
    qos: 0
  }
  flow_features {
    packet_count: 1
  }
  end_time: 1388563200323705
}
flow_info {
  key {
    src_address: "\375\274|\260"
    dst_address: "\266\216X;"
    src_port: 37304
    dst_port: 54393
    proto: 6
    tenant_id: 10
    flow_start_time: 1388563200388446
    key_type: IPV4
  }
  start_time: 1388563200388446
  ip_info {
    last_cached_ttl: 8
    qos: 0
  }
  tcp_info {
    sequence_num: 60
    null_flags: 1
    syn_fin_rst_ack_all_zero: 1
    option_len_bins {
    }
  }
  flow_features {
    packet_count: 1
  }
  end_time: 1388563200388446
}
flow_info {
  key {
    src_address: "\325=*\273"
    dst_address: "3\215e\266"
    src_port: 65026
    dst_port: 46945
    proto: 6
    tenant_id: 10
    flow_start_time: 1388563200453187
    key_type: IPV4
  }
  start_time: 1388563200453187
  ip_info {
    qos: 0
  }
  flow_features {
    packet_count: 1
  }
  end_time: 1388563200453187
}
flow_info {
  key {
    src_address: "\366\243\"\346"
    dst_address: "\375\274|\260"
    src_port: 13283
    dst_port: 45417
    proto: 6
    tenant_id: 10
    flow_start_time: 1388563200517928
    key_type: IPV4
  }
  start_time: 1388563200517928
  ip_info {
    last_cached_ttl: 8
    qos: 0
  }
  tcp_info {
    sequence_num: 80
    null_flags: 1
    syn_fin_rst_ack_all_zero: 1
    option_len_bins {
    }
  }
  flow_features {
    packet_count: 1
  }
  end_time: 1388563200517928
}
flow_info {
  key {
    src_address: "\375\274|\260"
    dst_address: "\251\251c\356"
    src_port: 46945
    dst_port: 1340
    proto: 6
    tenant_id: 10
    flow_start_time: 1388563200518928
    key_type: IPV4
  }
  start_time: 1388563200518928
  ip_info {
    qos: 0
  }
  flow_features {
    packet_count: 1
  }
  end_time: 1388563200518928
}
flow_info {
  key {
    src_address: "\325=*\273"
    dst_address: "\377\363x\354"
    src_port: 26806
    dst_port: 5301
    proto: 6
    tenant_id: 10
    flow_start_time: 1388563200583669
    key_type: IPV4
  }
  start_time: 1388563200583669
  ip_info {
    last_cached_ttl: 8
    qos: 0
  }
  tcp_info {
    sequence_num: 100
    null_flags: 1
    syn_fin_rst_ack_all_zero: 1
    option_len_bins {
    }
  }
  flow_features {
    packet_count: 1
  }
  end_time: 1388563200583669
}
flow_info {
  key {
    src_address: "\366\243\"\346"
    dst_address: "\266\216X;"
    src_port: 42771
    dst_port: 21447
    proto: 6
    tenant_id: 10
    flow_start_time: 1388563200648410
    key_type: IPV4
  }
  start_time: 1388563200648410
  ip_info {
    qos: 0
  }
  flow_features {
    packet_count: 1
  }
  end_time: 1388563200648410
}
flow_info {
  key {
    src_address: "\375\274|\260"
    dst_address: "3\215e\266"
    src_port: 4928
    dst_port: 54772
    proto: 6
    tenant_id: 10
    flow_start_time: 1388563200713151
    key_type: IPV4
  }
  start_time: 1388563200713151
  ip_info {
    last_cached_ttl: 8
    qos: 0
  }
  tcp_info {
    sequence_num: 120
    null_flags: 1
    syn_fin_rst_ack_all_zero: 1
    option_len_bins {
    }
  }
  flow_features {
    packet_count: 1
  }
  end_time: 1388563200713151
}
flow_info {
  key {
    src_address: "\325=*\273"
    dst_address: "\375\274|\260"
    src_port: 37304
    dst_port: 50146
    proto: 6
    tenant_id: 10
    flow_start_time: 1388563200777892
    key_type: IPV4
  }
  start_time: 1388563200777892
  ip_info {
    qos: 0
  }
  flow_features {
    packet_count: 1
  }
  end_time: 1388563200777892
}
flow_info {
  key {
    src_address: "\366\243\"\346"
    dst_address: "\251\251c\356"
    src_port: 65026
    dst_port: 4928
    proto: 6
    tenant_id: 10
    flow_start_time: 1388563200842633
    key_type: IPV4
  }
  start_time: 1388563200842633
  ip_info {
    last_cached_ttl: 8
    qos: 0
  }
  tcp_info {
    sequence_num: 140
    null_flags: 1
    syn_fin_rst_ack_all_zero: 1
    option_len_bins {
    }
  }
  flow_features {
    packet_count: 1
  }
  end_time: 1388563200842633
}
flow_info {
  key {
    src_address: "\375\274|\260"
    dst_address: "\377\363x\354"
    src_port: 13283
    dst_port: 26272
    proto: 6
    tenant_id: 10
    flow_start_time: 1388563200907374
    key_type: IPV4
  }
  start_time: 1388563200907374
  ip_info {
    last_cached_ttl: 8
    qos: 0
  }
  tcp_info {
    sequence_num: 150
    null_flags: 1
    syn_fin_rst_ack_all_zero: 1
    option_len_bins {
    }
  }
  flow_features {
    packet_count: 1
  }
  end_time: 1388563200907374
}
flow_info {
  key {
    src_address: "\325=*\273"
    dst_address: "\266\216X;"
    src_port: 46945
    dst_port: 42577
    proto: 6
    tenant_id: 10
    flow_start_time: 1388563200972115
    key_type: IPV4
  }
  start_time: 1388563200972115
  ip_info {
    qos: 0
  }
  flow_features {
    packet_count: 1
  }
  end_time: 1388563200972115
}
flow_info {
  key {
    src_address: "\366\243\"\346"
    dst_address: "3\215e\266"
    src_port: 26806
    dst_port: 54393
    proto: 6
    tenant_id: 10
    flow_start_time: 1388563201036856
    key_type: IPV4
  }
  start_time: 1388563201036856
  ip_info {
    last_cached_ttl: 8
    qos: 0
  }
  tcp_info {
    sequence_num: 170
    null_flags: 1
    syn_fin_rst_ack_all_zero: 1
    option_len_bins {
    }
  }
  flow_features {
    packet_count: 1
  }
  end_time: 1388563201036856
}
flow_info {
  key {
    src_address: "\375\274|\260"
    dst_address: "\375\274|\260"
    src_port: 42771
    dst_port: 46945
    proto: 6
    tenant_id: 10
    flow_start_time: 1388563201037856
    key_type: IPV4
  }
  start_time: 1388563201037856
  ip_info {
    qos: 0
  }
  flow_features {
    packet_count: 1
  }
  end_time: 1388563201037856
}
flow_info {
  key {
    src_address: "\325=*\273"
    dst_address: "\251\251c\356"
    src_port: 4928
    dst_port: 45417
    proto: 6
    tenant_id: 10
    flow_start_time: 1388563201102597
    key_type: IPV4
  }
  start_time: 1388563201102597
  ip_info {
    last_cached_ttl: 8
    qos: 0
  }
  tcp_info {
    sequence_num: 190
    null_flags: 1
    syn_fin_rst_ack_all_zero: 1
    option_len_bins {
    }
  }
  flow_features {
    packet_count: 1
  }
  end_time: 1388563201102597
}
flow_info {
  key {
    src_address: "\366\243\"\346"
    dst_address: "\377\363x\354"
    src_port: 37304
    dst_port: 1340
    proto: 6
    tenant_id: 10
    flow_start_time: 1388563201167338
    key_type: IPV4
  }
  start_time: 1388563201167338
  ip_info {
    qos: 0
  }
  flow_features {
    packet_count: 1
  }
  end_time: 1388563201167338
}
flow_info {
  key {
    src_address: "\375\274|\260"
    dst_address: "\266\216X;"
    src_port: 65026
    dst_port: 5301
    proto: 6
    tenant_id: 10
    flow_start_time: 1388563201232079
    key_type: IPV4
  }
  start_time: 1388563201232079
  ip_info {
    last_cached_ttl: 8
    qos: 0
  }
  tcp_info {
    sequence_num: 210
    null_flags: 1
    syn_fin_rst_ack_all_zero: 1
    option_len_bins {
    }
  }
  flow_features {
    packet_count: 1
  }
  end_time: 1388563201232079
}
flow_info {
  key {
    src_address: "\325=*\273"
    dst_address: "3\215e\266"
    src_port: 13283
    dst_port: 21447
    proto: 6
    tenant_id: 10
    flow_start_time: 1388563201296820
    key_type: IPV4
  }
  start_time: 1388563201296820
  ip_info {
    qos: 0
  }
  flow_features {
    packet_count: 1
  }
  end_time: 1388563201296820
}
flow_info {
  key {
    src_address: "\366\243\"\346"
    dst_address: "\375\274|\260"
    src_port: 46945
    dst_port: 54772
    proto: 6
    tenant_id: 10
    flow_start_time: 1388563201361561
    key_type: IPV4
  }
  start_time: 1388563201361561
  ip_info {
    last_cached_ttl: 8
    qos: 0
  }
  tcp_info {
    sequence_num: 230
    null_flags: 1
    syn_fin_rst_ack_all_zero: 1
    option_len_bins {
    }
  }
  flow_features {
    packet_count: 1
  }
  end_time: 1388563201361561
}
flow_info {
  key {
    src_address: "\375\274|\260"
    dst_address: "\251\251c\356"
    src_port: 26806
    dst_port: 50146
    proto: 6
    tenant_id: 10
    flow_start_time: 1388563201426302
    key_type: IPV4
  }
  start_time: 1388563201426302
  ip_info {
    qos: 0
  }
  flow_features {
    packet_count: 1
  }
  end_time: 1388563201426302
}
flow_info {
  key {
    src_address: "\325=*\273"
    dst_address: "\377\363x\354"
    src_port: 42771
    dst_port: 4928
    proto: 6
    tenant_id: 10
    flow_start_time: 1388563201491043
    key_type: IPV4
  }
  start_time: 1388563201491043
  ip_info {
    last_cached_ttl: 8
    qos: 0
  }
  tcp_info {
    sequence_num: 250
    null_flags: 1
    syn_fin_rst_ack_all_zero: 1
    option_len_bins {
    }
  }
  flow_features {
    packet_count: 1
  }
  end_time: 1388563201491043
}
flow_info {
  key {
    src_address: "\366\243\"\346"
    dst_address: "\266\216X;"
    src_port: 4928
    dst_port: 26272
    proto: 6
    tenant_id: 10
    flow_start_time: 1388563201555784
    key_type: IPV4
  }
  start_time: 1388563201555784
  ip_info {
    qos: 0
  }
  flow_features {
    packet_count: 1
  }
  end_time: 1388563201555784
}
flow_info {
  key {
    src_address: "\375\274|\260"
    dst_address: "3\215e\266"
    src_port: 37304
    dst_port: 42577
    proto: 6
    tenant_id: 10
    flow_start_time: 1388563201556784
    key_type: IPV4
  }
  start_time: 1388563201556784
  ip_info {
    last_cached_ttl: 8
    qos: 0
  }
  tcp_info {
    sequence_num: 270
    null_flags: 1
    syn_fin_rst_ack_all_zero: 1
    option_len_bins {
    }
  }
  flow_features {
    packet_count: 1
  }
  end_time: 1388563201556784
}
flow_info {
  key {
    src_address: "\325=*\273"
    dst_address: "\375\274|\260"
    src_port: 65026
    dst_port: 54393
    proto: 6
    tenant_id: 10
    flow_start_time: 1388563201621525
    key_type: IPV4
  }
  start_time: 1388563201621525
  ip_info {
    qos: 0
  }
  flow_features {
    packet_count: 1
  }
  end_time: 1388563201621525
}
flow_info {
  key {
    src_address: "\366\243\"\346"
    dst_address: "\251\251c\356"
    src_port: 13283
    dst_port: 46945
    proto: 6
    tenant_id: 10
    flow_start_time: 1388563201686266
    key_type: IPV4
  }
  start_time: 1388563201686266
  ip_info {
    last_cached_ttl: 8
    qos: 0
  }
  tcp_info {
    sequence_num: 290
    null_flags: 1
    syn_fin_rst_ack_all_zero: 1
    option_len_bins {
    }
  }
  flow_features {
    packet_count: 1
  }
  end_time: 1388563201686266
}
flow_info {
  key {
    src_address: "\375\274|\260"
    dst_address: "\377\363x\354"
    src_port: 46945
    dst_port: 45417
    proto: 6
    tenant_id: 10
    flow_start_time: 1388563201751007
    key_type: IPV4
  }
  start_time: 1388563201751007
  ip_info {
    last_cached_ttl: 8
    qos: 0
  }
  tcp_info {
    sequence_num: 300
    null_flags: 1
    syn_fin_rst_ack_all_zero: 1
    option_len_bins {
    }
  }
  flow_features {
    packet_count: 1
  }
  end_time: 1388563201751007
}
flow_info {
  key {
    src_address: "\325=*\273"
    dst_address: "\266\216X;"
    src_port: 26806
    dst_port: 1340
    proto: 6
    tenant_id: 10
    flow_start_time: 1388563201815748
    key_type: IPV4
  }
  start_time: 1388563201815748
  ip_info {
    qos: 0
  }
  flow_features {
    packet_count: 1
  }
  end_time: 1388563201815748
}
flow_info {
  key {
    src_address: "\366\243\"\346"
    dst_address: "3\215e\266"
    src_port: 42771
    dst_port: 5301
    proto: 6
    tenant_id: 10
    flow_start_time: 1388563201880489
    key_type: IPV4
  }
  start_time: 1388563201880489
  ip_info {
    last_cached_ttl: 8
    qos: 0
  }
  tcp_info {
    sequence_num: 320
    null_flags: 1
    syn_fin_rst_ack_all_zero: 1
    option_len_bins {
    }
  }
  flow_features {
    packet_count: 1
  }
  end_time: 1388563201880489
}
flow_info {
  key {
    src_address: "\375\274|\260"
    dst_address: "\375\274|\260"
    src_port: 4928
    dst_port: 21447
    proto: 6
    tenant_id: 10
    flow_start_time: 1388563201945230
    key_type: IPV4
  }
  start_time: 1388563201945230
  ip_info {
    qos: 0
  }
  flow_features {
    packet_count: 1
  }
  end_time: 1388563201945230
}
flow_info {
  key {
    src_address: "\325=*\273"
    dst_address: "\251\251c\356"
    src_port: 37304
    dst_port: 54772
    proto: 6
    tenant_id: 10
    flow_start_time: 1388563202009971
    key_type: IPV4
  }
  start_time: 1388563202009971
  ip_info {
    last_cached_ttl: 8
    qos: 0
  }
  tcp_info {
    sequence_num: 340
    null_flags: 1
    syn_fin_rst_ack_all_zero: 1
    option_len_bins {
    }
  }
  flow_features {
    packet_count: 1
  }
  end_time: 1388563202009971
}
flow_info {
  key {
    src_address: "\366\243\"\346"
    dst_address: "\377\363x\354"
    src_port: 65026
    dst_port: 50146
    proto: 6
    tenant_id: 10
    flow_start_time: 1388563202074712
    key_type: IPV4
  }
  start_time: 1388563202074712
  ip_info {
    qos: 0
  }
  flow_features {
    packet_count: 1
  }
  end_time: 1388563202074712
}
