flow_info {
  key {
    src_address: ";(\003\374"
    dst_address: ")\353\235U"
    src_port: 17460
    dst_port: 12302
    proto: 6
    tenant_id: 10
    flow_start_time: 1388563200000000
    key_type: IPV4
  }
  start_time: 1388563200000000
  ip_info {
    last_cached_ttl: 8
    qos: 0
  }
  tcp_info {
    sequence_num: 0
    null_flags: 1
    syn_fin_rst_ack_all_zero: 1
    option_len_bins {
    }
  }
  flow_features {
    packet_count: 1
  }
  end_time: 1388563200000000
}
flow_info {
  key {
    src_address: "a\2345\204"
    dst_address: "\255\276\020D"
    src_port: 27864
    dst_port: 26631
    proto: 6
    tenant_id: 20
    flow_start_time: 1388563200051347
    key_type: IPV4
  }
  start_time: 1388563200051347
  ip_info {
    qos: 0
  }
  flow_features {
    packet_count: 1
  }
  end_time: 1388563200051347
}
flow_info {
  key {
    src_address: "\365\027\263\352"
    dst_address: "T\376$x"
    src_port: 43246
    dst_port: 30268
    proto: 6
    tenant_id: 10
    flow_start_time: 1388563200102694
    key_type: IPV4
  }
  start_time: 1388563200102694
  ip_info {
    last_cached_ttl: 8
    qos: 0
  }
  tcp_info {
    sequence_num: 20
    null_flags: 1
    syn_fin_rst_ack_all_zero: 1
    option_len_bins {
    }
  }
  flow_features {
    packet_count: 1
  }
  end_time: 1388563200102694
}
flow_info {
  key {
    src_address: ";(\003\374"
    dst_address: ",b\341 "
    src_port: 49667
    dst_port: 30258
    proto: 6
    tenant_id: 20
    flow_start_time: 1388563200154041
    key_type: IPV4
  }
  start_time: 1388563200154041
  ip_info {
    qos: 0
  }
  flow_features {
    packet_count: 1
  }
  end_time: 1388563200154041
}
flow_info {
  key {
    src_address: "a\2345\204"
    dst_address: "\233\205t\331"
    src_port: 15655
    dst_port: 52817
    proto: 6
    tenant_id: 10
    flow_start_time: 1388563200205388
    key_type: IPV4
  }
  start_time: 1388563200205388
  ip_info {
    last_cached_ttl: 8
    qos: 0
  }
  tcp_info {
    sequence_num: 40
    null_flags: 1
    syn_fin_rst_ack_all_zero: 1
    option_len_bins {
    }
  }
  flow_features {
    packet_count: 1
  }
  end_time: 1388563200205388
}
flow_info {
  key {
    src_address: "\365\027\263\352"
    dst_address: ")\353\235U"
    src_port: 50736
    dst_port: 15655
    proto: 6
    tenant_id: 20
    flow_start_time: 1388563200256735
    key_type: IPV4
  }
  start_time: 1388563200256735
  ip_info {
    qos: 0
  }
  flow_features {
    packet_count: 1
  }
  end_time: 1388563200256735
}
flow_info {
  key {
    src_address: ";(\003\374"
    dst_address: "\255\276\020D"
    src_port: 30268
    dst_port: 62439
    proto: 6
    tenant_id: 10
    flow_start_time: 1388563200308082
    key_type: IPV4
  }
  start_time: 1388563200308082
  ip_info {
    last_cached_ttl: 8
    qos: 0
  }
  tcp_info {
    sequence_num: 60
    null_flags: 1
    syn_fin_rst_ack_all_zero: 1
    option_len_bins {
    }
  }
  flow_features {
    packet_count: 1
  }
  end_time: 1388563200308082
}
flow_info {
  key {
    src_address: "a\2345\204"
    dst_address: "T\376$x"
    src_port: 17460
    dst_port: 41007
    proto: 6
    tenant_id: 20
    flow_start_time: 1388563200309082
    key_type: IPV4
  }
  start_time: 1388563200309082
  ip_info {
    qos: 0
  }
  flow_features {
    packet_count: 1
  }
  end_time: 1388563200309082
}
flow_info {
  key {
    src_address: "\365\027\263\352"
    dst_address: ",b\341 "
    src_port: 27864
    dst_port: 50317
    proto: 6
    tenant_id: 10
    flow_start_time: 1388563200360429
    key_type: IPV4
  }
  start_time: 1388563200360429
  ip_info {
    last_cached_ttl: 8
    qos: 0
  }
  tcp_info {
    sequence_num: 80
    null_flags: 1
    syn_fin_rst_ack_all_zero: 1
    option_len_bins {
    }
  }
  flow_features {
    packet_count: 1
  }
  end_time: 1388563200360429
}
flow_info {
  key {
    src_address: ";(\003\374"
    dst_address: "\233\205t\331"
    src_port: 43246
    dst_port: 47242
    proto: 6
    tenant_id: 20
    flow_start_time: 1388563200411776
    key_type: IPV4
  }
  start_time: 1388563200411776
  ip_info {
    qos: 0
  }
  flow_features {
    packet_count: 1
  }
  end_time: 1388563200411776
}
flow_info {
  key {
    src_address: "a\2345\204"
    dst_address: ")\353\235U"
    src_port: 49667
    dst_port: 28895
    proto: 6
    tenant_id: 10
    flow_start_time: 1388563200463123
    key_type: IPV4
  }
  start_time: 1388563200463123
  ip_info {
    last_cached_ttl: 8
    qos: 0
  }
  tcp_info {
    sequence_num: 100
    null_flags: 1
    syn_fin_rst_ack_all_zero: 1
    option_len_bins {
    }
  }
  flow_features {
    packet_count: 1
  }
  end_time: 1388563200463123
}
flow_info {
  key {
    src_address: "\365\027\263\352"
    dst_address: "\255\276\020D"
    src_port: 15655
    dst_port: 12302
    proto: 6
    tenant_id: 20
    flow_start_time: 1388563200514470
    key_type: IPV4
  }
  start_time: 1388563200514470
  ip_info {
    qos: 0
  }
  flow_features {
    packet_count: 1
  }
  end_time: 1388563200514470
}
flow_info {
  key {
    src_address: ";(\003\374"
    dst_address: "T\376$x"
    src_port: 50736
    dst_port: 26631
    proto: 6
    tenant_id: 10
    flow_start_time: 1388563200565817
    key_type: IPV4
  }
  start_time: 1388563200565817
  ip_info {
    last_cached_ttl: 8
    qos: 0
  }
  tcp_info {
    sequence_num: 120
    null_flags: 1
    syn_fin_rst_ack_all_zero: 1
    option_len_bins {
    }
  }
  flow_features {
    packet_count: 1
  }
  end_time: 1388563200565817
}
flow_info {
  key {
    src_address: "a\2345\204"
    dst_address: ",b\341 "
    src_port: 30268
    dst_port: 30268
    proto: 6
    tenant_id: 20
    flow_start_time: 1388563200617164
    key_type: IPV4
  }
  start_time: 1388563200617164
  ip_info {
    qos: 0
  }
  flow_features {
    packet_count: 1
  }
  end_time: 1388563200617164
}
flow_info {
  key {
    src_address: "\365\027\263\352"
    dst_address: "\233\205t\331"
    src_port: 17460
    dst_port: 30258
    proto: 6
    tenant_id: 10
    flow_start_time: 1388563200618164
    key_type: IPV4
  }
  start_time: 1388563200618164
  ip_info {
    last_cached_ttl: 8
    qos: 0
  }
  tcp_info {
    sequence_num: 140
    null_flags: 1
    syn_fin_rst_ack_all_zero: 1
    option_len_bins {
    }
  }
  flow_features {
    packet_count: 1
  }
  end_time: 1388563200618164
}
flow_info {
  key {
    src_address: ";(\003\374"
    dst_address: ")\353\235U"
    src_port: 27864
    dst_port: 52817
    proto: 6
    tenant_id: 20
    flow_start_time: 1388563200669511
    key_type: IPV4
  }
  start_time: 1388563200669511
  ip_info {
    qos: 0
  }
  flow_features {
    packet_count: 1
  }
  end_time: 1388563200669511
}
flow_info {
  key {
    src_address: "a\2345\204"
    dst_address: "\255\276\020D"
    src_port: 43246
    dst_port: 15655
    proto: 6
    tenant_id: 10
    flow_start_time: 1388563200720858
    key_type: IPV4
  }
  start_time: 1388563200720858
  ip_info {
    last_cached_ttl: 8
    qos: 0
  }
  tcp_info {
    sequence_num: 160
    null_flags: 1
    syn_fin_rst_ack_all_zero: 1
    option_len_bins {
    }
  }
  flow_features {
    packet_count: 1
  }
  end_time: 1388563200720858
}
flow_info {
  key {
    src_address: "\365\027\263\352"
    dst_address: "T\376$x"
    src_port: 49667
    dst_port: 62439
    proto: 6
    tenant_id: 20
    flow_start_time: 1388563200772205
    key_type: IPV4
  }
  start_time: 1388563200772205
  ip_info {
    qos: 0
  }
  flow_features {
    packet_count: 1
  }
  end_time: 1388563200772205
}
flow_info {
  key {
    src_address: ";(\003\374"
    dst_address: ",b\341 "
    src_port: 15655
    dst_port: 41007
    proto: 6
    tenant_id: 10
    flow_start_time: 1388563200823552
    key_type: IPV4
  }
  start_time: 1388563200823552
  ip_info {
    last_cached_ttl: 8
    qos: 0
  }
  tcp_info {
    sequence_num: 180
    null_flags: 1
    syn_fin_rst_ack_all_zero: 1
    option_len_bins {
    }
  }
  flow_features {
    packet_count: 1
  }
  end_time: 1388563200823552
}
flow_info {
  key {
    src_address: "a\2345\204"
    dst_address: "\233\205t\331"
    src_port: 50736
    dst_port: 50317
    proto: 6
    tenant_id: 20
    flow_start_time: 1388563200874899
    key_type: IPV4
  }
  start_time: 1388563200874899
  ip_info {
    qos: 0
  }
  flow_features {
    packet_count: 1
  }
  end_time: 1388563200874899
}
flow_info {
  key {
    src_address: "\365\027\263\352"
    dst_address: ")\353\235U"
    src_port: 30268
    dst_port: 47242
    proto: 6
    tenant_id: 10
    flow_start_time: 1388563200926246
    key_type: IPV4
  }
  start_time: 1388563200926246
  ip_info {
    last_cached_ttl: 8
    qos: 0
  }
  tcp_info {
    sequence_num: 200
    null_flags: 1
    syn_fin_rst_ack_all_zero: 1
    option_len_bins {
    }
  }
  flow_features {
    packet_count: 1
  }
  end_time: 1388563200926246
}
flow_info {
  key {
    src_address: ";(\003\374"
    dst_address: "\255\276\020D"
    src_port: 17460
    dst_port: 28895
    proto: 6
    tenant_id: 20
    flow_start_time: 1388563200927246
    key_type: IPV4
  }
  start_time: 1388563200927246
  ip_info {
    qos: 0
  }
  flow_features {
    packet_count: 1
  }
  end_time: 1388563200927246
}
flow_info {
  key {
    src_address: "a\2345\204"
    dst_address: "T\376$x"
    src_port: 27864
    dst_port: 12302
    proto: 6
    tenant_id: 10
    flow_start_time: 1388563200978593
    key_type: IPV4
  }
  start_time: 1388563200978593
  ip_info {
    last_cached_ttl: 8
    qos: 0
  }
  tcp_info {
    sequence_num: 220
    null_flags: 1
    syn_fin_rst_ack_all_zero: 1
    option_len_bins {
    }
  }
  flow_features {
    packet_count: 1
  }
  end_time: 1388563200978593
}
flow_info {
  key {
    src_address: "\365\027\263\352"
    dst_address: ",b\341 "
    src_port: 43246
    dst_port: 26631
    proto: 6
    tenant_id: 20
    flow_start_time: 1388563201029940
    key_type: IPV4
  }
  start_time: 1388563201029940
  ip_info {
    qos: 0
  }
  flow_features {
    packet_count: 1
  }
  end_time: 1388563201029940
}
flow_info {
  key {
    src_address: ";(\003\374"
    dst_address: "\233\205t\331"
    src_port: 49667
    dst_port: 30268
    proto: 6
    tenant_id: 10
    flow_start_time: 1388563201081287
    key_type: IPV4
  }
  start_time: 1388563201081287
  ip_info {
    last_cached_ttl: 8
    qos: 0
  }
  tcp_info {
    sequence_num: 240
    null_flags: 1
    syn_fin_rst_ack_all_zero: 1
    option_len_bins {
    }
  }
  flow_features {
    packet_count: 1
  }
  end_time: 1388563201081287
}
flow_info {
  key {
    src_address: "a\2345\204"
    dst_address: ")\353\235U"
    src_port: 15655
    dst_port: 30258
    proto: 6
    tenant_id: 20
    flow_start_time: 1388563201132634
    key_type: IPV4
  }
  start_time: 1388563201132634
  ip_info {
    qos: 0
  }
  flow_features {
    packet_count: 1
  }
  end_time: 1388563201132634
}
flow_info {
  key {
    src_address: "\365\027\263\352"
    dst_address: "\255\276\020D"
    src_port: 50736
    dst_port: 52817
    proto: 6
    tenant_id: 10
    flow_start_time: 1388563201183981
    key_type: IPV4
  }
  start_time: 1388563201183981
  ip_info {
    last_cached_ttl: 8
    qos: 0
  }
  tcp_info {
    sequence_num: 260
    null_flags: 1
    syn_fin_rst_ack_all_zero: 1
    option_len_bins {
    }
  }
  flow_features {
    packet_count: 1
  }
  end_time: 1388563201183981
}
flow_info {
  key {
    src_address: ";(\003\374"
    dst_address: "T\376$x"
    src_port: 30268
    dst_port: 15655
    proto: 6
    tenant_id: 20
    flow_start_time: 1388563201235328
    key_type: IPV4
  }
  start_time: 1388563201235328
  ip_info {
    qos: 0
  }
  flow_features {
    packet_count: 1
  }
  end_time: 1388563201235328
}
flow_info {
  key {
    src_address: "a\2345\204"
    dst_address: ",b\341 "
    src_port: 17460
    dst_port: 62439
    proto: 6
    tenant_id: 10
    flow_start_time: 1388563201236328
    key_type: IPV4
  }
  start_time: 1388563201236328
  ip_info {
    last_cached_ttl: 8
    qos: 0
  }
  tcp_info {
    sequence_num: 280
    null_flags: 1
    syn_fin_rst_ack_all_zero: 1
    option_len_bins {
    }
  }
  flow_features {
    packet_count: 1
  }
  end_time: 1388563201236328
}
flow_info {
  key {
    src_address: "\365\027\263\352"
    dst_address: "\233\205t\331"
    src_port: 27864
    dst_port: 41007
    proto: 6
    tenant_id: 20
    flow_start_time: 1388563201287675
    key_type: IPV4
  }
  start_time: 1388563201287675
  ip_info {
    qos: 0
  }
  flow_features {
    packet_count: 1
  }
  end_time: 1388563201287675
}
flow_info {
  key {
    src_address: ";(\003\374"
    dst_address: ")\353\235U"
    src_port: 43246
    dst_port: 50317
    proto: 6
    tenant_id: 10
    flow_start_time: 1388563201339022
    key_type: IPV4
  }
  start_time: 1388563201339022
  ip_info {
    last_cached_ttl: 8
    qos: 0
  }
  tcp_info {
    sequence_num: 300
    null_flags: 1
    syn_fin_rst_ack_all_zero: 1
    option_len_bins {
    }
  }
  flow_features {
    packet_count: 1
  }
  end_time: 1388563201339022
}
flow_info {
  key {
    src_address: "a\2345\204"
    dst_address: "\255\276\020D"
    src_port: 49667
    dst_port: 47242
    proto: 6
    tenant_id: 20
    flow_start_time: 1388563201390369
    key_type: IPV4
  }
  start_time: 1388563201390369
  ip_info {
    qos: 0
  }
  flow_features {
    packet_count: 1
  }
  end_time: 1388563201390369
}
flow_info {
  key {
    src_address: "\365\027\263\352"
    dst_address: "T\376$x"
    src_port: 15655
    dst_port: 28895
    proto: 6
    tenant_id: 10
    flow_start_time: 1388563201441716
    key_type: IPV4
  }
  start_time: 1388563201441716
  ip_info {
    last_cached_ttl: 8
    qos: 0
  }
  tcp_info {
    sequence_num: 320
    null_flags: 1
    syn_fin_rst_ack_all_zero: 1
    option_len_bins {
    }
  }
  flow_features {
    packet_count: 1
  }
  end_time: 1388563201441716
}
flow_info {
  key {
    src_address: ";(\003\374"
    dst_address: ",b\341 "
    src_port: 50736
    dst_port: 12302
    proto: 6
    tenant_id: 20
    flow_start_time: 1388563201493063
    key_type: IPV4
  }
  start_time: 1388563201493063
  ip_info {
    qos: 0
  }
  flow_features {
    packet_count: 1
  }
  end_time: 1388563201493063
}
flow_info {
  key {
    src_address: "a\2345\204"
    dst_address: "\233\205t\331"
    src_port: 30268
    dst_port: 26631
    proto: 6
    tenant_id: 10
    flow_start_time: 1388563201544410
    key_type: IPV4
  }
  start_time: 1388563201544410
  ip_info {
    last_cached_ttl: 8
    qos: 0
  }
  tcp_info {
    sequence_num: 340
    null_flags: 1
    syn_fin_rst_ack_all_zero: 1
    option_len_bins {
    }
  }
  flow_features {
    packet_count: 1
  }
  end_time: 1388563201544410
}
