flow_info {
  key {
    src_address: "]\374\3069"
    dst_address: "z\017\362("
    src_port: 6481
    dst_port: 22058
    proto: 6
    tenant_id: 10
    flow_start_time: 1388563200000000
    key_type: IPV4
  }
  start_time: 1388563200000000
  ip_info {
    last_cached_ttl: 8
    qos: 0
  }
  tcp_info {
    sequence_num: 0
    null_flags: 1
    syn_fin_rst_ack_all_zero: 1
    option_len_bins {
    }
  }
  flow_features {
    packet_count: 1
  }
  end_time: 1388563200000000
}
flow_info {
  key {
    src_address: "\246\360x\315"
    dst_address: "5\325V\340"
    src_port: 57432
    dst_port: 12340
    proto: 6
    tenant_id: 10
    flow_start_time: 1388563200085715
    key_type: IPV4
  }
  start_time: 1388563200085715
  ip_info {
    qos: 0
  }
  flow_features {
    packet_count: 1
  }
  end_time: 1388563200085715
}
flow_info {
  key {
    src_address: "\364JN+"
    dst_address: "_%\355\206"
    src_port: 50669
    dst_port: 6481
    proto: 6
    tenant_id: 10
    flow_start_time: 1388563200171430
    key_type: IPV4
  }
  start_time: 1388563200171430
  ip_info {
    last_cached_ttl: 8
    qos: 0
  }
  tcp_info {
    sequence_num: 20
    null_flags: 1
    syn_fin_rst_ack_all_zero: 1
    option_len_bins {
    }
  }
  flow_features {
    packet_count: 1
  }
  end_time: 1388563200171430
}
flow_info {
  key {
    src_address: "]\374\3069"
    dst_address: "\375;\370\251"
    src_port: 37200
    dst_port: 19236
    proto: 6
    tenant_id: 10
    flow_start_time: 1388563200257145
    key_type: IPV4
  }
  start_time: 1388563200257145
  ip_info {
    qos: 0
  }
  flow_features {
    packet_count: 1
  }
  end_time: 1388563200257145
}
flow_info {
  key {
    src_address: "\246\360x\315"
    dst_address: "@i?&"
    src_port: 62406
    dst_port: 9834
    proto: 6
    tenant_id: 10
    flow_start_time: 1388563200342860
    key_type: IPV4
  }
  start_time: 1388563200342860
  ip_info {
    last_cached_ttl: 8
    qos: 0
  }
  tcp_info {
    sequence_num: 40
    null_flags: 1
    syn_fin_rst_ack_all_zero: 1
    option_len_bins {
    }
  }
  flow_features {
    packet_count: 1
  }
  end_time: 1388563200342860
}
flow_info {
  key {
    src_address: "\364JN+"
    dst_address: "z\017\362("
    src_port: 27493
    dst_port: 35498
    proto: 6
    tenant_id: 10
    flow_start_time: 1388563200428575
    key_type: IPV4
  }
  start_time: 1388563200428575
  ip_info {
    qos: 0
  }
  flow_features {
    packet_count: 1
  }
  end_time: 1388563200428575
}
flow_info {
  key {
    src_address: "]\374\3069"
    dst_address: "5\325V\340"
    src_port: 26005
    dst_port: 5617
    proto: 6
    tenant_id: 10
    flow_start_time: 1388563200514290
    key_type: IPV4
  }
  start_time: 1388563200514290
  ip_info {
    last_cached_ttl: 8
    qos: 0
  }
  tcp_info {
    sequence_num: 60
    null_flags: 1
    syn_fin_rst_ack_all_zero: 1
    option_len_bins {
    }
  }
  flow_features {
    packet_count: 1
  }
  end_time: 1388563200514290
}
flow_info {
  key {
    src_address: "\246\360x\315"
    dst_address: "_%\355\206"
    src_port: 6481
    dst_port: 33499
    proto: 6
    tenant_id: 10
    flow_start_time: 1388563200600005
    key_type: IPV4
  }
  start_time: 1388563200600005
  ip_info {
    qos: 0
  }
  flow_features {
    packet_count: 1
  }
  end_time: 1388563200600005
}
flow_info {
  key {
    src_address: "\364JN+"
    dst_address: "\375;\370\251"
    src_port: 57432
    dst_port: 55802
    proto: 6
    tenant_id: 10
    flow_start_time: 1388563200685720
    key_type: IPV4
  }
  start_time: 1388563200685720
  ip_info {
    last_cached_ttl: 8
    qos: 0
  }
  tcp_info {
    sequence_num: 80
    null_flags: 1
    syn_fin_rst_ack_all_zero: 1
    option_len_bins {
    }
  }
  flow_features {
    packet_count: 1
  }
  end_time: 1388563200685720
}
flow_info {
  key {
    src_address: "]\374\3069"
    dst_address: "@i?&"
    src_port: 50669
    dst_port: 43637
    proto: 6
    tenant_id: 10
    flow_start_time: 1388563200771435
    key_type: IPV4
  }
  start_time: 1388563200771435
  ip_info {
    qos: 0
  }
  flow_features {
    packet_count: 1
  }
  end_time: 1388563200771435
}
flow_info {
  key {
    src_address: "\246\360x\315"
    dst_address: "z\017\362("
    src_port: 37200
    dst_port: 50669
    proto: 6
    tenant_id: 10
    flow_start_time: 1388563200772435
    key_type: IPV4
  }
  start_time: 1388563200772435
  ip_info {
    last_cached_ttl: 8
    qos: 0
  }
  tcp_info {
    sequence_num: 100
    null_flags: 1
    syn_fin_rst_ack_all_zero: 1
    option_len_bins {
    }
  }
  flow_features {
    packet_count: 1
  }
  end_time: 1388563200772435
}
flow_info {
  key {
    src_address: "\364JN+"
    dst_address: "5\325V\340"
    src_port: 62406
    dst_port: 22058
    proto: 6
    tenant_id: 10
    flow_start_time: 1388563200858150
    key_type: IPV4
  }
  start_time: 1388563200858150
  ip_info {
    qos: 0
  }
  flow_features {
    packet_count: 1
  }
  end_time: 1388563200858150
}
flow_info {
  key {
    src_address: "]\374\3069"
    dst_address: "_%\355\206"
    src_port: 27493
    dst_port: 12340
    proto: 6
    tenant_id: 10
    flow_start_time: 1388563200943865
    key_type: IPV4
  }
  start_time: 1388563200943865
  ip_info {
    last_cached_ttl: 8
    qos: 0
  }
  tcp_info {
    sequence_num: 120
    null_flags: 1
    syn_fin_rst_ack_all_zero: 1
    option_len_bins {
    }
  }
  flow_features {
    packet_count: 1
  }
  end_time: 1388563200943865
}
flow_info {
  key {
    src_address: "\246\360x\315"
    dst_address: "\375;\370\251"
    src_port: 26005
    dst_port: 6481
    proto: 6
    tenant_id: 10
    flow_start_time: 1388563201029580
    key_type: IPV4
  }
  start_time: 1388563201029580
  ip_info {
    qos: 0
  }
  flow_features {
    packet_count: 1
  }
  end_time: 1388563201029580
}
flow_info {
  key {
    src_address: "\364JN+"
    dst_address: "@i?&"
    src_port: 6481
    dst_port: 19236
    proto: 6
    tenant_id: 10
    flow_start_time: 1388563201115295
    key_type: IPV4
  }
  start_time: 1388563201115295
  ip_info {
    last_cached_ttl: 8
    qos: 0
  }
  tcp_info {
    sequence_num: 140
    null_flags: 1
    syn_fin_rst_ack_all_zero: 1
    option_len_bins {
    }
  }
  flow_features {
    packet_count: 1
  }
  end_time: 1388563201115295
}
flow_info {
  key {
    src_address: "]\374\3069"
    dst_address: "z\017\362("
    src_port: 57432
    dst_port: 9834
    proto: 6
    tenant_id: 10
    flow_start_time: 1388563201201010
    key_type: IPV4
  }
  start_time: 1388563201201010
  ip_info {
    last_cached_ttl: 8
    qos: 0
  }
  tcp_info {
    sequence_num: 150
    null_flags: 1
    syn_fin_rst_ack_all_zero: 1
    option_len_bins {
    }
  }
  flow_features {
    packet_count: 1
  }
  end_time: 1388563201201010
}
flow_info {
  key {
    src_address: "\246\360x\315"
    dst_address: "5\325V\340"
    src_port: 50669
    dst_port: 35498
    proto: 6
    tenant_id: 10
    flow_start_time: 1388563201286725
    key_type: IPV4
  }
  start_time: 1388563201286725
  ip_info {
    qos: 0
  }
  flow_features {
    packet_count: 1
  }
  end_time: 1388563201286725
}
flow_info {
  key {
    src_address: "\364JN+"
    dst_address: "_%\355\206"
    src_port: 37200
    dst_port: 5617
    proto: 6
    tenant_id: 10
    flow_start_time: 1388563201372440
    key_type: IPV4
  }
  start_time: 1388563201372440
  ip_info {
    last_cached_ttl: 8
    qos: 0
  }
  tcp_info {
    sequence_num: 170
    null_flags: 1
    syn_fin_rst_ack_all_zero: 1
    option_len_bins {
    }
  }
  flow_features {
    packet_count: 1
  }
  end_time: 1388563201372440
}
flow_info {
  key {
    src_address: "]\374\3069"
    dst_address: "\375;\370\251"
    src_port: 62406
    dst_port: 33499
    proto: 6
    tenant_id: 10
    flow_start_time: 1388563201458155
    key_type: IPV4
  }
  start_time: 1388563201458155
  ip_info {
    qos: 0
  }
  flow_features {
    packet_count: 1
  }
  end_time: 1388563201458155
}
flow_info {
  key {
    src_address: "\246\360x\315"
    dst_address: "@i?&"
    src_port: 27493
    dst_port: 55802
    proto: 6
    tenant_id: 10
    flow_start_time: 1388563201543870
    key_type: IPV4
  }
  start_time: 1388563201543870
  ip_info {
    last_cached_ttl: 8
    qos: 0
  }
  tcp_info {
    sequence_num: 190
    null_flags: 1
    syn_fin_rst_ack_all_zero: 1
    option_len_bins {
    }
  }
  flow_features {
    packet_count: 1
  }
  end_time: 1388563201543870
}
flow_info {
  key {
    src_address: "\364JN+"
    dst_address: "z\017\362("
    src_port: 26005
    dst_port: 43637
    proto: 6
    tenant_id: 10
    flow_start_time: 1388563201544870
    key_type: IPV4
  }
  start_time: 1388563201544870
  ip_info {
    qos: 0
  }
  flow_features {
    packet_count: 1
  }
  end_time: 1388563201544870
}
flow_info {
  key {
    src_address: "]\374\3069"
    dst_address: "5\325V\340"
    src_port: 6481
    dst_port: 50669
    proto: 6
    tenant_id: 10
    flow_start_time: 1388563201630585
    key_type: IPV4
  }
  start_time: 1388563201630585
  ip_info {
    last_cached_ttl: 8
    qos: 0
  }
  tcp_info {
    sequence_num: 210
    null_flags: 1
    syn_fin_rst_ack_all_zero: 1
    option_len_bins {
    }
  }
  flow_features {
    packet_count: 1
  }
  end_time: 1388563201630585
}
flow_info {
  key {
    src_address: "\246\360x\315"
    dst_address: "_%\355\206"
    src_port: 57432
    dst_port: 22058
    proto: 6
    tenant_id: 10
    flow_start_time: 1388563201716300
    key_type: IPV4
  }
  start_time: 1388563201716300
  ip_info {
    qos: 0
  }
  flow_features {
    packet_count: 1
  }
  end_time: 1388563201716300
}
flow_info {
  key {
    src_address: "\364JN+"
    dst_address: "\375;\370\251"
    src_port: 50669
    dst_port: 12340
    proto: 6
    tenant_id: 10
    flow_start_time: 1388563201802015
    key_type: IPV4
  }
  start_time: 1388563201802015
  ip_info {
    last_cached_ttl: 8
    qos: 0
  }
  tcp_info {
    sequence_num: 230
    null_flags: 1
    syn_fin_rst_ack_all_zero: 1
    option_len_bins {
    }
  }
  flow_features {
    packet_count: 1
  }
  end_time: 1388563201802015
}
flow_info {
  key {
    src_address: "]\374\3069"
    dst_address: "@i?&"
    src_port: 37200
    dst_port: 6481
    proto: 6
    tenant_id: 10
    flow_start_time: 1388563201887730
    key_type: IPV4
  }
  start_time: 1388563201887730
  ip_info {
    qos: 0
  }
  flow_features {
    packet_count: 1
  }
  end_time: 1388563201887730
}
flow_info {
  key {
    src_address: "\246\360x\315"
    dst_address: "z\017\362("
    src_port: 62406
    dst_port: 19236
    proto: 6
    tenant_id: 10
    flow_start_time: 1388563201973445
    key_type: IPV4
  }
  start_time: 1388563201973445
  ip_info {
    last_cached_ttl: 8
    qos: 0
  }
  tcp_info {
    sequence_num: 250
    null_flags: 1
    syn_fin_rst_ack_all_zero: 1
    option_len_bins {
    }
  }
  flow_features {
    packet_count: 1
  }
  end_time: 1388563201973445
}
flow_info {
  key {
    src_address: "\364JN+"
    dst_address: "5\325V\340"
    src_port: 27493
    dst_port: 9834
    proto: 6
    tenant_id: 10
    flow_start_time: 1388563202059160
    key_type: IPV4
  }
  start_time: 1388563202059160
  ip_info {
    qos: 0
  }
  flow_features {
    packet_count: 1
  }
  end_time: 1388563202059160
}
flow_info {
  key {
    src_address: "]\374\3069"
    dst_address: "_%\355\206"
    src_port: 26005
    dst_port: 35498
    proto: 6
    tenant_id: 10
    flow_start_time: 1388563202144875
    key_type: IPV4
  }
  start_time: 1388563202144875
  ip_info {
    last_cached_ttl: 8
    qos: 0
  }
  tcp_info {
    sequence_num: 270
    null_flags: 1
    syn_fin_rst_ack_all_zero: 1
    option_len_bins {
    }
  }
  flow_features {
    packet_count: 1
  }
  end_time: 1388563202144875
}
flow_info {
  key {
    src_address: "\246\360x\315"
    dst_address: "\375;\370\251"
    src_port: 6481
    dst_port: 5617
    proto: 6
    tenant_id: 10
    flow_start_time: 1388563202230590
    key_type: IPV4
  }
  start_time: 1388563202230590
  ip_info {
    qos: 0
  }
  flow_features {
    packet_count: 1
  }
  end_time: 1388563202230590
}
flow_info {
  key {
    src_address: "\364JN+"
    dst_address: "@i?&"
    src_port: 57432
    dst_port: 33499
    proto: 6
    tenant_id: 10
    flow_start_time: 1388563202316305
    key_type: IPV4
  }
  start_time: 1388563202316305
  ip_info {
    last_cached_ttl: 8
    qos: 0
  }
  tcp_info {
    sequence_num: 290
    null_flags: 1
    syn_fin_rst_ack_all_zero: 1
    option_len_bins {
    }
  }
  flow_features {
    packet_count: 1
  }
  end_time: 1388563202316305
}
