flow_info {
  key {
    src_address: "\314w\244\370"
    dst_address: "\221 1\233"
    src_port: 2871
    dst_port: 26854
    proto: 6
    tenant_id: 10
    flow_start_time: 1388563200000000
    key_type: IPV4
  }
  start_time: 1388563200000000
  ip_info {
    last_cached_ttl: 8
    qos: 0
  }
  tcp_info {
    sequence_num: 0
    null_flags: 1
    syn_fin_rst_ack_all_zero: 1
    option_len_bins {
    }
  }
  flow_features {
    packet_count: 1
  }
  end_time: 1388563200000000
}
flow_info {
  key {
    src_address: "m\230\274\267"
    dst_address: "!\013\005\226"
    src_port: 59829
    dst_port: 23393
    proto: 6
    tenant_id: 10
    flow_start_time: 1388563200022654
    key_type: IPV4
  }
  start_time: 1388563200022654
  ip_info {
    qos: 0
  }
  flow_features {
    packet_count: 1
  }
  end_time: 1388563200022654
}
flow_info {
  key {
    src_address: "\320\220\365\236"
    dst_address: "\325\377z\362"
    src_port: 24244
    dst_port: 366
    proto: 6
    tenant_id: 10
    flow_start_time: 1388563200023654
    key_type: IPV4
  }
  start_time: 1388563200023654
  ip_info {
    last_cached_ttl: 8
    qos: 0
  }
  tcp_info {
    sequence_num: 20
    null_flags: 1
    syn_fin_rst_ack_all_zero: 1
    option_len_bins {
    }
  }
  flow_features {
    packet_count: 1
  }
  end_time: 1388563200023654
}
flow_info {
  key {
    src_address: "\314w\244\370"
    dst_address: "\363(\277\350"
    src_port: 26726
    dst_port: 2871
    proto: 6
    tenant_id: 10
    flow_start_time: 1388563200046308
    key_type: IPV4
  }
  start_time: 1388563200046308
  ip_info {
    qos: 0
  }
  flow_features {
    packet_count: 1
  }
  end_time: 1388563200046308
}
flow_info {
  key {
    src_address: "m\230\274\267"
    dst_address: "\213T\327\321"
    src_port: 366
    dst_port: 26710
    proto: 6
    tenant_id: 10
    flow_start_time: 1388563200047308
    key_type: IPV4
  }
  start_time: 1388563200047308
  ip_info {
    last_cached_ttl: 8
    qos: 0
  }
  tcp_info {
    sequence_num: 40
    null_flags: 1
    syn_fin_rst_ack_all_zero: 1
    option_len_bins {
    }
  }
  flow_features {
    packet_count: 1
  }
  end_time: 1388563200047308
}
flow_info {
  key {
    src_address: "\320\220\365\236"
    dst_address: "\221 1\233"
    src_port: 22718
    dst_port: 40217
    proto: 6
    tenant_id: 10
    flow_start_time: 1388563200069962
    key_type: IPV4
  }
  start_time: 1388563200069962
  ip_info {
    qos: 0
  }
  flow_features {
    packet_count: 1
  }
  end_time: 1388563200069962
}
flow_info {
  key {
    src_address: "\314w\244\370"
    dst_address: "!\013\005\226"
    src_port: 19920
    dst_port: 57820
    proto: 6
    tenant_id: 10
    flow_start_time: 1388563200070962
    key_type: IPV4
  }
  start_time: 1388563200070962
  ip_info {
    last_cached_ttl: 8
    qos: 0
  }
  tcp_info {
    sequence_num: 60
    null_flags: 1
    syn_fin_rst_ack_all_zero: 1
    option_len_bins {
    }
  }
  flow_features {
    packet_count: 1
  }
  end_time: 1388563200070962
}
flow_info {
  key {
    src_address: "m\230\274\267"
    dst_address: "\325\377z\362"
    src_port: 2871
    dst_port: 24895
    proto: 6
    tenant_id: 10
    flow_start_time: 1388563200093616
    key_type: IPV4
  }
  start_time: 1388563200093616
  ip_info {
    qos: 0
  }
  flow_features {
    packet_count: 1
  }
  end_time: 1388563200093616
}
flow_info {
  key {
    src_address: "\320\220\365\236"
    dst_address: "\363(\277\350"
    src_port: 59829
    dst_port: 26169
    proto: 6
    tenant_id: 10
    flow_start_time: 1388563200094616
    key_type: IPV4
  }
  start_time: 1388563200094616
  ip_info {
    last_cached_ttl: 8
    qos: 0
  }
  tcp_info {
    sequence_num: 80
    null_flags: 1
    syn_fin_rst_ack_all_zero: 1
    option_len_bins {
    }
  }
  flow_features {
    packet_count: 1
  }
  end_time: 1388563200094616
}
flow_info {
  key {
    src_address: "\314w\244\370"
    dst_address: "\213T\327\321"
    src_port: 24244
    dst_port: 58046
    proto: 6
    tenant_id: 10
    flow_start_time: 1388563200117270
    key_type: IPV4
  }
  start_time: 1388563200117270
  ip_info {
    qos: 0
  }
  flow_features {
    packet_count: 1
  }
  end_time: 1388563200117270
}
