flow_info {
  key {
    src_address: "\001\002\003\000"
    dst_address: "\005\006\007\000"
    src_port: 1561
    dst_port: 222
    proto: 6
    tenant_id: 10
    flow_start_time: 1388563200000000
    key_type: IPV4
  }
  start_time: 1388563200000000
  ip_info {
    last_cached_ttl: 8
    qos: 0
  }
  tcp_info {
    sequence_num: 240
    null_flags: 1
    syn_fin_rst_ack_all_zero: 1
    option_len_bins {
    }
  }
  flow_features {
    packet_count: 3
  }
  end_time: 1388563200050110
}
flow_info {
  key {
    src_address: "\001\002\003\001"
    dst_address: "\005\006\007\001"
    src_port: 1060
    dst_port: 222
    proto: 6
    tenant_id: 20
    flow_start_time: 1388563200000010
    key_type: IPV4
  }
  start_time: 1388563200000010
  ip_info {
    last_cached_ttl: 8
    qos: 0
  }
  tcp_info {
    sequence_num: 250
    null_flags: 1
    syn_fin_rst_ack_all_zero: 1
    option_len_bins {
    }
  }
  flow_features {
    packet_count: 3
  }
  end_time: 1388563200050120
}
flow_info {
  key {
    src_address: "\001\002\003\002"
    dst_address: "\005\006\007\002"
    src_port: 1673
    dst_port: 222
    proto: 6
    tenant_id: 10
    flow_start_time: 1388563200000020
    key_type: IPV4
  }
  start_time: 1388563200000020
  ip_info {
    last_cached_ttl: 8
    qos: 0
  }
  tcp_info {
    sequence_num: 140
    null_flags: 1
    syn_fin_rst_ack_all_zero: 1
    option_len_bins {
    }
  }
  flow_features {
    packet_count: 2
  }
  end_time: 1388563200050010
}
flow_info {
  key {
    src_address: "\001\002\003\003"
    dst_address: "\005\006\007\000"
    src_port: 3418
    dst_port: 222
    proto: 6
    tenant_id: 20
    flow_start_time: 1388563200000030
    key_type: IPV4
  }
  start_time: 1388563200000030
  ip_info {
    last_cached_ttl: 8
    qos: 0
  }
  tcp_info {
    sequence_num: 150
    null_flags: 1
    syn_fin_rst_ack_all_zero: 1
    option_len_bins {
    }
  }
  flow_features {
    packet_count: 2
  }
  end_time: 1388563200050020
}
flow_info {
  key {
    src_address: "\001\002\003\000"
    dst_address: "\005\006\007\001"
    src_port: 323
    dst_port: 222
    proto: 6
    tenant_id: 10
    flow_start_time: 1388563200000040
    key_type: IPV4
  }
  start_time: 1388563200000040
  ip_info {
    last_cached_ttl: 8
    qos: 0
  }
  tcp_info {
    sequence_num: 160
    null_flags: 1
    syn_fin_rst_ack_all_zero: 1
    option_len_bins {
    }
  }
  flow_features {
    packet_count: 2
  }
  end_time: 1388563200050030
}
flow_info {
  key {
    src_address: "\001\002\003\001"
    dst_address: "\005\006\007\002"
    src_port: 3530
    dst_port: 222
    proto: 6
    tenant_id: 20
    flow_start_time: 1388563200000050
    key_type: IPV4
  }
  start_time: 1388563200000050
  ip_info {
    last_cached_ttl: 8
    qos: 0
  }
  tcp_info {
    sequence_num: 170
    null_flags: 1
    syn_fin_rst_ack_all_zero: 1
    option_len_bins {
    }
  }
  flow_features {
    packet_count: 2
  }
  end_time: 1388563200050040
}
flow_info {
  key {
    src_address: "\001\002\003\002"
    dst_address: "\005\006\007\000"
    src_port: 2109
    dst_port: 222
    proto: 6
    tenant_id: 10
    flow_start_time: 1388563200000060
    key_type: IPV4
  }
  start_time: 1388563200000060
  ip_info {
    last_cached_ttl: 8
    qos: 0
  }
  tcp_info {
    sequence_num: 180
    null_flags: 1
    syn_fin_rst_ack_all_zero: 1
    option_len_bins {
    }
  }
  flow_features {
    packet_count: 2
  }
  end_time: 1388563200050050
}
flow_info {
  key {
    src_address: "\001\002\003\003"
    dst_address: "\005\006\007\001"
    src_port: 2560
    dst_port: 222
    proto: 6
    tenant_id: 20
    flow_start_time: 1388563200000070
    key_type: IPV4
  }
  start_time: 1388563200000070
  ip_info {
    last_cached_ttl: 8
    qos: 0
  }
  tcp_info {
    sequence_num: 190
    null_flags: 1
    syn_fin_rst_ack_all_zero: 1
    option_len_bins {
    }
  }
  flow_features {
    packet_count: 2
  }
  end_time: 1388563200050060
}
flow_info {
  key {
    src_address: "\001\002\003\002"
    dst_address: "\005\006\007\002"
    src_port: 1673
    dst_port: 222
    proto: 6
    tenant_id: 10
    flow_start_time: 1388563200000020
    key_type: IPV4
  }
  start_time: 1388563200100000
  ip_info {
    last_cached_ttl: 8
    qos: 0
  }
  tcp_info {
    sequence_num: 500
    null_flags: 1
    syn_fin_rst_ack_all_zero: 1
    option_len_bins {
    }
  }
  flow_features {
    packet_count: 3
  }
  end_time: 1388563200150110
}
flow_info {
  key {
    src_address: "\001\002\003\003"
    dst_address: "\005\006\007\000"
    src_port: 3418
    dst_port: 222
    proto: 6
    tenant_id: 20
    flow_start_time: 1388563200000030
    key_type: IPV4
  }
  start_time: 1388563200100010
  ip_info {
    last_cached_ttl: 8
    qos: 0
  }
  tcp_info {
    sequence_num: 510
    null_flags: 1
    syn_fin_rst_ack_all_zero: 1
    option_len_bins {
    }
  }
  flow_features {
    packet_count: 3
  }
  end_time: 1388563200150120
}
flow_info {
  key {
    src_address: "\001\002\003\000"
    dst_address: "\005\006\007\001"
    src_port: 323
    dst_port: 222
    proto: 6
    tenant_id: 10
    flow_start_time: 1388563200000040
    key_type: IPV4
  }
  start_time: 1388563200100020
  ip_info {
    last_cached_ttl: 8
    qos: 0
  }
  tcp_info {
    sequence_num: 400
    null_flags: 1
    syn_fin_rst_ack_all_zero: 1
    option_len_bins {
    }
  }
  flow_features {
    packet_count: 2
  }
  end_time: 1388563200150010
}
flow_info {
  key {
    src_address: "\001\002\003\001"
    dst_address: "\005\006\007\002"
    src_port: 3530
    dst_port: 222
    proto: 6
    tenant_id: 20
    flow_start_time: 1388563200000050
    key_type: IPV4
  }
  start_time: 1388563200100030
  ip_info {
    last_cached_ttl: 8
    qos: 0
  }
  tcp_info {
    sequence_num: 410
    null_flags: 1
    syn_fin_rst_ack_all_zero: 1
    option_len_bins {
    }
  }
  flow_features {
    packet_count: 2
  }
  end_time: 1388563200150020
}
flow_info {
  key {
    src_address: "\001\002\003\002"
    dst_address: "\005\006\007\000"
    src_port: 2109
    dst_port: 222
    proto: 6
    tenant_id: 10
    flow_start_time: 1388563200000060
    key_type: IPV4
  }
  start_time: 1388563200100040
  ip_info {
    last_cached_ttl: 8
    qos: 0
  }
  tcp_info {
    sequence_num: 420
    null_flags: 1
    syn_fin_rst_ack_all_zero: 1
    option_len_bins {
    }
  }
  flow_features {
    packet_count: 2
  }
  end_time: 1388563200150030
}
flow_info {
  key {
    src_address: "\001\002\003\003"
    dst_address: "\005\006\007\001"
    src_port: 2560
    dst_port: 222
    proto: 6
    tenant_id: 20
    flow_start_time: 1388563200000070
    key_type: IPV4
  }
  start_time: 1388563200100050
  ip_info {
    last_cached_ttl: 8
    qos: 0
  }
  tcp_info {
    sequence_num: 430
    null_flags: 1
    syn_fin_rst_ack_all_zero: 1
    option_len_bins {
    }
  }
  flow_features {
    packet_count: 2
  }
  end_time: 1388563200150040
}
flow_info {
  key {
    src_address: "\001\002\003\000"
    dst_address: "\005\006\007\002"
    src_port: 2221
    dst_port: 222
    proto: 6
    tenant_id: 10
    flow_start_time: 1388563200100060
    key_type: IPV4
  }
  start_time: 1388563200100060
  ip_info {
    last_cached_ttl: 8
    qos: 0
  }
  tcp_info {
    sequence_num: 440
    null_flags: 1
    syn_fin_rst_ack_all_zero: 1
    option_len_bins {
    }
  }
  flow_features {
    packet_count: 2
  }
  end_time: 1388563200150050
}
flow_info {
  key {
    src_address: "\001\002\003\001"
    dst_address: "\005\006\007\000"
    src_port: 894
    dst_port: 222
    proto: 6
    tenant_id: 20
    flow_start_time: 1388563200100070
    key_type: IPV4
  }
  start_time: 1388563200100070
  ip_info {
    last_cached_ttl: 8
    qos: 0
  }
  tcp_info {
    sequence_num: 450
    null_flags: 1
    syn_fin_rst_ack_all_zero: 1
    option_len_bins {
    }
  }
  flow_features {
    packet_count: 2
  }
  end_time: 1388563200150060
}
